1.157118225097656250e+01
9.535689353942871094e+00
1.134079456329345703e+01
1.371290969848632812e+01
1.349503231048583984e+01
1.431553554534912109e+01
1.094727706909179688e+01
9.364627838134765625e+00
9.991003036499023438e+00
1.078969001770019531e+01
1.074893760681152344e+01
9.089969635009765625e+00
9.787940025329589844e+00
1.190787124633789062e+01
1.273802280426025391e+01
1.320415687561035156e+01
9.272378921508789062e+00
1.100375747680664062e+01
1.005788326263427734e+01
6.694681644439697266e+00
6.875881671905517578e+00
9.154014587402343750e+00
1.156203269958496094e+01
1.330339241027832031e+01
1.213996887207031250e+01
1.400572681427001953e+01
1.209623908996582031e+01
1.351756477355957031e+01
1.386347103118896484e+01
1.595702934265136719e+01
1.685668754577636719e+01
1.546167373657226562e+01
1.675823593139648438e+01
1.139877128601074219e+01
1.211641216278076172e+01
1.317489242553710938e+01
1.415392017364501953e+01
1.033941173553466797e+01
1.278892517089843750e+01
1.409697914123535156e+01
1.120409584045410156e+01
1.121998310089111328e+01
1.600146484375000000e+01
1.161166381835937500e+01
1.926090621948242188e+01
2.125548171997070312e+01
1.666729545593261719e+01
1.252560710906982422e+01
1.325720405578613281e+01
1.911746978759765625e+01
1.318770313262939453e+01
1.662417411804199219e+01
1.839156723022460938e+01
2.071892166137695312e+01
1.634354019165039062e+01
2.179113006591796875e+01
1.677740669250488281e+01
1.697457885742187500e+01
1.674306106567382812e+01
1.564161014556884766e+01
1.201260948181152344e+01
1.288782691955566406e+01
1.458162117004394531e+01
1.331040477752685547e+01
1.249140167236328125e+01
1.295590782165527344e+01
9.756899833679199219e+00
1.056285285949707031e+01
1.335377216339111328e+01
1.116888999938964844e+01
9.141811370849609375e+00
1.444484519958496094e+01
1.679210662841796875e+01
1.174387168884277344e+01
1.111052703857421875e+01
1.129303455352783203e+01
1.345670223236083984e+01
1.718958282470703125e+01
1.331732177734375000e+01
1.436685180664062500e+01
1.396082115173339844e+01
2.015629196166992188e+01
1.174496650695800781e+01
1.395482254028320312e+01
1.441886329650878906e+01
1.996777343750000000e+01
1.412633609771728516e+01
1.710356330871582031e+01
1.331787109375000000e+01
1.127439498901367188e+01
1.069332504272460938e+01
1.116298675537109375e+01
1.081684494018554688e+01
1.012577533721923828e+01
9.615877151489257812e+00
1.303933620452880859e+01
1.299761962890625000e+01
1.217467498779296875e+01
1.336638450622558594e+01
1.238269042968750000e+01
1.260619354248046875e+01
1.195032787322998047e+01
1.270189476013183594e+01
1.184412002563476562e+01
1.293532276153564453e+01
1.115336608886718750e+01
1.010547065734863281e+01
1.097296714782714844e+01
1.106334590911865234e+01
1.634229278564453125e+01
1.001555156707763672e+01
9.030016899108886719e+00
1.308271598815917969e+01
1.265861701965332031e+01
1.221959114074707031e+01
1.178098583221435547e+01
1.291273021697998047e+01
1.236755943298339844e+01
1.655397796630859375e+01
1.295393753051757812e+01
1.268098449707031250e+01
1.194634628295898438e+01
1.100624465942382812e+01
1.057455635070800781e+01
1.016795921325683594e+01
1.031130790710449219e+01
1.080378055572509766e+01
1.429830169677734375e+01
1.267025375366210938e+01
1.302995204925537109e+01
1.582679557800292969e+01
1.319342136383056641e+01
1.441213321685791016e+01
1.171518230438232422e+01
1.261566734313964844e+01
1.606624984741210938e+01
1.334062480926513672e+01
1.595999813079833984e+01
1.469248676300048828e+01
1.520604705810546875e+01
1.769829559326171875e+01
1.479634380340576172e+01
1.337942600250244141e+01
1.360468101501464844e+01
1.604192352294921875e+01
1.409901046752929688e+01
1.385729980468750000e+01
1.586716747283935547e+01
1.334615898132324219e+01
1.411935329437255859e+01
1.597298431396484375e+01
1.143230819702148438e+01
1.168819808959960938e+01
1.285370159149169922e+01
1.419324398040771484e+01
1.799794769287109375e+01
1.310466766357421875e+01
1.202623271942138672e+01
1.211047172546386719e+01
1.191370487213134766e+01
1.007184505462646484e+01
1.096149635314941406e+01
1.055358219146728516e+01
1.512893962860107422e+01
1.174241828918457031e+01
1.359053611755371094e+01
9.305500030517578125e+00
9.390888214111328125e+00
9.717326164245605469e+00
9.540357589721679688e+00
1.096863079071044922e+01
7.919550418853759766e+00
1.011947059631347656e+01
9.675765037536621094e+00
1.314334106445312500e+01
1.048881340026855469e+01
1.168308448791503906e+01
1.152059936523437500e+01
1.376806068420410156e+01
1.206632614135742188e+01
1.280765151977539062e+01
1.010550880432128906e+01
1.117400074005126953e+01
1.056840896606445312e+01
1.166866207122802734e+01
1.349757003784179688e+01
1.254293060302734375e+01
1.320722961425781250e+01
9.580266952514648438e+00
1.441886234283447266e+01
1.636451339721679688e+01
1.438852024078369141e+01
1.438389968872070312e+01
1.346703529357910156e+01
1.795015525817871094e+01
1.693160057067871094e+01
1.934761810302734375e+01
1.725466918945312500e+01
1.560029315948486328e+01
1.427145195007324219e+01
6.709786891937255859e+00
9.207449913024902344e+00
1.041962814331054688e+01
1.222258377075195312e+01
1.458022975921630859e+01
9.025197029113769531e+00
1.296354103088378906e+01
1.221409797668457031e+01
1.514755439758300781e+01
1.062707233428955078e+01
1.302232170104980469e+01
1.162977313995361328e+01
1.019580364227294922e+01
1.000054359436035156e+01
8.311022758483886719e+00
9.038171768188476562e+00
7.802550792694091797e+00
7.755143642425537109e+00
8.884508132934570312e+00
7.074860095977783203e+00
6.622972488403320312e+00
7.861448764801025391e+00
6.494615077972412109e+00
8.080941200256347656e+00
6.275982856750488281e+00
7.956668376922607422e+00
8.242059707641601562e+00
8.448390960693359375e+00
7.949444293975830078e+00
8.846155166625976562e+00
7.362750530242919922e+00
7.504988670349121094e+00
9.244874954223632812e+00
1.145112895965576172e+01
7.098358631134033203e+00
1.187218666076660156e+01
7.955242633819580078e+00
1.325463867187500000e+01
1.388744926452636719e+01
6.922031879425048828e+00
8.954174041748046875e+00
8.287328720092773438e+00
1.224937152862548828e+01
9.037059783935546875e+00
7.616185665130615234e+00
1.076184844970703125e+01
7.404067516326904297e+00
8.447982788085937500e+00
7.759595394134521484e+00
8.647893905639648438e+00
7.771003246307373047e+00
8.090890884399414062e+00
8.033975601196289062e+00
8.603505134582519531e+00
7.406923770904541016e+00
7.229554653167724609e+00
6.807357788085937500e+00
7.056457042694091797e+00
7.232635974884033203e+00
1.133943271636962891e+01
9.789794921875000000e+00
1.021507072448730469e+01
1.010671234130859375e+01
9.797679901123046875e+00
8.741788864135742188e+00
1.105562114715576172e+01
1.096951580047607422e+01
9.627561569213867188e+00
9.402462005615234375e+00
8.483894348144531250e+00
8.831495285034179688e+00
1.026348495483398438e+01
9.356452941894531250e+00
8.545753479003906250e+00
9.013335227966308594e+00
9.528455734252929688e+00
8.914474487304687500e+00
7.965503215789794922e+00
9.407726287841796875e+00
7.150470733642578125e+00
7.391755580902099609e+00
7.605201244354248047e+00
8.967563629150390625e+00
8.953674316406250000e+00
8.995392799377441406e+00
1.077867794036865234e+01
1.135308265686035156e+01
8.540050506591796875e+00
9.991505622863769531e+00
1.184039688110351562e+01
1.002756500244140625e+01
8.524558067321777344e+00
9.070157051086425781e+00
8.817652702331542969e+00
1.063568782806396484e+01
9.794865608215332031e+00
9.420822143554687500e+00
1.061732482910156250e+01
9.596330642700195312e+00
9.253753662109375000e+00
1.028252410888671875e+01
7.462453365325927734e+00
7.290730476379394531e+00
7.929563999176025391e+00
9.121342658996582031e+00
1.197183704376220703e+01
1.068104171752929688e+01
9.742026329040527344e+00
9.195749282836914062e+00
9.646148681640625000e+00
8.199762344360351562e+00
8.630045890808105469e+00
7.501310348510742188e+00
7.744094371795654297e+00
6.958111763000488281e+00
9.242617607116699219e+00
9.342462539672851562e+00
8.851135253906250000e+00
9.123433113098144531e+00
8.331115722656250000e+00
9.215408325195312500e+00
9.428634643554687500e+00
9.147707939147949219e+00
8.370886802673339844e+00
7.226747989654541016e+00
8.782464027404785156e+00
9.493022918701171875e+00
7.864309787750244141e+00
8.174795150756835938e+00
7.368680953979492188e+00
8.662879943847656250e+00
6.419190406799316406e+00
5.519116878509521484e+00
5.856154918670654297e+00
7.882833957672119141e+00
6.997450828552246094e+00
7.558502674102783203e+00
7.946779251098632812e+00
7.857616901397705078e+00
7.638045787811279297e+00
8.598267555236816406e+00
6.815483570098876953e+00
6.719063282012939453e+00
6.967602252960205078e+00
8.351610183715820312e+00
7.431006431579589844e+00
7.512190341949462891e+00
7.297889709472656250e+00
8.213022232055664062e+00
7.631004810333251953e+00
6.798389911651611328e+00
6.864232540130615234e+00
7.046014308929443359e+00
7.394699573516845703e+00
7.299266338348388672e+00
7.906851291656494141e+00
8.190052032470703125e+00
8.418506622314453125e+00
7.769836902618408203e+00
7.456663608551025391e+00
7.313094615936279297e+00
7.689454555511474609e+00
7.514139652252197266e+00
8.941927909851074219e+00
8.198123931884765625e+00
8.057071685791015625e+00
8.274912834167480469e+00
7.968783378601074219e+00
8.936651229858398438e+00
7.790976047515869141e+00
8.137426376342773438e+00
7.667732715606689453e+00
7.436563014984130859e+00
7.351864814758300781e+00
6.947323322296142578e+00
7.148212909698486328e+00
6.796181201934814453e+00
1.098336029052734375e+01
1.016200828552246094e+01
1.127181911468505859e+01
7.878559589385986328e+00
7.012333393096923828e+00
1.071857643127441406e+01
1.406043624877929688e+01
1.333177757263183594e+01
1.554758167266845703e+01
1.629203987121582031e+01
1.739337539672851562e+01
1.996416473388671875e+01
2.172224044799804688e+01
2.496107101440429688e+01
2.357171630859375000e+01
2.317856407165527344e+01
2.284613227844238281e+01
1.401372432708740234e+01
1.372473526000976562e+01
1.334407043457031250e+01
1.493205165863037109e+01
1.095144653320312500e+01
8.039346694946289062e+00
6.873018264770507812e+00
8.502860069274902344e+00
1.084098434448242188e+01
1.078998565673828125e+01
1.656856155395507812e+01
1.878997611999511719e+01
1.734746551513671875e+01
1.487229347229003906e+01
1.930324554443359375e+01
2.166947746276855469e+01
2.381707954406738281e+01
2.330585098266601562e+01
2.803543090820312500e+01
2.670873641967773438e+01
1.926363372802734375e+01
8.169097900390625000e+00
8.750871658325195312e+00
1.601934814453125000e+01
1.556714439392089844e+01
1.474968147277832031e+01
1.930288696289062500e+01
2.304733276367187500e+01
2.333765029907226562e+01
1.963355064392089844e+01
1.887231636047363281e+01
1.939273834228515625e+01
1.569590187072753906e+01
1.487068176269531250e+01
1.278704166412353516e+01
1.919388008117675781e+01
1.470227050781250000e+01
1.465891075134277344e+01
1.271899223327636719e+01
1.175958251953125000e+01
1.533650207519531250e+01
1.400067329406738281e+01
1.357144546508789062e+01
1.465306854248046875e+01
1.404350280761718750e+01
1.590526199340820312e+01
1.643979644775390625e+01
1.638803672790527344e+01
2.653220748901367188e+01
2.684515190124511719e+01
1.447219753265380859e+01
9.634851455688476562e+00
1.323704433441162109e+01
1.429037475585937500e+01
2.439725112915039062e+01
2.933348655700683594e+01
2.662091445922851562e+01
2.417594146728515625e+01
2.247194290161132812e+01
1.917244720458984375e+01
1.339747524261474609e+01
1.790411758422851562e+01
1.890671920776367188e+01
7.738890171051025391e+00
5.578100681304931641e+00
1.544777870178222656e+01
1.804597473144531250e+01
1.509620189666748047e+01
8.177924156188964844e+00
1.113233566284179688e+01
1.321858787536621094e+01
1.883182334899902344e+01
1.639240837097167969e+01
1.759351348876953125e+01
1.921845245361328125e+01
2.375460815429687500e+01
2.004390907287597656e+01
2.188957214355468750e+01
2.169850730895996094e+01
1.565387916564941406e+01
1.810588073730468750e+01
1.490660762786865234e+01
1.644872665405273438e+01
1.547527503967285156e+01
1.665924835205078125e+01
1.368873596191406250e+01
1.497308921813964844e+01
1.494740295410156250e+01
1.071419525146484375e+01
1.150943374633789062e+01
1.398929023742675781e+01
1.557687187194824219e+01
1.682338333129882812e+01
1.361796951293945312e+01
1.536723136901855469e+01
1.696501350402832031e+01
1.302224731445312500e+01
1.799653244018554688e+01
1.774929428100585938e+01
1.494928359985351562e+01
1.137067794799804688e+01
1.275482368469238281e+01
1.315910911560058594e+01
1.257942390441894531e+01
1.398552417755126953e+01
1.228812408447265625e+01
1.072642517089843750e+01
8.045060157775878906e+00
1.520331954956054688e+01
1.090726661682128906e+01
8.499945640563964844e+00
9.537022590637207031e+00
9.789976119995117188e+00
8.890670776367187500e+00
8.970494270324707031e+00
9.617542266845703125e+00
1.085663509368896484e+01
8.985666275024414062e+00
9.262222290039062500e+00
1.045563793182373047e+01
1.105651950836181641e+01
1.032817173004150391e+01
8.259277343750000000e+00
9.374347686767578125e+00
6.445808887481689453e+00
9.245010375976562500e+00
7.708750247955322266e+00
1.010110855102539062e+01
8.533557891845703125e+00
7.992445468902587891e+00
1.167700481414794922e+01
9.630089759826660156e+00
1.063717269897460938e+01
1.192582130432128906e+01
1.113490104675292969e+01
1.183893585205078125e+01
1.376465034484863281e+01
1.581919479370117188e+01
1.212758636474609375e+01
1.353589057922363281e+01
1.320172691345214844e+01
1.177556610107421875e+01
1.256209850311279297e+01
1.175867843627929688e+01
1.150995635986328125e+01
1.031612205505371094e+01
1.083812046051025391e+01
1.058364582061767578e+01
9.945455551147460938e+00
1.081670379638671875e+01
1.027630424499511719e+01
8.541109085083007812e+00
1.120496368408203125e+01
1.032130432128906250e+01
9.521629333496093750e+00
1.111393165588378906e+01
1.253364181518554688e+01
1.385497665405273438e+01
1.170672416687011719e+01
1.045571041107177734e+01
1.008364105224609375e+01
9.785211563110351562e+00
1.119334411621093750e+01
1.506475639343261719e+01
1.049128055572509766e+01
1.134082984924316406e+01
1.061442661285400391e+01
1.238924980163574219e+01
1.027230739593505859e+01
1.210617446899414062e+01
1.184689521789550781e+01
1.160327339172363281e+01
9.090431213378906250e+00
1.300024414062500000e+01
1.237550640106201172e+01
1.271562385559082031e+01
1.191210460662841797e+01
1.182054710388183594e+01
1.548748683929443359e+01
1.326814270019531250e+01
1.340171337127685547e+01
1.162548637390136719e+01
9.877719879150390625e+00
1.317842674255371094e+01
1.105426406860351562e+01
9.356373786926269531e+00
7.936285972595214844e+00
9.915084838867187500e+00
1.164721298217773438e+01
8.573333740234375000e+00
1.087739944458007812e+01
1.095038127899169922e+01
1.082717132568359375e+01
9.910390853881835938e+00
9.685795783996582031e+00
1.497889900207519531e+01
1.199475097656250000e+01
1.717436981201171875e+01
1.211730480194091797e+01
1.608863639831542969e+01
1.693002891540527344e+01
1.359481811523437500e+01
1.280334568023681641e+01
8.418999671936035156e+00
1.185446548461914062e+01
1.366250610351562500e+01
1.062979507446289062e+01
8.572793960571289062e+00
1.051271724700927734e+01
1.071858024597167969e+01
8.464048385620117188e+00
1.022605705261230469e+01
8.616474151611328125e+00
8.640773773193359375e+00
7.104984760284423828e+00
8.330036163330078125e+00
7.734017372131347656e+00
9.819263458251953125e+00
7.620197296142578125e+00
8.368933677673339844e+00
8.244483947753906250e+00
7.525974750518798828e+00
8.794948577880859375e+00
6.656069755554199219e+00
8.764575004577636719e+00
7.786304473876953125e+00
7.279930114746093750e+00
8.422583580017089844e+00
6.770248889923095703e+00
8.239901542663574219e+00
7.137090682983398438e+00
7.565870761871337891e+00
5.085827827453613281e+00
7.881796836853027344e+00
6.105619907379150391e+00
5.380647659301757812e+00
6.576601505279541016e+00
8.073183059692382812e+00
6.322415828704833984e+00
9.037036895751953125e+00
6.288482189178466797e+00
7.371741771697998047e+00
8.647232055664062500e+00
8.909002304077148438e+00
7.782309055328369141e+00
7.325233936309814453e+00
8.215190887451171875e+00
6.760984897613525391e+00
6.033580780029296875e+00
9.029479026794433594e+00
7.053722858428955078e+00
6.842002391815185547e+00
7.523939609527587891e+00
7.457634925842285156e+00
8.197315216064453125e+00
5.944574356079101562e+00
9.002939224243164062e+00
6.506620883941650391e+00
5.685422897338867188e+00
4.416572093963623047e+00
7.051113605499267578e+00
5.721306324005126953e+00
5.682541370391845703e+00
4.385957717895507812e+00
5.213623046875000000e+00
4.795797824859619141e+00
7.288075923919677734e+00
4.017783641815185547e+00
4.507241725921630859e+00
6.292879581451416016e+00
7.577480316162109375e+00
5.636357784271240234e+00
6.234912872314453125e+00
5.687551975250244141e+00
4.266807556152343750e+00
5.438827991485595703e+00
7.112501621246337891e+00
5.256300449371337891e+00
6.320951461791992188e+00
6.719316005706787109e+00
7.553357124328613281e+00
5.707259654998779297e+00
5.433524608612060547e+00
5.660960197448730469e+00
6.245584011077880859e+00
6.080629348754882812e+00
6.096617221832275391e+00
7.617811203002929688e+00
5.663280963897705078e+00
6.762702941894531250e+00
8.700703620910644531e+00
6.641158580780029297e+00
7.777337074279785156e+00
8.911767959594726562e+00
8.531337738037109375e+00
1.018069362640380859e+01
8.771519660949707031e+00
1.032106494903564453e+01
1.499411392211914062e+01
1.112020683288574219e+01
1.006371402740478516e+01
1.173876571655273438e+01
1.196949195861816406e+01
1.250459671020507812e+01
9.159631729125976562e+00
1.038669776916503906e+01
1.312299346923828125e+01
9.443981170654296875e+00
8.553808212280273438e+00
1.041272354125976562e+01
1.142690753936767578e+01
1.065300178527832031e+01
9.920997619628906250e+00
8.234108924865722656e+00
8.599815368652343750e+00
1.173726940155029297e+01
1.000788974761962891e+01
1.102155017852783203e+01
1.050327301025390625e+01
8.194311141967773438e+00
1.273838806152343750e+01
1.052448844909667969e+01
1.181142234802246094e+01
1.231131744384765625e+01
1.492908477783203125e+01
1.772245788574218750e+01
1.891380500793457031e+01
1.996826553344726562e+01
1.943243217468261719e+01
2.014388656616210938e+01
1.982546997070312500e+01
1.811774444580078125e+01
2.085798263549804688e+01
2.055297279357910156e+01
1.817142295837402344e+01
1.585792541503906250e+01
1.735579109191894531e+01
1.509859085083007812e+01
1.238143539428710938e+01
1.495983886718750000e+01
1.068270301818847656e+01
1.054811096191406250e+01
1.155703735351562500e+01
9.120026588439941406e+00
9.431270599365234375e+00
7.637865543365478516e+00
1.175747966766357422e+01
1.299677467346191406e+01
1.426903724670410156e+01
1.848509216308593750e+01
1.803902053833007812e+01
1.890034866333007812e+01
1.971834945678710938e+01
1.769109535217285156e+01
1.523185253143310547e+01
1.068638038635253906e+01
1.390133380889892578e+01
1.486695003509521484e+01
1.386371040344238281e+01
1.288603210449218750e+01
1.253360366821289062e+01
1.245911216735839844e+01
1.198744583129882812e+01
1.276429843902587891e+01
1.347811985015869141e+01
1.386599445343017578e+01
1.479036331176757812e+01
1.477804660797119141e+01
1.403266716003417969e+01
1.230311203002929688e+01
1.237379455566406250e+01
8.175346374511718750e+00
1.247554683685302734e+01
1.153556537628173828e+01
1.374798679351806641e+01
1.365628814697265625e+01
1.652912139892578125e+01
1.618314743041992188e+01
1.791535377502441406e+01
2.002851867675781250e+01
1.807334709167480469e+01
1.947766113281250000e+01
2.025976562500000000e+01
2.206064605712890625e+01
2.322806167602539062e+01
2.031433677673339844e+01
1.387897682189941406e+01
7.727870941162109375e+00
1.877423286437988281e+00
7.045052528381347656e+00
6.773861408233642578e+00
5.795418262481689453e+00
9.946960449218750000e+00
6.768129825592041016e+00
8.375156402587890625e+00
9.621801376342773438e+00
1.679641723632812500e+01
1.829978370666503906e+01
2.214358139038085938e+01
2.417225265502929688e+01
2.631995773315429688e+01
2.247386169433593750e+01
2.096451187133789062e+01
1.716468811035156250e+01
1.234850406646728516e+01
1.543252182006835938e+01
1.438614082336425781e+01
1.602884674072265625e+01
1.552899742126464844e+01
9.226299285888671875e+00
9.093107223510742188e+00
-3.890578508377075195e+00
-1.555116176605224609e+00
1.954238057136535645e+00
3.115871429443359375e+00
9.375627517700195312e+00
1.478214073181152344e+01
9.179231643676757812e+00
1.300713825225830078e+01
1.807131385803222656e+01
1.690229415893554688e+01
1.588996505737304688e+01
1.329632472991943359e+01
1.353691387176513672e+01
1.207194519042968750e+01
9.614712715148925781e+00
1.132193660736083984e+01
1.408570098876953125e+01
1.492913818359375000e+01
1.795893096923828125e+01
1.898699378967285156e+01
2.149747276306152344e+01
2.237310600280761719e+01
2.330340576171875000e+01
1.981504440307617188e+01
1.865266418457031250e+01
1.712320137023925781e+01
1.504965972900390625e+01
1.303847122192382812e+01
1.145895576477050781e+01
9.751431465148925781e+00
7.944728851318359375e+00
6.821596622467041016e+00
7.195065975189208984e+00
7.312126636505126953e+00
6.769453048706054688e+00
6.015861511230468750e+00
6.394624233245849609e+00
7.004039287567138672e+00
6.781614780426025391e+00
7.191468715667724609e+00
6.617527961730957031e+00
6.757318973541259766e+00
5.844637393951416016e+00
4.971200466156005859e+00
4.349521636962890625e+00
4.850949287414550781e+00
5.066840648651123047e+00
5.344207286834716797e+00
5.926281929016113281e+00
6.154325962066650391e+00
7.714834690093994141e+00
7.680800437927246094e+00
7.490617275238037109e+00
7.118107318878173828e+00
8.188968658447265625e+00
7.687529563903808594e+00
7.595582008361816406e+00
7.988462924957275391e+00
9.720071792602539062e+00
7.640986442565917969e+00
7.926136493682861328e+00
8.320369720458984375e+00
8.439573287963867188e+00
8.970959663391113281e+00
8.705547332763671875e+00
9.500744819641113281e+00
8.817577362060546875e+00
9.310788154602050781e+00
9.107101440429687500e+00
9.154246330261230469e+00
9.438503265380859375e+00
8.284341812133789062e+00
7.568003177642822266e+00
8.369697570800781250e+00
7.836909294128417969e+00
9.658853530883789062e+00
7.593114376068115234e+00
8.304885864257812500e+00
1.017098999023437500e+01
8.199751853942871094e+00
8.409214019775390625e+00
8.468069076538085938e+00
8.602229118347167969e+00
9.856925964355468750e+00
9.385628700256347656e+00
8.369239807128906250e+00
7.985245227813720703e+00
9.533479690551757812e+00
9.770029067993164062e+00
8.469722747802734375e+00
8.562500000000000000e+00
7.934578418731689453e+00
7.228559970855712891e+00
9.048666000366210938e+00
9.953264236450195312e+00
9.392477035522460938e+00
9.022125244140625000e+00
9.391792297363281250e+00
8.984206199645996094e+00
8.604661941528320312e+00
7.738113880157470703e+00
8.383797645568847656e+00
9.344438552856445312e+00
9.197072982788085938e+00
8.129587173461914062e+00
9.808604240417480469e+00
9.135170936584472656e+00
7.813644409179687500e+00
7.841462612152099609e+00
8.305545806884765625e+00
9.208551406860351562e+00
1.068253898620605469e+01
9.454671859741210938e+00
1.054289817810058594e+01
1.152920722961425781e+01
9.996891021728515625e+00
9.640436172485351562e+00
1.166665840148925781e+01
1.059696960449218750e+01
1.163147640228271484e+01
9.169987678527832031e+00
8.605839729309082031e+00
9.796336174011230469e+00
9.400856018066406250e+00
1.061935043334960938e+01
1.293805599212646484e+01
1.325366020202636719e+01
9.699128150939941406e+00
6.906742572784423828e+00
1.007320976257324219e+01
9.580801963806152344e+00
8.594389915466308594e+00
1.105313682556152344e+01
9.553654670715332031e+00
9.943747520446777344e+00
8.617891311645507812e+00
9.578448295593261719e+00
7.474111557006835938e+00
8.337869644165039062e+00
7.829353332519531250e+00
8.468053817749023438e+00
6.945430278778076172e+00
7.762380123138427734e+00
7.791809558868408203e+00
9.757614135742187500e+00
1.329185867309570312e+01
1.053783416748046875e+01
1.164448738098144531e+01
7.333203792572021484e+00
8.333129882812500000e+00
1.061351203918457031e+01
1.023133182525634766e+01
1.182667732238769531e+01
1.059770584106445312e+01
1.179477882385253906e+01
1.063845634460449219e+01
1.083186054229736328e+01
1.063431739807128906e+01
1.098419475555419922e+01
8.911097526550292969e+00
8.731733322143554688e+00
7.931509971618652344e+00
8.947735786437988281e+00
1.361059856414794922e+01
9.545282363891601562e+00
1.188230609893798828e+01
1.072090721130371094e+01
1.049536418914794922e+01
1.081481075286865234e+01
7.431060314178466797e+00
9.769052505493164062e+00
1.029069519042968750e+01
1.838264465332031250e+01
1.059259319305419922e+01
1.077112197875976562e+01
1.311057662963867188e+01
1.017960834503173828e+01
1.124872016906738281e+01
1.179268074035644531e+01
8.230516433715820312e+00
1.198335647583007812e+01
1.158529090881347656e+01
1.294746971130371094e+01
1.734254837036132812e+01
1.273159027099609375e+01
1.151652908325195312e+01
1.900416946411132812e+01
9.970933914184570312e+00
1.801661491394042969e+01
1.821297073364257812e+01
1.258853149414062500e+01
1.301126289367675781e+01
1.492424106597900391e+01
1.560060119628906250e+01
1.645446395874023438e+01
1.359370040893554688e+01
1.700195693969726562e+01
8.718473434448242188e+00
1.184511566162109375e+01
9.902168273925781250e+00
1.556454849243164062e+01
1.397057914733886719e+01
9.451378822326660156e+00
1.055789756774902344e+01
8.206949234008789062e+00
6.579508304595947266e+00
1.168812561035156250e+01
2.061094665527343750e+01
7.181005477905273438e+00
5.761651992797851562e+00
4.892505645751953125e+00
4.225547790527343750e+00
5.464840412139892578e+00
6.257970333099365234e+00
5.301304817199707031e+00
7.052281856536865234e+00
6.842956066131591797e+00
8.127057075500488281e+00
5.406168937683105469e+00
7.889974117279052734e+00
4.862103939056396484e+00
7.643442153930664062e+00
6.764876842498779297e+00
7.678829669952392578e+00
4.916832447052001953e+00
4.658560752868652344e+00
5.829893589019775391e+00
6.546854496002197266e+00
4.353057384490966797e+00
5.967731952667236328e+00
3.758141040802001953e+00
7.276515483856201172e+00
7.408055782318115234e+00
8.109261512756347656e+00
5.047055721282958984e+00
4.566855907440185547e+00
6.060490131378173828e+00
5.978827953338623047e+00
8.158086776733398438e+00
6.583242893218994141e+00
5.238258361816406250e+00
7.817710399627685547e+00
8.019601821899414062e+00
6.883249759674072266e+00
9.958072662353515625e+00
8.190778732299804688e+00
9.189262390136718750e+00
1.161677455902099609e+01
9.045896530151367188e+00
2.042716979980468750e+01
7.486980915069580078e+00
9.281471252441406250e+00
9.114185333251953125e+00
6.603214740753173828e+00
5.190087795257568359e+00
4.789852619171142578e+00
4.641728878021240234e+00
6.241158962249755859e+00
6.624867916107177734e+00
7.047622203826904297e+00
8.110054016113281250e+00
7.623521327972412109e+00
6.797984123229980469e+00
8.246473312377929688e+00
6.850710391998291016e+00
4.549724102020263672e+00
3.644862651824951172e+00
3.672508001327514648e+00
3.724022388458251953e+00
4.770013332366943359e+00
3.765944004058837891e+00
7.284137725830078125e+00
6.233000755310058594e+00
7.701650142669677734e+00
1.663267898559570312e+01
1.329335975646972656e+01
4.603333473205566406e+00
2.629479408264160156e+00
2.972984313964843750e+01
2.917368125915527344e+01
1.824674224853515625e+01
2.099948692321777344e+01
7.027711391448974609e+00
1.063551998138427734e+01
1.850273132324218750e+01
2.587715530395507812e+01
1.420629310607910156e+01
7.590818405151367188e+00
4.045104026794433594e+00
1.932679176330566406e+01
2.305233001708984375e+01
1.654975891113281250e+01
9.341438293457031250e+00
6.404896259307861328e+00
8.517599105834960938e+00
4.007104396820068359e+00
3.299097537994384766e+00
3.108879089355468750e+00
1.836247801780700684e+00
1.989638566970825195e+00
1.128098368644714355e+00
1.180400848388671875e+00
1.333941102027893066e+00
1.437220096588134766e+00
1.277573585510253906e+00
1.182966709136962891e+00
9.019535183906555176e-01
7.952830791473388672e-01
1.159654259681701660e+00
7.200614809989929199e-01
4.534074664115905762e-01
6.865742802619934082e-01
5.327501893043518066e-01
5.390436053276062012e-01
4.334146380424499512e-01
1.928335726261138916e-01
4.352839291095733643e-01
8.683407306671142578e-02
4.369516372680664062e-01
2.793022990226745605e-01
7.399979233741760254e-01
5.321689248085021973e-01
2.081911265850067139e-01
4.546211659908294678e-01
4.091020822525024414e-01
3.027925193309783936e-01
2.547073662281036377e-01
8.565520048141479492e-01
4.813489913940429688e-01
1.594300508499145508e+00
3.507950007915496826e-01
5.435098409652709961e-01
4.829292893409729004e-01
7.594677805900573730e-01
3.750854730606079102e-01
7.220701575279235840e-01
3.091619610786437988e-01
9.424785971641540527e-01
7.666923403739929199e-01
2.242269217967987061e-01
3.087166547775268555e-01
5.213359594345092773e-01
2.617676556110382080e-01
2.531230449676513672e-01
6.646998524665832520e-01
2.797505855560302734e+00
3.303862094879150391e+00
-5.872944355010986328e+00
5.604551792144775391e+00
4.134695827960968018e-01
2.820535659790039062e+00
3.070679664611816406e+00
2.149955558776855469e+01
9.490629196166992188e+00
5.763367176055908203e+00
1.084316444396972656e+01
2.068393898010253906e+01
1.126614189147949219e+01
1.166954231262207031e+01
3.890850782394409180e+00
3.815409183502197266e+00
9.051328659057617188e+00
8.947352409362792969e+00
3.689923524856567383e+00
1.043262004852294922e+01
8.315295219421386719e+00
2.965342044830322266e+00
3.526430130004882812e+00
3.826599597930908203e+00
1.333085727691650391e+01
1.780495643615722656e+01
1.372014999389648438e+01
8.422509193420410156e+00
7.026244163513183594e+00
2.740814208984375000e+00
1.149882221221923828e+01
1.050708580017089844e+01
1.050867462158203125e+01
1.653932380676269531e+01
1.995605468750000000e+01
1.609759140014648438e+01
1.861500167846679688e+01
1.437479782104492188e+01
1.066348266601562500e+01
4.124541759490966797e+00
2.786867856979370117e+00
3.697066307067871094e+00
1.287040472030639648e+00
1.211693406105041504e+00
2.986148357391357422e+00
1.163443326950073242e+00
1.410701632499694824e+00
8.767319917678833008e-01
6.296722888946533203e-01
2.115629673004150391e+00
1.537111759185791016e+00
1.382603168487548828e+00
3.111132144927978516e+00
1.751565575599670410e+00
2.879076719284057617e+00
4.786416530609130859e+00
1.932672500610351562e+00
5.645771503448486328e+00
1.931229972839355469e+01
1.892908477783203125e+01
1.391584777832031250e+01
2.724137878417968750e+01
1.229527759552001953e+01
5.023202419281005859e+00
2.147243499755859375e+00
1.627314758300781250e+01
1.402470207214355469e+01
1.779784965515136719e+01
2.277883911132812500e+01
1.937427330017089844e+01
1.438892555236816406e+01
1.209504699707031250e+01
9.305047988891601562e+00
6.918999195098876953e+00
4.226472377777099609e+00
1.217022418975830078e+00
3.938178539276123047e+00
4.114104509353637695e-01
6.417121887207031250e+00
1.200786590576171875e+01
6.236129283905029297e+00
1.303088760375976562e+01
8.067145347595214844e+00
5.304282307624816895e-01
5.759015083312988281e+00
1.585206031799316406e+01
1.027513217926025391e+01
1.492009735107421875e+01
8.028619766235351562e+00
1.397942543029785156e+01
1.676040267944335938e+01
1.405848884582519531e+01
1.068282890319824219e+01
1.087918853759765625e+01
1.512165069580078125e+01
1.900084495544433594e+01
2.793391036987304688e+01
9.361314773559570312e+00
2.306716442108154297e+00
8.590103983879089355e-01
1.795764350891113281e+01
1.284206581115722656e+01
2.055044937133789062e+01
1.900308227539062500e+01
8.598640441894531250e+00
9.912495613098144531e+00
5.316496372222900391e+00
5.817732810974121094e+00
3.252322673797607422e+00
2.401674985885620117e+00
2.218259334564208984e+00
1.982362151145935059e+00
9.458186030387878418e-01
1.345270395278930664e+00
2.808448791503906250e+00
2.032237291336059570e+00
3.691090941429138184e-01
7.099036693572998047e+00
-6.166118979454040527e-01
6.000483036041259766e+00
-3.020313754677772522e-02
4.671887874603271484e+00
1.075596427917480469e+01
8.744327545166015625e+00
1.468577027320861816e+00
1.916462182998657227e+00
3.966262817382812500e+00
1.350876998901367188e+01
8.380603790283203125e+00
1.491266632080078125e+01
1.453543281555175781e+01
1.675801467895507812e+01
1.988049316406250000e+01
1.951536178588867188e+01
1.741569900512695312e+01
1.447624206542968750e+01
1.384482097625732422e+01
1.512000274658203125e+01
1.015915489196777344e+01
7.158245563507080078e+00
6.405180454254150391e+00
3.412774562835693359e+00
2.324494361877441406e+00
7.482593655586242676e-01
1.456679582595825195e+00
7.504341006278991699e-01
7.050445079803466797e-01
2.615499794483184814e-01
4.395425915718078613e-01
1.447923064231872559e+00
1.732228040695190430e+00
7.800953388214111328e-01
6.896051168441772461e-01
5.854571461677551270e-01
1.091591238975524902e+00
1.811440229415893555e+00
2.905016541481018066e-01
5.355599150061607361e-02
8.856276869773864746e-01
6.529599428176879883e-01
1.234197854995727539e+00
1.290733814239501953e-01
1.413386940956115723e+00
6.732689380645751953e+00
1.214468383789062500e+01
7.073193073272705078e+00
1.868025588989257812e+01
5.179111003875732422e+00
4.414073944091796875e+00
1.405568981170654297e+01
2.446829986572265625e+01
1.563086509704589844e+01
1.810057258605957031e+01
6.499979496002197266e+00
1.771080017089843750e+01
9.664596557617187500e+00
1.221753787994384766e+01
1.672977447509765625e+01
9.366786956787109375e+00
1.311239433288574219e+01
1.208978462219238281e+01
1.007376670837402344e+01
5.787632942199707031e+00
5.722870349884033203e+00
1.730808973312377930e+00
5.066052913665771484e+00
1.829455137252807617e+00
1.816846489906311035e+00
2.277629613876342773e+00
2.411123275756835938e+00
6.754696369171142578e-01
2.062874794006347656e+00
3.361882686614990234e+00
2.080473303794860840e-01
2.494295835494995117e-01
7.072802066802978516e+00
2.243452072143554688e+00
1.851233482360839844e+00
1.322510361671447754e+00
4.763775467872619629e-01
4.398834705352783203e+00
1.149948686361312866e-03
1.152145147323608398e+00
6.629351973533630371e-01
7.670779228210449219e-01
1.093307495117187500e+00
4.626490473747253418e-01
-6.232339516282081604e-02
-3.065108135342597961e-02
2.689817175269126892e-02
5.141604542732238770e-01
4.422480463981628418e-01
6.854546666145324707e-01
1.004204511642456055e+00
4.700962007045745850e-01
4.683312773704528809e-01
3.257416725158691406e+00
9.105785369873046875e+00
4.168241024017333984e+00
-1.060851216316223145e+00
2.404552078247070312e+01
2.362240982055664062e+01
1.204276466369628906e+01
1.406394290924072266e+01
9.055473327636718750e+00
1.538215446472167969e+01
1.323430728912353516e+01
2.175442314147949219e+01
1.859960556030273438e+01
2.047676086425781250e+01
1.755513191223144531e+01
6.585947036743164062e+00
6.264300823211669922e+00
-9.055141210556030273e-01
1.624273490905761719e+01
1.361714172363281250e+01
1.049728679656982422e+01
1.148464393615722656e+01
1.980929565429687500e+01
2.010499000549316406e+01
1.348120975494384766e+01
8.951283454895019531e+00
1.538619041442871094e+01
7.931191444396972656e+00
1.357177543640136719e+01
1.006451988220214844e+01
1.452678108215332031e+01
1.959034729003906250e+01
1.270067977905273438e+01
9.343036651611328125e+00
1.531107425689697266e+01
1.592873096466064453e+01
2.323235702514648438e+01
1.479098892211914062e+01
1.230829620361328125e+01
1.730201840400695801e-01
1.725346565246582031e+01
1.733019638061523438e+01
5.901581764221191406e+00
2.209579658508300781e+01
4.914849758148193359e+00
1.936970138549804688e+01
1.298061752319335938e+01
1.127732372283935547e+01
1.831732940673828125e+01
1.249268913269042969e+01
1.290237045288085938e+01
1.677491760253906250e+01
1.882495117187500000e+01
8.123432159423828125e+00
4.889917850494384766e+00
6.265667438507080078e+00
6.014251708984375000e+00
3.103354454040527344e+00
3.945096254348754883e+00
3.171546697616577148e+00
1.976914644241333008e+00
7.310450673103332520e-01
-4.703222587704658508e-02
3.451979458332061768e-01
1.841434001922607422e+00
1.287266612052917480e+00
8.724856972694396973e-01
3.016669750213623047e-01
3.949609994888305664e-01
1.230798363685607910e-01
1.453508257865905762e+00
3.492207288742065430e+00
9.888450622558593750e+00
7.525318145751953125e+00
1.032361793518066406e+01
1.374144554138183594e+00
1.862509012222290039e+00
7.959372997283935547e+00
1.554209327697753906e+01
1.348618030548095703e+01
2.373134231567382812e+01
5.988059520721435547e+00
5.416084766387939453e+00
1.924191093444824219e+01
1.444718933105468750e+01
1.885696792602539062e+01
4.994873046875000000e+00
2.377486038208007812e+01
1.634161949157714844e+01
1.068822479248046875e+01
1.121941089630126953e+01
7.235173702239990234e+00
8.672399520874023438e+00
9.906414031982421875e+00
1.116077232360839844e+01
1.366921234130859375e+01
1.181317329406738281e+01
1.618309783935546875e+01
1.052833318710327148e+00
-7.632483243942260742e-01
1.464415073394775391e+00
1.391725540161132812e+01
2.708972167968750000e+01
2.242847633361816406e+01
1.144668674468994141e+01
4.701230525970458984e+00
5.654861927032470703e+00
9.256407737731933594e+00
1.807043838500976562e+01
2.499174118041992188e+01
1.602791595458984375e+01
1.999464035034179688e+01
9.320642471313476562e+00
9.068471908569335938e+00
3.526249170303344727e+00
1.276317119598388672e+01
1.524216842651367188e+01
1.771257400512695312e+01
1.005540847778320312e+01
1.505366706848144531e+01
2.344984054565429688e+01
5.161244392395019531e+00
1.298105049133300781e+01
2.064760971069335938e+01
1.017019271850585938e+01
1.152780914306640625e+01
1.918525314331054688e+01
1.397410011291503906e+01
4.408937454223632812e+00
2.970166683197021484e+00
1.979417037963867188e+01
1.866912841796875000e+00
1.343264770507812500e+01
1.839710998535156250e+01
1.753603744506835938e+01
1.179318428039550781e+01
1.542731666564941406e+01
8.132598876953125000e+00
1.983295249938964844e+01
2.475698661804199219e+01
1.141766452789306641e+01
1.123402976989746094e+01
1.625429344177246094e+01
1.384356689453125000e+01
1.616282272338867188e+01
1.493202018737792969e+01
1.249077510833740234e+01
1.236736679077148438e+01
1.590458488464355469e+01
4.763642787933349609e+00
2.378229522705078125e+01
1.322848892211914062e+01
7.224667072296142578e+00
1.299266624450683594e+01
1.428630733489990234e+01
4.651678562164306641e+00
5.141437053680419922e+00
3.564398527145385742e+00
2.307055711746215820e+00
1.478835225105285645e+00
1.622551202774047852e+00
8.540114164352416992e-01
6.149929761886596680e-01
1.744982898235321045e-01
6.332409977912902832e-01
1.427210569381713867e-01
2.108851075172424316e-01
2.878217399120330811e-01
4.389656782150268555e-01
2.808544039726257324e-01
4.062784612178802490e-01
3.919865190982818604e-01
3.794246315956115723e-01
5.055551528930664062e-01
1.692086338996887207e+00
1.279540538787841797e+00
2.223661661148071289e+00
1.792176628112792969e+01
2.139137983322143555e+00
1.075054550170898438e+01
8.392978668212890625e+00
1.360543251037597656e+01
8.723957061767578125e+00
2.129871368408203125e+01
3.020433425903320312e+00
2.128187942504882812e+01
1.775448226928710938e+01
9.128396987915039062e+00
1.139309215545654297e+01
1.459885025024414062e+01
1.016687011718750000e+01
5.707729339599609375e+00
6.084575176239013672e+00
6.428622722625732422e+00
2.351456403732299805e+00
9.640661478042602539e-01
2.155228137969970703e+00
5.136152505874633789e-01
4.371271431446075439e-01
2.413908392190933228e-01
-1.587541997432708740e-01
7.274810671806335449e-01
4.397283077239990234e+00
4.936736583709716797e+00
4.190282344818115234e+00
7.431737899780273438e+00
8.123991966247558594e+00
5.475400447845458984e+00
1.315568828582763672e+01
8.972531318664550781e+00
1.442894554138183594e+01
1.304261016845703125e+01
9.142847061157226562e+00
2.653030967712402344e+01
6.799325466156005859e+00
7.225186824798583984e+00
2.650805664062500000e+01
2.481968498229980469e+01
1.257220649719238281e+01
6.530341148376464844e+00
1.523492240905761719e+01
1.732766151428222656e+01
2.143251228332519531e+01
1.679148864746093750e+01
1.101915168762207031e+01
7.873451709747314453e+00
4.880589485168457031e+00
2.725788116455078125e+00
2.971593856811523438e+00
1.905477404594421387e+00
1.286407113075256348e+00
4.514722824096679688e-01
4.097619056701660156e-01
-9.509636461734771729e-02
2.892435789108276367e-01
-4.319255352020263672e-01
3.471132755279541016e+00
1.718005537986755371e+00
1.499809026718139648e-01
1.494702696800231934e-01
3.264494836330413818e-01
2.474807351827621460e-01
6.607182621955871582e-01
3.526843488216400146e-01
2.147415578365325928e-01
4.085772037506103516e-01
4.788258373737335205e-01
3.335413336753845215e-01
2.185138463973999023e-01
2.045111954212188721e-01
4.171558022499084473e-01
3.930160403251647949e-01
2.308479547500610352e-01
3.230184316635131836e-01
3.684809803962707520e-01
3.015826642513275146e-01
4.940930604934692383e-01
1.894707679748535156e-01
2.098668217658996582e-01
2.398799061775207520e-01
2.114933133125305176e-01
3.337145745754241943e-01
4.656711518764495850e-01
3.961220085620880127e-01
7.077330946922302246e-01
9.208330512046813965e-01
5.170194149017333984e+00
1.093348121643066406e+01
8.375475883483886719e+00
5.815599918365478516e+00
3.949894428253173828e+00
1.781626129150390625e+01
1.320931243896484375e+01
1.929247283935546875e+01
2.564997863769531250e+01
1.363916969299316406e+01
1.149434661865234375e+01
1.268302822113037109e+01
1.164432525634765625e+01
3.714505910873413086e+00
1.260172843933105469e+01
6.017313480377197266e+00
4.365036010742187500e+00
4.283504962921142578e+00
2.492725610733032227e+00
3.190002441406250000e+00
2.120260715484619141e+00
2.124184131622314453e+00
1.022103190422058105e+00
1.302924275398254395e+00
7.762474417686462402e-01
9.956787824630737305e-01
2.478532075881958008e+00
2.979313611984252930e+00
7.114065289497375488e-01
2.194251060485839844e+00
3.838879585266113281e+00
2.687980175018310547e+00
1.204946041107177734e+00
1.043559670448303223e+00
1.442463636398315430e+00
3.508695125579833984e+00
8.415547370910644531e+00
1.059521198272705078e+01
2.540783405303955078e+00
1.977602005004882812e+01
9.342161178588867188e+00
1.535209846496582031e+01
2.800363159179687500e+01
1.082022094726562500e+01
9.219459533691406250e+00
1.181896018981933594e+01
7.429593563079833984e+00
8.008119583129882812e+00
1.240858840942382812e+01
6.976485729217529297e+00
5.780999183654785156e+00
4.082993984222412109e+00
5.069063663482666016e+00
1.554497146606445312e+01
5.049244403839111328e+00
1.708057403564453125e+01
1.680524444580078125e+01
1.465900135040283203e+01
7.835886478424072266e+00
7.371182918548583984e+00
8.231662750244140625e+00
1.574076080322265625e+01
1.476104545593261719e+01
8.943527221679687500e+00
8.827177047729492188e+00
9.534803390502929688e+00
9.910795211791992188e+00
1.096997070312500000e+01
1.037532615661621094e+01
1.018975830078125000e+01
2.261099624633789062e+01
2.502171516418457031e+01
2.380406570434570312e+01
2.546150970458984375e+01
2.442261695861816406e+01
1.977235984802246094e+01
1.614883422851562500e+01
1.564606475830078125e+01
1.041439247131347656e+01
8.960217475891113281e+00
9.439695358276367188e+00
1.677788162231445312e+01
1.850565528869628906e+01
1.692580986022949219e+01
2.141259384155273438e+01
1.607749366760253906e+01
1.611030960083007812e+01
1.306246376037597656e+01
1.307676792144775391e+01
1.712977218627929688e+01
1.729997634887695312e+01
1.348026084899902344e+01
1.152438926696777344e+01
1.892708587646484375e+01
1.738183975219726562e+01
1.687120819091796875e+01
9.466718673706054688e+00
9.507200241088867188e+00
8.498023986816406250e+00
1.558135032653808594e+01
1.568888282775878906e+01
1.432842063903808594e+01
1.656854248046875000e+01
1.554987335205078125e+01
1.404277420043945312e+01
1.910450553894042969e+01
1.905029678344726562e+01
7.665734767913818359e+00
1.322434329986572266e+01
1.500292205810546875e+01
1.938767242431640625e+01
1.459739971160888672e+01
1.636282348632812500e+01
1.538699340820312500e+01
1.689230537414550781e+01
1.833035469055175781e+01
1.412694454193115234e+01
1.170460319519042969e+01
9.061763763427734375e+00
8.698919296264648438e+00
1.000663757324218750e+01
1.382921218872070312e+01
1.461283397674560547e+01
1.577669525146484375e+01
1.326028442382812500e+01
1.257976531982421875e+01
1.217539215087890625e+01
1.345061874389648438e+01
1.384410381317138672e+01
1.317457199096679688e+01
1.272750949859619141e+01
1.317648124694824219e+01
1.434086799621582031e+01
1.303133773803710938e+01
9.537618637084960938e+00
1.102466011047363281e+01
1.048142623901367188e+01
1.077744197845458984e+01
1.081902503967285156e+01
9.016730308532714844e+00
8.482719421386718750e+00
8.119997024536132812e+00
6.711189746856689453e+00
7.936101436614990234e+00
7.360232830047607422e+00
8.968996047973632812e+00
8.250432014465332031e+00
7.092648506164550781e+00
7.180151462554931641e+00
8.217387199401855469e+00
7.657957553863525391e+00
9.281845092773437500e+00
9.045513153076171875e+00
1.293710708618164062e+01
8.746082305908203125e+00
1.044694900512695312e+01
8.789025306701660156e+00
8.180807113647460938e+00
8.406520843505859375e+00
1.049618434906005859e+01
1.008765125274658203e+01
1.100814247131347656e+01
1.168964385986328125e+01
1.228618240356445312e+01
1.092705345153808594e+01
1.025435161590576172e+01
9.067905426025390625e+00
8.597991943359375000e+00
7.657206058502197266e+00
8.824657440185546875e+00
8.542522430419921875e+00
7.722828388214111328e+00
1.134853553771972656e+01
9.467313766479492188e+00
1.046734046936035156e+01
1.297287368774414062e+01
1.321162605285644531e+01
1.624815559387207031e+01
1.160593318939208984e+01
1.205313682556152344e+01
1.003520679473876953e+01
8.357544898986816406e+00
9.313410758972167969e+00
9.911540985107421875e+00
1.044000053405761719e+01
9.906033515930175781e+00
1.026511383056640625e+01
9.626630783081054688e+00
9.404599189758300781e+00
1.050694656372070312e+01
1.158869743347167969e+01
1.181414604187011719e+01
1.281726074218750000e+01
9.341049194335937500e+00
9.132869720458984375e+00
7.947404384613037109e+00
1.173043537139892578e+01
1.475198650360107422e+01
1.552705001831054688e+01
1.700037765502929688e+01
1.687460327148437500e+01
1.472907066345214844e+01
1.436837196350097656e+01
1.276026630401611328e+01
1.339997768402099609e+01
1.277722072601318359e+01
1.253999519348144531e+01
1.294073867797851562e+01
1.330281448364257812e+01
1.128617095947265625e+01
1.292377853393554688e+01
1.210432624816894531e+01
9.675461769104003906e+00
8.116464614868164062e+00
9.079877853393554688e+00
8.226413726806640625e+00
1.057055854797363281e+01
9.396037101745605469e+00
9.627725601196289062e+00
1.094882392883300781e+01
1.041567230224609375e+01
9.845514297485351562e+00
1.039085769653320312e+01
1.138637828826904297e+01
1.124074840545654297e+01
1.209086322784423828e+01
1.176597976684570312e+01
1.413049983978271484e+01
1.125775814056396484e+01
1.317282867431640625e+01
1.251415443420410156e+01
1.154443550109863281e+01
1.211746120452880859e+01
1.272153282165527344e+01
1.329763412475585938e+01
1.328678894042968750e+01
1.310609436035156250e+01
1.110151481628417969e+01
1.211749267578125000e+01
1.052940750122070312e+01
1.031065654754638672e+01
1.314947319030761719e+01
1.168602943420410156e+01
1.465742301940917969e+01
1.842572021484375000e+01
1.586705112457275391e+01
1.505196952819824219e+01
1.549612808227539062e+01
1.308963966369628906e+01
1.359005260467529297e+01
1.641669464111328125e+01
1.465310859680175781e+01
1.474320220947265625e+01
1.752759933471679688e+01
1.503002166748046875e+01
1.605254745483398438e+01
1.357834243774414062e+01
1.203077316284179688e+01
1.436449623107910156e+01
1.357934093475341797e+01
1.426558685302734375e+01
1.599097061157226562e+01
1.875490951538085938e+01
1.851959228515625000e+01
1.696999740600585938e+01
1.565612602233886719e+01
1.455271911621093750e+01
1.618694686889648438e+01
1.474468803405761719e+01
1.258214282989501953e+01
1.224622249603271484e+01
1.298460578918457031e+01
1.647850990295410156e+01
1.623913002014160156e+01
1.556097984313964844e+01
1.323860454559326172e+01
1.420172691345214844e+01
1.739500617980957031e+01
1.277270889282226562e+01
1.879520988464355469e+01
1.802875328063964844e+01
1.700352478027343750e+01
1.731624603271484375e+01
1.555439758300781250e+01
1.520459938049316406e+01
1.670394134521484375e+01
1.348576641082763672e+01
1.198567008972167969e+01
1.353466510772705078e+01
1.315149688720703125e+01
1.232068634033203125e+01
1.110104179382324219e+01
1.194303894042968750e+01
1.334548473358154297e+01
1.363388061523437500e+01
1.559769248962402344e+01
1.392817115783691406e+01
1.246806716918945312e+01
1.478247928619384766e+01
1.322951316833496094e+01
1.267139053344726562e+01
1.321130371093750000e+01
1.165605449676513672e+01
1.309387207031250000e+01
1.308577251434326172e+01
1.343565368652343750e+01
1.531743240356445312e+01
1.732111740112304688e+01
1.387071228027343750e+01
1.798975753784179688e+01
1.245956993103027344e+01
1.486215400695800781e+01
1.228449440002441406e+01
1.374468135833740234e+01
1.429456806182861328e+01
1.020242691040039062e+01
1.411518192291259766e+01
1.571584892272949219e+01
1.067386436462402344e+01
1.028331279754638672e+01
8.282773971557617188e+00
1.010975742340087891e+01
1.088797569274902344e+01
1.111000251770019531e+01
9.184504508972167969e+00
1.218494415283203125e+01
1.003261756896972656e+01
9.642526626586914062e+00
9.566278457641601562e+00
9.764430999755859375e+00
9.011167526245117188e+00
9.050742149353027344e+00
9.196187019348144531e+00
1.056401157379150391e+01
1.090364456176757812e+01
9.644403457641601562e+00
9.462623596191406250e+00
1.094941806793212891e+01
1.103524875640869141e+01
1.048991775512695312e+01
1.061538505554199219e+01
1.043213844299316406e+01
9.678104400634765625e+00
1.018660354614257812e+01
1.112686538696289062e+01
1.029337501525878906e+01
9.979864120483398438e+00
1.128210735321044922e+01
1.103267860412597656e+01
1.027352905273437500e+01
9.408569335937500000e+00
1.120367622375488281e+01
7.623365879058837891e+00
7.847259998321533203e+00
7.949666023254394531e+00
1.006072044372558594e+01
8.862770080566406250e+00
9.969484329223632812e+00
1.024108409881591797e+01
1.008176994323730469e+01
1.127708816528320312e+01
9.894685745239257812e+00
9.304793357849121094e+00
1.212156581878662109e+01
1.065225982666015625e+01
1.028801155090332031e+01
8.601135253906250000e+00
9.373273849487304688e+00
1.027827167510986328e+01
9.656381607055664062e+00
1.147335910797119141e+01
9.741068840026855469e+00
1.215861892700195312e+01
1.282367515563964844e+01
1.354561996459960938e+01
1.388958549499511719e+01
1.324484634399414062e+01
1.400746154785156250e+01
1.281657981872558594e+01
9.721668243408203125e+00
1.107966995239257812e+01
1.163974761962890625e+01
1.007038307189941406e+01
1.073057651519775391e+01
9.873882293701171875e+00
9.182935714721679688e+00
9.503017425537109375e+00
1.086901664733886719e+01
1.047735977172851562e+01
1.040857505798339844e+01
9.537206649780273438e+00
8.941520690917968750e+00
8.926786422729492188e+00
7.704495429992675781e+00
9.294298171997070312e+00
9.967148780822753906e+00
1.040533733367919922e+01
1.141437911987304688e+01
8.889052391052246094e+00
6.578052520751953125e+00
6.196293830871582031e+00
7.839276790618896484e+00
8.534200668334960938e+00
6.615825176239013672e+00
6.402001857757568359e+00
6.319544792175292969e+00
8.012848854064941406e+00
6.692298412322998047e+00
5.879832744598388672e+00
5.355198383331298828e+00
6.531008243560791016e+00
6.749656200408935547e+00
6.127115726470947266e+00
6.272299289703369141e+00
6.615266323089599609e+00
6.275105953216552734e+00
7.169128894805908203e+00
5.996123313903808594e+00
8.301884651184082031e+00
8.483224868774414062e+00
8.769096374511718750e+00
7.919568538665771484e+00
7.421154022216796875e+00
6.284512042999267578e+00
6.013530254364013672e+00
4.710358619689941406e+00
4.561127662658691406e+00
4.331565380096435547e+00
4.127546787261962891e+00
4.281911849975585938e+00
3.966868877410888672e+00
5.464683055877685547e+00
5.472515106201171875e+00
7.805536746978759766e+00
6.755718231201171875e+00
8.139435768127441406e+00
8.006236076354980469e+00
6.898081302642822266e+00
5.052119255065917969e+00
3.925080776214599609e+00
8.645444869995117188e+00
7.465008258819580078e+00
6.266972541809082031e+00
6.319459438323974609e+00
1.007316589355468750e+01
9.775273323059082031e+00
1.090557479858398438e+01
1.048196220397949219e+01
1.429855537414550781e+01
1.411436843872070312e+01
1.420533370971679688e+01
1.264719104766845703e+01
1.517782115936279297e+01
1.721037673950195312e+01
1.906142807006835938e+01
2.013307762145996094e+01
1.890152740478515625e+01
1.437652969360351562e+01
1.582021141052246094e+01
1.617751312255859375e+01
1.647323989868164062e+01
1.702786254882812500e+01
1.242964553833007812e+01
1.419287395477294922e+01
1.085423183441162109e+01
1.378558921813964844e+01
1.289926147460937500e+01
1.033892917633056641e+01
1.308291816711425781e+01
1.426083755493164062e+01
1.422061729431152344e+01
1.048701667785644531e+01
9.439325332641601562e+00
1.046617984771728516e+01
1.322537326812744141e+01
1.337662410736083984e+01
1.411015796661376953e+01
1.494198322296142578e+01
1.642927551269531250e+01
1.567279911041259766e+01
1.602946281433105469e+01
1.796159362792968750e+01
1.582954025268554688e+01
1.396898937225341797e+01
1.370147705078125000e+01
1.256892013549804688e+01
1.320603752136230469e+01
9.324270248413085938e+00
1.043327522277832031e+01
1.104040908813476562e+01
8.792829513549804688e+00
9.742397308349609375e+00
7.698556423187255859e+00
6.814596652984619141e+00
9.768754959106445312e+00
8.970193862915039062e+00
1.139887046813964844e+01
7.727597713470458984e+00
9.284042358398437500e+00
9.224154472351074219e+00
7.902784824371337891e+00
1.030989646911621094e+01
1.007883071899414062e+01
7.717598438262939453e+00
9.063010215759277344e+00
8.078378677368164062e+00
8.376171112060546875e+00
9.038428306579589844e+00
8.205165863037109375e+00
9.322478294372558594e+00
1.024850177764892578e+01
1.014943408966064453e+01
9.389589309692382812e+00
9.793864250183105469e+00
1.010874938964843750e+01
1.013306427001953125e+01
9.710401535034179688e+00
1.091303920745849609e+01
1.073009300231933594e+01
9.556378364562988281e+00
9.935137748718261719e+00
1.260382080078125000e+01
1.475504302978515625e+01
1.462481689453125000e+01
1.225572204589843750e+01
1.125049400329589844e+01
9.969951629638671875e+00
1.004038524627685547e+01
9.824960708618164062e+00
8.686452865600585938e+00
1.003749656677246094e+01
9.019235610961914062e+00
1.114292526245117188e+01
1.080001258850097656e+01
1.122711181640625000e+01
1.270367431640625000e+01
1.241808319091796875e+01
1.390531921386718750e+01
1.268085002899169922e+01
1.219844055175781250e+01
1.147492599487304688e+01
1.232670402526855469e+01
1.217578220367431641e+01
1.346580982208251953e+01
1.083253669738769531e+01
9.905044555664062500e+00
1.094412422180175781e+01
1.295928001403808594e+01
1.125775718688964844e+01
1.333836364746093750e+01
1.048547554016113281e+01
1.117452239990234375e+01
8.183042526245117188e+00
1.100018119812011719e+01
7.911071777343750000e+00
1.335891342163085938e+01
9.448221206665039062e+00
1.143889427185058594e+01
1.430216026306152344e+01
1.197695064544677734e+01
1.418410682678222656e+01
1.148455810546875000e+01
1.087934875488281250e+01
7.981914520263671875e+00
1.249673652648925781e+01
1.481111335754394531e+01
9.934828758239746094e+00
1.064671802520751953e+01
9.266374588012695312e+00
9.175569534301757812e+00
6.476561069488525391e+00
7.314232349395751953e+00
6.466270923614501953e+00
7.488565921783447266e+00
6.763861656188964844e+00
6.907029151916503906e+00
5.045451641082763672e+00
5.867449283599853516e+00
5.617662906646728516e+00
6.439312934875488281e+00
7.184298038482666016e+00
5.553964138031005859e+00
7.497169017791748047e+00
7.334919452667236328e+00
6.611597537994384766e+00
7.293905735015869141e+00
6.962625980377197266e+00
7.247160434722900391e+00
8.481891632080078125e+00
7.573872566223144531e+00
8.486070632934570312e+00
8.318841934204101562e+00
9.044646263122558594e+00
9.057414054870605469e+00
8.364256858825683594e+00
1.006662082672119141e+01
8.523045539855957031e+00
8.768311500549316406e+00
7.956415653228759766e+00
8.706420898437500000e+00
8.991306304931640625e+00
6.214890480041503906e+00
8.274512290954589844e+00
7.780746936798095703e+00
6.410887718200683594e+00
7.007201671600341797e+00
4.521438121795654297e+00
6.322920322418212891e+00
5.199310302734375000e+00
7.688694000244140625e+00
5.800599575042724609e+00
1.012591934204101562e+01
9.488166809082031250e+00
6.262532234191894531e+00
7.012232780456542969e+00
9.237993240356445312e+00
5.471040248870849609e+00
8.201865196228027344e+00
5.190858364105224609e+00
1.010248184204101562e+01
1.256297302246093750e+01
9.374982833862304688e+00
8.780761718750000000e+00
7.670414447784423828e+00
9.545801162719726562e+00
9.226427078247070312e+00
8.928902626037597656e+00
1.005542182922363281e+01
6.721260070800781250e+00
9.933177947998046875e+00
1.007270812988281250e+01
1.089437103271484375e+01
9.295270919799804688e+00
9.008079528808593750e+00
9.201030731201171875e+00
1.101454734802246094e+01
9.710508346557617188e+00
8.883631706237792969e+00
8.637180328369140625e+00
9.288885116577148438e+00
1.062745094299316406e+01
8.964786529541015625e+00
8.271690368652343750e+00
8.260596275329589844e+00
1.034883308410644531e+01
1.006777000427246094e+01
9.891077041625976562e+00
1.162665176391601562e+01
1.188193798065185547e+01
9.902574539184570312e+00
1.066250228881835938e+01
1.106915187835693359e+01
9.384302139282226562e+00
1.000883293151855469e+01
9.347788810729980469e+00
9.241641044616699219e+00
8.794407844543457031e+00
9.919399261474609375e+00
8.780921936035156250e+00
1.129934406280517578e+01
1.265191841125488281e+01
1.301287746429443359e+01
1.472824287414550781e+01
1.567586994171142578e+01
1.269009017944335938e+01
1.141397094726562500e+01
1.282861900329589844e+01
1.233496284484863281e+01
1.227540397644042969e+01
1.126289939880371094e+01
1.426437568664550781e+01
1.415268421173095703e+01
1.249715328216552734e+01
1.297835540771484375e+01
1.301881313323974609e+01
1.009974288940429688e+01
1.303896617889404297e+01
1.231765365600585938e+01
1.350980949401855469e+01
1.286760330200195312e+01
1.270259094238281250e+01
1.303559494018554688e+01
1.293929958343505859e+01
1.257510375976562500e+01
1.024683952331542969e+01
1.122920322418212891e+01
1.002194213867187500e+01
1.111041831970214844e+01
9.547624588012695312e+00
9.147387504577636719e+00
1.091133403778076172e+01
9.347038269042968750e+00
1.158581542968750000e+01
1.147054862976074219e+01
1.108830165863037109e+01
1.192966175079345703e+01
9.379585266113281250e+00
7.371602058410644531e+00
7.200069904327392578e+00
7.479909896850585938e+00
1.143229675292968750e+01
1.410203361511230469e+01
1.158368206024169922e+01
1.313626766204833984e+01
1.184354972839355469e+01
1.280129241943359375e+01
1.053708171844482422e+01
1.095696163177490234e+01
8.988595008850097656e+00
9.520044326782226562e+00
9.418716430664062500e+00
8.448293685913085938e+00
8.913156509399414062e+00
9.483282089233398438e+00
9.160369873046875000e+00
1.067038536071777344e+01
1.138875007629394531e+01
1.247404098510742188e+01
1.208512878417968750e+01
1.170244884490966797e+01
1.082810401916503906e+01
1.118466758728027344e+01
1.053314304351806641e+01
1.157355594635009766e+01
1.185083484649658203e+01
1.204674720764160156e+01
9.699600219726562500e+00
1.005296134948730469e+01
1.202642059326171875e+01
1.229975414276123047e+01
1.328296184539794922e+01
1.446770477294921875e+01
1.523625087738037109e+01
1.425626468658447266e+01
1.441168403625488281e+01
1.362734794616699219e+01
1.439647102355957031e+01
1.310568237304687500e+01
1.248179721832275391e+01
1.163765907287597656e+01
1.247030448913574219e+01
1.199565315246582031e+01
1.086124134063720703e+01
1.156093502044677734e+01
1.382587242126464844e+01
1.234717559814453125e+01
1.054267120361328125e+01
1.386624908447265625e+01
1.452579116821289062e+01
1.350804328918457031e+01
1.451714515686035156e+01
1.252059841156005859e+01
1.150225639343261719e+01
1.297139358520507812e+01
1.301247596740722656e+01
1.483005905151367188e+01
1.423517036437988281e+01
1.432954025268554688e+01
1.358798027038574219e+01
1.447075653076171875e+01
1.410746574401855469e+01
1.451585388183593750e+01
1.581584739685058594e+01
1.366063690185546875e+01
1.316244411468505859e+01
1.308784294128417969e+01
1.132343769073486328e+01
1.144090270996093750e+01
1.011342811584472656e+01
1.193433189392089844e+01
1.385502433776855469e+01
1.334880638122558594e+01
1.264073753356933594e+01
1.048861885070800781e+01
1.328577136993408203e+01
1.510181236267089844e+01
1.404717063903808594e+01
1.297033882141113281e+01
1.271291923522949219e+01
1.299489974975585938e+01
1.501741409301757812e+01
1.452235221862792969e+01
1.252599525451660156e+01
1.355400466918945312e+01
1.436907005310058594e+01
1.246041202545166016e+01
1.215933418273925781e+01
1.252231025695800781e+01
1.352217578887939453e+01
1.088619041442871094e+01
1.271079063415527344e+01
1.384168434143066406e+01
1.381636333465576172e+01
1.240147304534912109e+01
1.411642074584960938e+01
1.384412288665771484e+01
1.557348442077636719e+01
1.367513275146484375e+01
1.364328765869140625e+01
1.093506717681884766e+01
1.180915451049804688e+01
9.037591934204101562e+00
9.928310394287109375e+00
7.681739330291748047e+00
1.269841766357421875e+01
1.303156757354736328e+01
1.291053009033203125e+01
1.142423248291015625e+01
1.263199806213378906e+01
1.311373996734619141e+01
1.275960159301757812e+01
1.061565780639648438e+01
1.254518222808837891e+01
1.179582786560058594e+01
1.349110794067382812e+01
1.183387470245361328e+01
1.036289310455322266e+01
1.277865028381347656e+01
1.176602840423583984e+01
1.248306465148925781e+01
1.096316909790039062e+01
1.441081237792968750e+01
1.529802513122558594e+01
1.470308494567871094e+01
1.431193637847900391e+01
1.465431594848632812e+01
1.490167522430419922e+01
1.398773574829101562e+01
1.370134735107421875e+01
1.306932163238525391e+01
1.286203575134277344e+01
1.110641098022460938e+01
9.540859222412109375e+00
1.214155006408691406e+01
1.295781707763671875e+01
1.406920623779296875e+01
1.317731475830078125e+01
1.132212638854980469e+01
1.151326179504394531e+01
1.183101749420166016e+01
1.022283363342285156e+01
1.241831588745117188e+01
9.746109008789062500e+00
1.523392868041992188e+01
1.475033760070800781e+01
1.189266681671142578e+01
1.363033008575439453e+01
1.545644569396972656e+01
1.591837120056152344e+01
1.334169006347656250e+01
1.188136863708496094e+01
1.304321098327636719e+01
1.152303600311279297e+01
1.256305885314941406e+01
1.220270347595214844e+01
1.466412734985351562e+01
1.357363128662109375e+01
1.372315406799316406e+01
1.426835632324218750e+01
1.430838394165039062e+01
1.471306800842285156e+01
1.481536102294921875e+01
1.424020767211914062e+01
1.375945281982421875e+01
1.368537330627441406e+01
1.312693405151367188e+01
1.253423786163330078e+01
1.336147308349609375e+01
1.240537452697753906e+01
1.515532588958740234e+01
1.323608398437500000e+01
1.272659111022949219e+01
1.366890144348144531e+01
1.350024414062500000e+01
1.502207946777343750e+01
1.390690231323242188e+01
1.223370361328125000e+01
1.355748558044433594e+01
1.355406379699707031e+01
1.208955192565917969e+01
1.396882152557373047e+01
1.313254165649414062e+01
1.108400535583496094e+01
1.118727111816406250e+01
1.150905323028564453e+01
1.286716270446777344e+01
1.279957008361816406e+01
1.225657272338867188e+01
1.189076328277587891e+01
1.328079414367675781e+01
1.274140548706054688e+01
1.211259460449218750e+01
8.721733093261718750e+00
8.317683219909667969e+00
1.173899555206298828e+01
1.091890621185302734e+01
1.208970355987548828e+01
1.243904209136962891e+01
1.411620998382568359e+01
1.282279682159423828e+01
1.169647407531738281e+01
1.190424060821533203e+01
1.469968414306640625e+01
1.380810356140136719e+01
1.253460407257080078e+01
1.244586753845214844e+01
1.023130607604980469e+01
1.220315170288085938e+01
1.276801681518554688e+01
1.383308410644531250e+01
1.445526981353759766e+01
1.507171821594238281e+01
1.595917510986328125e+01
1.736214447021484375e+01
1.671035766601562500e+01
1.392299270629882812e+01
1.375093555450439453e+01
1.496012401580810547e+01
1.380784225463867188e+01
1.382969188690185547e+01
1.453635978698730469e+01
1.345568084716796875e+01
1.504903602600097656e+01
1.547943496704101562e+01
1.350249099731445312e+01
1.337956237792968750e+01
1.522318649291992188e+01
1.421323013305664062e+01
1.551869010925292969e+01
1.378158283233642578e+01
1.304759979248046875e+01
1.513245391845703125e+01
1.345266628265380859e+01
1.522239875793457031e+01
1.538944435119628906e+01
1.660236167907714844e+01
1.564483642578125000e+01
1.695537567138671875e+01
1.662562370300292969e+01
1.598159980773925781e+01
1.711146545410156250e+01
1.592766761779785156e+01
1.793117713928222656e+01
1.680259704589843750e+01
1.619063949584960938e+01
1.574286651611328125e+01
1.467469406127929688e+01
1.391567420959472656e+01
1.307327079772949219e+01
1.376972389221191406e+01
1.474116325378417969e+01
1.407250976562500000e+01
1.541531372070312500e+01
1.428565788269042969e+01
1.499663162231445312e+01
1.696893692016601562e+01
1.589826774597167969e+01
1.653849792480468750e+01
1.550960254669189453e+01
1.666384696960449219e+01
1.511592864990234375e+01
1.589872741699218750e+01
1.828733634948730469e+01
1.715798950195312500e+01
1.950756835937500000e+01
1.921655273437500000e+01
1.786142730712890625e+01
1.763607597351074219e+01
1.931695365905761719e+01
1.616625976562500000e+01
1.501583671569824219e+01
1.541388893127441406e+01
1.570236206054687500e+01
1.521684455871582031e+01
1.580944442749023438e+01
1.354977512359619141e+01
1.584776496887207031e+01
1.469831085205078125e+01
1.560772514343261719e+01
1.640915679931640625e+01
1.799684906005859375e+01
1.665879058837890625e+01
1.718471145629882812e+01
1.783680343627929688e+01
1.702323913574218750e+01
1.888362121582031250e+01
1.797805976867675781e+01
1.693936920166015625e+01
1.534540081024169922e+01
1.194888877868652344e+01
1.255174255371093750e+01
1.730562400817871094e+01
1.368146133422851562e+01
1.375722599029541016e+01
1.428320693969726562e+01
1.384547805786132812e+01
1.507945632934570312e+01
1.571992683410644531e+01
1.529123306274414062e+01
1.536097526550292969e+01
1.549776840209960938e+01
1.565574455261230469e+01
1.445008659362792969e+01
1.408509445190429688e+01
1.355734825134277344e+01
1.347746467590332031e+01
1.695599365234375000e+01
1.567061042785644531e+01
1.654856681823730469e+01
1.546959877014160156e+01
1.670350074768066406e+01
1.471373748779296875e+01
1.493143177032470703e+01
1.333708000183105469e+01
1.226926040649414062e+01
1.198836135864257812e+01
1.258557319641113281e+01
1.580815505981445312e+01
1.044994735717773438e+01
1.159660530090332031e+01
1.371181106567382812e+01
6.719382762908935547e+00
8.123020172119140625e+00
1.055503463745117188e+01
1.235255622863769531e+01
1.736902999877929688e+01
1.753667068481445312e+01
1.636836242675781250e+01
1.575430679321289062e+01
1.461750602722167969e+01
1.447060203552246094e+01
1.419931602478027344e+01
1.161779594421386719e+01
9.860511779785156250e+00
9.555871963500976562e+00
9.925945281982421875e+00
1.100078296661376953e+01
1.005133056640625000e+01
1.385897636413574219e+01
1.204365158081054688e+01
7.572112083435058594e+00
8.700912475585937500e+00
1.099970436096191406e+01
1.087137603759765625e+01
8.385393142700195312e+00
1.194583511352539062e+01
1.239375782012939453e+01
1.376656818389892578e+01
9.803689956665039062e+00
1.296018981933593750e+01
1.510137271881103516e+01
1.326291370391845703e+01
1.286790847778320312e+01
1.077100372314453125e+01
1.274154090881347656e+01
1.273247909545898438e+01
9.728001594543457031e+00
1.420818996429443359e+01
1.410893440246582031e+01
1.518155956268310547e+01
1.906442642211914062e+01
1.670349311828613281e+01
1.809337997436523438e+01
1.173454856872558594e+01
1.460784339904785156e+01
1.009806060791015625e+01
1.191199874877929688e+01
7.774716377258300781e+00
1.145380973815917969e+01
1.484849071502685547e+01
1.497411727905273438e+01
1.491244792938232422e+01
1.340254592895507812e+01
1.497682571411132812e+01
1.643395996093750000e+01
1.530065536499023438e+01
1.498134231567382812e+01
1.274730014801025391e+01
1.274181461334228516e+01
1.042685604095458984e+01
1.312608814239501953e+01
1.433988380432128906e+01
1.111959171295166016e+01
1.197388267517089844e+01
1.055137348175048828e+01
1.268973731994628906e+01
1.111050987243652344e+01
8.962919235229492188e+00
1.326131248474121094e+01
1.043618392944335938e+01
1.493157577514648438e+01
1.677054405212402344e+01
1.313608360290527344e+01
1.266849231719970703e+01
1.434302330017089844e+01
1.284592151641845703e+01
1.532314491271972656e+01
1.531647109985351562e+01
1.437327957153320312e+01
1.728306579589843750e+01
1.809517669677734375e+01
1.820506095886230469e+01
1.607845115661621094e+01
1.727515602111816406e+01
1.783205413818359375e+01
1.860675430297851562e+01
1.907717132568359375e+01
1.619158172607421875e+01
1.873842048645019531e+01
1.675623321533203125e+01
1.643832778930664062e+01
1.957221031188964844e+01
1.747279167175292969e+01
1.698700523376464844e+01
1.562436771392822266e+01
1.495224475860595703e+01
1.740000343322753906e+01
1.724104118347167969e+01
1.622549629211425781e+01
1.677037811279296875e+01
1.297214603424072266e+01
1.548096656799316406e+01
1.862159919738769531e+01
1.930758094787597656e+01
1.755470657348632812e+01
1.879537963867187500e+01
1.924110603332519531e+01
1.613333511352539062e+01
1.743111038208007812e+01
1.775055122375488281e+01
1.736555862426757812e+01
1.838672637939453125e+01
1.521182441711425781e+01
1.723933410644531250e+01
1.857775878906250000e+01
1.837470817565917969e+01
1.561434936523437500e+01
2.046200370788574219e+01
1.558129692077636719e+01
1.611993026733398438e+01
1.777214050292968750e+01
1.810136413574218750e+01
1.946480369567871094e+01
1.850043869018554688e+01
1.581949996948242188e+01
1.865581703186035156e+01
2.001622200012207031e+01
2.032308578491210938e+01
1.811288261413574219e+01
1.886363410949707031e+01
1.873482894897460938e+01
1.913483619689941406e+01
1.836186408996582031e+01
1.879412078857421875e+01
1.559034919738769531e+01
1.786688995361328125e+01
1.521794414520263672e+01
1.873633575439453125e+01
1.735064125061035156e+01
1.860804557800292969e+01
1.974330139160156250e+01
1.899551010131835938e+01
1.979255294799804688e+01
1.937462997436523438e+01
2.133410453796386719e+01
1.912956237792968750e+01
1.906491851806640625e+01
2.245858001708984375e+01
2.127911567687988281e+01
2.225894546508789062e+01
2.015989303588867188e+01
2.291236114501953125e+01
1.979932212829589844e+01
2.138555526733398438e+01
2.084199905395507812e+01
1.732261657714843750e+01
1.562178039550781250e+01
1.478592872619628906e+01
1.590502452850341797e+01
1.449630165100097656e+01
1.281521987915039062e+01
1.257251930236816406e+01
1.492166709899902344e+01
1.523051643371582031e+01
1.564938354492187500e+01
1.842837524414062500e+01
1.619319534301757812e+01
1.692509841918945312e+01
1.634212303161621094e+01
1.510781669616699219e+01
2.038887023925781250e+01
1.502538490295410156e+01
1.424018478393554688e+01
1.624367141723632812e+01
1.373973751068115234e+01
1.476753997802734375e+01
1.756677436828613281e+01
1.458552169799804688e+01
1.536482906341552734e+01
1.690004158020019531e+01
1.356147193908691406e+01
1.420353889465332031e+01
1.354998397827148438e+01
1.331432533264160156e+01
1.201521873474121094e+01
1.458074188232421875e+01
1.209490585327148438e+01
1.436323165893554688e+01
1.762113571166992188e+01
1.563393688201904297e+01
1.790048599243164062e+01
1.828323173522949219e+01
1.619998168945312500e+01
1.634869956970214844e+01
1.840528869628906250e+01
1.921099090576171875e+01
1.652646446228027344e+01
1.809108352661132812e+01
1.873816108703613281e+01
1.680261230468750000e+01
1.886393165588378906e+01
1.790200424194335938e+01
1.650647163391113281e+01
1.684429168701171875e+01
1.747036743164062500e+01
1.746093368530273438e+01
1.718585395812988281e+01
1.856232070922851562e+01
1.817518234252929688e+01
1.847192382812500000e+01
1.980567359924316406e+01
1.648359107971191406e+01
1.726083374023437500e+01
1.946691513061523438e+01
1.814417266845703125e+01
1.843992233276367188e+01
1.955878829956054688e+01
1.776240158081054688e+01
2.024043464660644531e+01
1.636829757690429688e+01
1.994332885742187500e+01
1.695956420898437500e+01
1.976844215393066406e+01
1.828463935852050781e+01
2.100452423095703125e+01
1.931774711608886719e+01
1.953867721557617188e+01
1.783106994628906250e+01
1.807270812988281250e+01
1.917173004150390625e+01
1.997654724121093750e+01
1.853885459899902344e+01
2.146994590759277344e+01
1.868700408935546875e+01
1.971499633789062500e+01
1.812144088745117188e+01
1.948504447937011719e+01
1.992042350769042969e+01
2.052831459045410156e+01
2.047007369995117188e+01
1.869713592529296875e+01
1.964001464843750000e+01
1.725773620605468750e+01
1.799195480346679688e+01
1.762039184570312500e+01
1.698067855834960938e+01
1.506018066406250000e+01
1.613826560974121094e+01
1.781039047241210938e+01
1.647680473327636719e+01
1.774905014038085938e+01
1.828946113586425781e+01
1.763176155090332031e+01
1.670324325561523438e+01
2.055341339111328125e+01
2.312296867370605469e+01
1.864330482482910156e+01
1.839558792114257812e+01
1.770841217041015625e+01
2.008418464660644531e+01
1.839476776123046875e+01
1.758035659790039062e+01
1.686627578735351562e+01
1.843635749816894531e+01
1.749833488464355469e+01
1.781997489929199219e+01
1.906140136718750000e+01
1.594299888610839844e+01
1.748225975036621094e+01
1.664388465881347656e+01
1.525588607788085938e+01
1.548946571350097656e+01
1.303867816925048828e+01
1.425660896301269531e+01
1.723850631713867188e+01
1.646039199829101562e+01
1.733847999572753906e+01
1.978698730468750000e+01
1.939950942993164062e+01
1.810434150695800781e+01
1.978072166442871094e+01
1.853023719787597656e+01
1.774282264709472656e+01
1.894673919677734375e+01
1.663385772705078125e+01
1.912619018554687500e+01
1.676368522644042969e+01
1.777019119262695312e+01
1.802299880981445312e+01
1.855128097534179688e+01
1.781652832031250000e+01
1.918651962280273438e+01
1.731571578979492188e+01
1.778003311157226562e+01
1.756852531433105469e+01
1.606712341308593750e+01
1.781174278259277344e+01
1.613324928283691406e+01
1.698843193054199219e+01
1.788906097412109375e+01
1.639562606811523438e+01
1.652408790588378906e+01
1.760125732421875000e+01
1.608852386474609375e+01
2.033904266357421875e+01
1.795870971679687500e+01
1.702687454223632812e+01
1.943054199218750000e+01
1.839180183410644531e+01
1.702300643920898438e+01
1.982453536987304688e+01
1.962825965881347656e+01
2.028570938110351562e+01
1.902165222167968750e+01
1.970265388488769531e+01
1.832817077636718750e+01
1.725141525268554688e+01
1.882606697082519531e+01
1.808429908752441406e+01
1.509089565277099609e+01
1.687229919433593750e+01
1.748628997802734375e+01
1.784069824218750000e+01
1.626183700561523438e+01
1.934963607788085938e+01
1.519899940490722656e+01
1.917166137695312500e+01
1.983573150634765625e+01
1.776935958862304688e+01
1.877566719055175781e+01
1.758533859252929688e+01
1.748250198364257812e+01
1.722339248657226562e+01
1.751644897460937500e+01
1.660709953308105469e+01
1.750761413574218750e+01
1.846131706237792969e+01
1.868315124511718750e+01
1.937744522094726562e+01
1.974627113342285156e+01
1.776301956176757812e+01
1.831937217712402344e+01
1.658095169067382812e+01
1.501380538940429688e+01
1.767295074462890625e+01
1.594835090637207031e+01
1.723195648193359375e+01
1.799142074584960938e+01
1.884080696105957031e+01
1.732926177978515625e+01
1.130953025817871094e+01
1.478356647491455078e+01
1.649472045898437500e+01
1.803445816040039062e+01
1.621937942504882812e+01
1.786458969116210938e+01
1.834225082397460938e+01
1.530613327026367188e+01
1.728544616699218750e+01
1.766836357116699219e+01
1.496489715576171875e+01
1.629495429992675781e+01
1.660598564147949219e+01
1.530730247497558594e+01
1.504086685180664062e+01
1.354228401184082031e+01
1.302898216247558594e+01
1.380380439758300781e+01
1.419961166381835938e+01
1.728699493408203125e+01
1.631125259399414062e+01
9.958429336547851562e+00
1.713358688354492188e+01
1.424148750305175781e+01
1.017211055755615234e+01
1.655776977539062500e+01
1.329197311401367188e+01
1.346422481536865234e+01
1.311686706542968750e+01
1.661272430419921875e+01
1.596403503417968750e+01
1.271083641052246094e+01
1.528179359436035156e+01
1.247042083740234375e+01
1.230022144317626953e+01
9.428165435791015625e+00
1.105615043640136719e+01
1.207230091094970703e+01
1.323930549621582031e+01
1.768500137329101562e+01
1.322219467163085938e+01
1.177964305877685547e+01
8.605968475341796875e+00
1.249085235595703125e+01
8.883193969726562500e+00
1.223329162597656250e+01
1.281185150146484375e+01
1.094237518310546875e+01
1.014793109893798828e+01
1.054985237121582031e+01
1.180859947204589844e+01
1.747733116149902344e+01
1.505104827880859375e+01
1.057577514648437500e+01
1.681825637817382812e+01
9.456915855407714844e+00
1.127252006530761719e+01
9.655523300170898438e+00
8.000730514526367188e+00
1.543659210205078125e+01
1.250702667236328125e+01
1.062231636047363281e+01
1.792909431457519531e+01
8.778495788574218750e+00
9.632138252258300781e+00
2.105519294738769531e+01
1.401916885375976562e+01
1.318720436096191406e+01
1.357229137420654297e+01
1.292783069610595703e+01
1.252054214477539062e+01
1.503894138336181641e+01
1.570705223083496094e+01
9.458120346069335938e+00
1.369030952453613281e+01
1.065196704864501953e+01
1.598990821838378906e+01
9.830324172973632812e+00
1.290609836578369141e+01
1.114136123657226562e+01
1.513241195678710938e+01
1.211757850646972656e+01
1.308018875122070312e+01
1.849772834777832031e+01
1.856090736389160156e+01
1.046257781982421875e+01
1.857057952880859375e+01
1.421334838867187500e+01
1.029472064971923828e+01
1.579793262481689453e+01
1.090743350982666016e+01
1.450276947021484375e+01
1.041388034820556641e+01
1.203301620483398438e+01
1.302693748474121094e+01
1.070573425292968750e+01
1.011937904357910156e+01
1.442087173461914062e+01
1.847116851806640625e+01
1.073140144348144531e+01
1.185623931884765625e+01
1.844262886047363281e+01
2.079810905456542969e+01
1.445410251617431641e+01
1.652337265014648438e+01
1.953673934936523438e+01
1.351975250244140625e+01
1.408897972106933594e+01
1.602185058593750000e+01
1.723627662658691406e+01
1.624079132080078125e+01
1.553671264648437500e+01
1.604294204711914062e+01
1.433031558990478516e+01
1.931126403808593750e+01
1.478890991210937500e+01
1.673435020446777344e+01
1.826979827880859375e+01
1.659083175659179688e+01
1.571756935119628906e+01
1.534402084350585938e+01
1.268641281127929688e+01
1.424969863891601562e+01
1.490152454376220703e+01
1.456157112121582031e+01
1.506409072875976562e+01
1.626340484619140625e+01
1.741633415222167969e+01
1.895201873779296875e+01
1.414146614074707031e+01
1.609525299072265625e+01
1.763209533691406250e+01
1.912557029724121094e+01
1.579268646240234375e+01
1.882054901123046875e+01
1.958721923828125000e+01
1.774197769165039062e+01
1.726918411254882812e+01
1.658571243286132812e+01
1.619840812683105469e+01
1.766446113586425781e+01
1.751464271545410156e+01
1.596994209289550781e+01
1.680699157714843750e+01
1.479332160949707031e+01
1.757603454589843750e+01
1.758798599243164062e+01
2.006738853454589844e+01
1.624558258056640625e+01
1.762166023254394531e+01
1.469247627258300781e+01
1.790094184875488281e+01
1.842195320129394531e+01
1.784509468078613281e+01
1.446683216094970703e+01
1.466071891784667969e+01
1.373132801055908203e+01
1.590665817260742188e+01
1.423373985290527344e+01
1.722772216796875000e+01
1.527810287475585938e+01
1.631948661804199219e+01
1.305836677551269531e+01
1.319470310211181641e+01
1.332966518402099609e+01
1.264577198028564453e+01
1.220094871520996094e+01
1.479149246215820312e+01
1.083698368072509766e+01
1.235643768310546875e+01
1.398993301391601562e+01
1.139499092102050781e+01
1.439091014862060547e+01
1.563054275512695312e+01
1.324923706054687500e+01
1.370924377441406250e+01
1.628243255615234375e+01
1.396370124816894531e+01
1.480229759216308594e+01
1.560167312622070312e+01
1.397058773040771484e+01
1.612811088562011719e+01
1.408164882659912109e+01
1.336665916442871094e+01
1.597157955169677734e+01
1.587275314331054688e+01
1.694732666015625000e+01
1.516162872314453125e+01
1.437071037292480469e+01
1.386571693420410156e+01
1.431584835052490234e+01
1.634129714965820312e+01
1.739082717895507812e+01
1.428854465484619141e+01
1.554377365112304688e+01
1.465400886535644531e+01
1.552381706237792969e+01
1.689017295837402344e+01
1.903672790527343750e+01
1.732513618469238281e+01
1.958467292785644531e+01
1.819652557373046875e+01
1.838614082336425781e+01
1.723095321655273438e+01
1.781269073486328125e+01
1.840656089782714844e+01
1.898998069763183594e+01
1.795555686950683594e+01
1.668905639648437500e+01
1.672849273681640625e+01
1.740764999389648438e+01
1.634705924987792969e+01
1.880088233947753906e+01
1.886947822570800781e+01
1.799839210510253906e+01
1.983211517333984375e+01
1.953371047973632812e+01
1.868669319152832031e+01
1.849902725219726562e+01
1.937219429016113281e+01
1.970068359375000000e+01
1.732103919982910156e+01
1.757925987243652344e+01
1.947336387634277344e+01
2.087211418151855469e+01
1.960854721069335938e+01
2.060339546203613281e+01
1.938651275634765625e+01
2.127394104003906250e+01
1.972375488281250000e+01
1.971572875976562500e+01
2.369491577148437500e+01
2.140032005310058594e+01
2.201119804382324219e+01
2.471106719970703125e+01
2.108262252807617188e+01
2.521623229980468750e+01
2.340175628662109375e+01
2.286499786376953125e+01
2.406089782714843750e+01
2.389809036254882812e+01
2.233964729309082031e+01
2.008189392089843750e+01
2.412216567993164062e+01
2.258232116699218750e+01
2.679221916198730469e+01
2.211371231079101562e+01
2.346401405334472656e+01
2.202289772033691406e+01
2.139784622192382812e+01
1.993040275573730469e+01
1.948719024658203125e+01
2.108421134948730469e+01
1.938892555236816406e+01
2.149184799194335938e+01
2.249939346313476562e+01
2.360764694213867188e+01
2.528733825683593750e+01
2.492720413208007812e+01
2.227843093872070312e+01
2.219708251953125000e+01
2.409115982055664062e+01
2.579491424560546875e+01
2.087282180786132812e+01
2.365274810791015625e+01
2.157276153564453125e+01
1.957358169555664062e+01
1.906006431579589844e+01
1.963253021240234375e+01
2.000303649902343750e+01
1.670790863037109375e+01
1.602797317504882812e+01
1.693701171875000000e+01
1.771469497680664062e+01
1.378360462188720703e+01
1.476356887817382812e+01
1.220608615875244141e+01
1.369665336608886719e+01
1.671669769287109375e+01
9.797424316406250000e+00
9.714939117431640625e+00
7.893868923187255859e+00
6.610413551330566406e+00
4.562600612640380859e+00
8.770977973937988281e+00
7.413643836975097656e+00
6.384085655212402344e+00
8.829142570495605469e+00
7.745502948760986328e+00
8.963771820068359375e+00
7.423686504364013672e+00
7.684926509857177734e+00
8.738780975341796875e+00
6.822418689727783203e+00
5.086947917938232422e+00
5.166789531707763672e+00
6.293179988861083984e+00
5.695269107818603516e+00
4.880408763885498047e+00
6.910815238952636719e+00
8.261123657226562500e+00
6.030098915100097656e+00
4.380876541137695312e+00
5.091735363006591797e+00
4.509872913360595703e+00
4.158162593841552734e+00
6.887247562408447266e+00
7.371367931365966797e+00
9.564589500427246094e+00
1.041578388214111328e+01
9.821245193481445312e+00
9.565126419067382812e+00
8.952558517456054688e+00
5.309602737426757812e+00
9.378465652465820312e+00
8.392778396606445312e+00
1.224912643432617188e+01
1.583231544494628906e+01
1.446771621704101562e+01
1.346931838989257812e+01
8.144136428833007812e+00
9.187612533569335938e+00
1.423855400085449219e+01
1.301923751831054688e+01
1.720714569091796875e+01
1.613409423828125000e+01
1.689019203186035156e+01
1.546063041687011719e+01
1.735096740722656250e+01
1.551198387145996094e+01
1.681642532348632812e+01
1.388296508789062500e+01
1.648101806640625000e+01
1.503874969482421875e+01
1.636130905151367188e+01
1.330052661895751953e+01
1.453514862060546875e+01
1.510671234130859375e+01
1.561442565917968750e+01
1.797965621948242188e+01
1.717660522460937500e+01
1.722119712829589844e+01
1.739182662963867188e+01
1.748474884033203125e+01
1.437347793579101562e+01
1.741556739807128906e+01
1.764566612243652344e+01
1.911361503601074219e+01
1.581286525726318359e+01
1.912415313720703125e+01
1.719321441650390625e+01
1.715480804443359375e+01
1.814041709899902344e+01
1.760600662231445312e+01
1.787506294250488281e+01
1.744807624816894531e+01
1.823854064941406250e+01
2.187370300292968750e+01
1.906952476501464844e+01
1.933908843994140625e+01
1.942535781860351562e+01
1.719074821472167969e+01
1.514927101135253906e+01
1.539212703704833984e+01
1.450585556030273438e+01
1.435035133361816406e+01
1.637374496459960938e+01
1.817021942138671875e+01
1.779313087463378906e+01
1.661383628845214844e+01
1.600890350341796875e+01
1.681693840026855469e+01
1.752896118164062500e+01
1.795680999755859375e+01
1.930933380126953125e+01
1.942386436462402344e+01
1.947638320922851562e+01
2.134288597106933594e+01
1.693441009521484375e+01
1.774098777770996094e+01
1.660328102111816406e+01
1.431278991699218750e+01
1.596798324584960938e+01
1.736853027343750000e+01
1.567616462707519531e+01
1.389694023132324219e+01
1.337926769256591797e+01
1.499354362487792969e+01
1.466732597351074219e+01
1.407507991790771484e+01
1.529318046569824219e+01
1.290778350830078125e+01
1.547944068908691406e+01
1.348416519165039062e+01
1.470916843414306641e+01
1.549984931945800781e+01
1.557367229461669922e+01
1.599747467041015625e+01
1.496513366699218750e+01
1.428968715667724609e+01
1.194052314758300781e+01
1.492648601531982422e+01
1.537421798706054688e+01
1.691312408447265625e+01
1.741939163208007812e+01
1.488607788085937500e+01
1.810408401489257812e+01
1.680211830139160156e+01
1.723846054077148438e+01
1.510954093933105469e+01
1.227959060668945312e+01
1.201117610931396484e+01
1.451465034484863281e+01
1.471421909332275391e+01
1.417500877380371094e+01
1.499971294403076172e+01
1.930223464965820312e+01
1.788454055786132812e+01
1.823257255554199219e+01
1.889568710327148438e+01
1.825269317626953125e+01
1.460789299011230469e+01
1.816688919067382812e+01
1.505118942260742188e+01
1.505152511596679688e+01
1.744437789916992188e+01
1.425198364257812500e+01
1.548870658874511719e+01
1.820532798767089844e+01
1.831312561035156250e+01
1.608249855041503906e+01
1.919732284545898438e+01
1.479436683654785156e+01
1.363874530792236328e+01
1.636509513854980469e+01
1.546866130828857422e+01
1.396436977386474609e+01
1.495877361297607422e+01
1.677084732055664062e+01
1.378109836578369141e+01
1.299659919738769531e+01
1.396593666076660156e+01
1.094677925109863281e+01
1.362337875366210938e+01
1.585354995727539062e+01
1.294097900390625000e+01
1.369287776947021484e+01
1.618881988525390625e+01
1.825158309936523438e+01
1.936206626892089844e+01
1.674224090576171875e+01
1.808476638793945312e+01
1.779556274414062500e+01
1.651092720031738281e+01
1.498846435546875000e+01
1.523316192626953125e+01
1.517531681060791016e+01
1.327656173706054688e+01
1.090643501281738281e+01
1.642432022094726562e+01
1.484254837036132812e+01
1.441584587097167969e+01
1.407476139068603516e+01
1.418775939941406250e+01
1.270570087432861328e+01
1.407219791412353516e+01
1.241224479675292969e+01
1.349224376678466797e+01
1.247620201110839844e+01
1.404621601104736328e+01
1.435500240325927734e+01
1.681518745422363281e+01
1.596168994903564453e+01
1.588822364807128906e+01
1.652442169189453125e+01
1.485315322875976562e+01
1.254222202301025391e+01
1.413227176666259766e+01
1.352395439147949219e+01
1.496968173980712891e+01
1.624471282958984375e+01
1.925458526611328125e+01
1.672640609741210938e+01
1.905877876281738281e+01
1.874244689941406250e+01
1.503065109252929688e+01
1.463603782653808594e+01
1.539277744293212891e+01
1.598698234558105469e+01
1.663527107238769531e+01
1.750693321228027344e+01
1.856509399414062500e+01
1.614770698547363281e+01
1.728366851806640625e+01
1.782878112792968750e+01
1.675858306884765625e+01
1.643827247619628906e+01
1.815100097656250000e+01
1.809811210632324219e+01
1.882564544677734375e+01
1.879517364501953125e+01
1.820830917358398438e+01
1.727873039245605469e+01
1.737094306945800781e+01
1.838837814331054688e+01
1.608655166625976562e+01
1.516147994995117188e+01
1.453043651580810547e+01
1.336540889739990234e+01
1.597758674621582031e+01
1.525682067871093750e+01
1.524700927734375000e+01
1.436448192596435547e+01
1.279001808166503906e+01
1.445347976684570312e+01
1.671329498291015625e+01
1.684507942199707031e+01
1.406263542175292969e+01
1.353827285766601562e+01
1.477888965606689453e+01
1.620253944396972656e+01
1.660655784606933594e+01
1.583398628234863281e+01
1.777848434448242188e+01
1.916220474243164062e+01
1.964602279663085938e+01
1.939787292480468750e+01
1.969208145141601562e+01
1.879593467712402344e+01
1.772098541259765625e+01
1.824544906616210938e+01
1.832734680175781250e+01
1.509629631042480469e+01
1.577287769317626953e+01
1.714462280273437500e+01
1.805020141601562500e+01
1.924860000610351562e+01
1.890501785278320312e+01
1.725771331787109375e+01
1.570178985595703125e+01
1.301828956604003906e+01
1.189737510681152344e+01
1.073487186431884766e+01
1.261290359497070312e+01
1.277890300750732422e+01
1.313609313964843750e+01
1.465046215057373047e+01
1.294003772735595703e+01
1.640465354919433594e+01
1.640316200256347656e+01
1.629339981079101562e+01
1.347975921630859375e+01
1.237993717193603516e+01
1.281850242614746094e+01
1.490259075164794922e+01
1.480742454528808594e+01
1.478371047973632812e+01
1.573035907745361328e+01
1.660958099365234375e+01
1.595329952239990234e+01
1.742981910705566406e+01
1.532565975189208984e+01
1.809143829345703125e+01
1.753667831420898438e+01
1.514904594421386719e+01
1.935866928100585938e+01
1.881046676635742188e+01
1.807920646667480469e+01
1.861236572265625000e+01
1.708906745910644531e+01
1.747994804382324219e+01
1.625937461853027344e+01
1.804294204711914062e+01
1.512911319732666016e+01
1.399970245361328125e+01
1.744287681579589844e+01
1.856378364562988281e+01
1.894758796691894531e+01
2.006462478637695312e+01
1.789472579956054688e+01
1.858370399475097656e+01
1.688872718811035156e+01
1.826977539062500000e+01
1.641530609130859375e+01
1.396809291839599609e+01
1.267890167236328125e+01
1.151994609832763672e+01
1.194884204864501953e+01
1.129792022705078125e+01
1.146410846710205078e+01
1.313782501220703125e+01
1.210163211822509766e+01
1.515766525268554688e+01
1.254152297973632812e+01
1.209849166870117188e+01
1.206771659851074219e+01
1.160433959960937500e+01
1.165041160583496094e+01
1.138836860656738281e+01
1.379043197631835938e+01
1.372101402282714844e+01
1.509942054748535156e+01
1.378457832336425781e+01
1.533107089996337891e+01
1.656954193115234375e+01
1.634306907653808594e+01
1.670282936096191406e+01
1.638381195068359375e+01
1.600640487670898438e+01
1.443879795074462891e+01
1.705323791503906250e+01
1.379702568054199219e+01
1.455734252929687500e+01
1.705526733398437500e+01
1.764550971984863281e+01
1.861152458190917969e+01
1.655082893371582031e+01
1.364663696289062500e+01
1.791693878173828125e+01
1.316444301605224609e+01
1.594756793975830078e+01
1.735777664184570312e+01
1.904029655456542969e+01
1.844790077209472656e+01
2.039709472656250000e+01
1.930268859863281250e+01
1.870271682739257812e+01
1.578378486633300781e+01
1.924435043334960938e+01
1.620134353637695312e+01
1.721315383911132812e+01
1.964253044128417969e+01
1.892125701904296875e+01
1.642905044555664062e+01
2.022488784790039062e+01
1.367419910430908203e+01
1.894033050537109375e+01
1.622011566162109375e+01
1.782441139221191406e+01
1.708794403076171875e+01
1.729559326171875000e+01
1.744197463989257812e+01
1.588999748229980469e+01
1.746399688720703125e+01
1.690564918518066406e+01
1.363260078430175781e+01
1.589976501464843750e+01
1.510449314117431641e+01
1.201569080352783203e+01
1.309174156188964844e+01
1.221287345886230469e+01
1.066991043090820312e+01
1.000546455383300781e+01
1.166758155822753906e+01
1.164512062072753906e+01
1.208263778686523438e+01
1.195237922668457031e+01
9.882802963256835938e+00
1.079690837860107422e+01
1.119585800170898438e+01
1.149823570251464844e+01
8.192468643188476562e+00
1.071941757202148438e+01
8.070002555847167969e+00
1.087341499328613281e+01
1.354916381835937500e+01
1.406706237792968750e+01
1.346074485778808594e+01
1.492700290679931641e+01
1.382139396667480469e+01
1.110516834259033203e+01
1.081654644012451172e+01
8.596578598022460938e+00
9.066027641296386719e+00
1.158280944824218750e+01
1.117060756683349609e+01
1.116149711608886719e+01
1.089347648620605469e+01
1.455050277709960938e+01
1.142190933227539062e+01
1.254435729980468750e+01
1.327773475646972656e+01
1.616231536865234375e+01
1.729862403869628906e+01
1.690220069885253906e+01
1.675995635986328125e+01
1.769545936584472656e+01
1.776132392883300781e+01
1.828178024291992188e+01
1.762024879455566406e+01
1.965244674682617188e+01
2.018346595764160156e+01
1.978651237487792969e+01
2.089940071105957031e+01
2.164042091369628906e+01
1.900163269042968750e+01
2.102077674865722656e+01
2.169057846069335938e+01
2.123771476745605469e+01
2.195215225219726562e+01
2.253120040893554688e+01
2.234568214416503906e+01
2.072216796875000000e+01
2.177757453918457031e+01
2.168863296508789062e+01
2.085897254943847656e+01
2.147372055053710938e+01
2.228614807128906250e+01
2.163706970214843750e+01
2.136104583740234375e+01
2.198832893371582031e+01
2.218623733520507812e+01
1.999339866638183594e+01
2.113078117370605469e+01
2.207236099243164062e+01
2.121166801452636719e+01
2.127182769775390625e+01
2.164815521240234375e+01
2.150228881835937500e+01
2.079230308532714844e+01
2.275210952758789062e+01
2.142032241821289062e+01
2.113856124877929688e+01
2.146142959594726562e+01
2.013304519653320312e+01
2.085079193115234375e+01
2.069748497009277344e+01
2.137773895263671875e+01
2.071768760681152344e+01
2.172746467590332031e+01
2.077750778198242188e+01
2.288289070129394531e+01
2.253611183166503906e+01
2.234697723388671875e+01
2.148580360412597656e+01
2.193449401855468750e+01
2.104115104675292969e+01
2.271036911010742188e+01
2.274806976318359375e+01
2.203580474853515625e+01
2.157800292968750000e+01
2.226613998413085938e+01
2.147338867187500000e+01
2.079755020141601562e+01
2.208392906188964844e+01
2.184053039550781250e+01
2.093582725524902344e+01
2.237059593200683594e+01
2.205107116699218750e+01
2.354915237426757812e+01
2.165928649902343750e+01
2.224910545349121094e+01
2.205393981933593750e+01
2.132176589965820312e+01
2.171960067749023438e+01
2.127100563049316406e+01
2.109953117370605469e+01
2.066963195800781250e+01
1.958295059204101562e+01
2.056867218017578125e+01
2.143953132629394531e+01
2.192098045349121094e+01
2.088121032714843750e+01
2.207094955444335938e+01
2.130054092407226562e+01
2.162389373779296875e+01
2.107783699035644531e+01
2.062149429321289062e+01
2.076883888244628906e+01
2.063334655761718750e+01
2.160721015930175781e+01
2.200005340576171875e+01
2.454536628723144531e+01
2.190782546997070312e+01
2.196877861022949219e+01
2.190745162963867188e+01
2.275361633300781250e+01
2.254709243774414062e+01
2.290872573852539062e+01
2.158902168273925781e+01
2.262178802490234375e+01
2.349182701110839844e+01
2.265517616271972656e+01
2.196961212158203125e+01
2.162859344482421875e+01
2.234820365905761719e+01
2.130337333679199219e+01
2.291005325317382812e+01
2.239549255371093750e+01
2.154598236083984375e+01
2.136541938781738281e+01
2.071438598632812500e+01
2.228122711181640625e+01
2.268968963623046875e+01
2.196562957763671875e+01
2.227948570251464844e+01
2.310023498535156250e+01
2.194971847534179688e+01
2.159425544738769531e+01
2.112886047363281250e+01
2.176773834228515625e+01
2.067482376098632812e+01
2.187004089355468750e+01
2.383410263061523438e+01
2.406614494323730469e+01
2.215419769287109375e+01
2.271474456787109375e+01
2.239059829711914062e+01
2.247851562500000000e+01
2.277108383178710938e+01
2.229263687133789062e+01
2.287203788757324219e+01
2.132360458374023438e+01
2.209415817260742188e+01
2.231644058227539062e+01
2.103800392150878906e+01
2.269124794006347656e+01
2.137094116210937500e+01
2.227396774291992188e+01
2.223771667480468750e+01
2.278571128845214844e+01
2.234740829467773438e+01
2.161266899108886719e+01
2.172431182861328125e+01
2.289456939697265625e+01
2.249246025085449219e+01
2.163837432861328125e+01
2.132199478149414062e+01
2.184910392761230469e+01
2.128583526611328125e+01
2.226986312866210938e+01
2.208591651916503906e+01
2.072201538085937500e+01
2.126847076416015625e+01
2.198745536804199219e+01
2.101903152465820312e+01
2.214325332641601562e+01
2.102468490600585938e+01
2.216373825073242188e+01
2.148750877380371094e+01
2.301796150207519531e+01
2.238664436340332031e+01
2.193468856811523438e+01
2.137559509277343750e+01
2.040160751342773438e+01
2.166587066650390625e+01
2.049770736694335938e+01
2.178367614746093750e+01
2.083332252502441406e+01
2.125224494934082031e+01
2.064690971374511719e+01
2.124460029602050781e+01
2.179408645629882812e+01
2.222996330261230469e+01
2.292974853515625000e+01
2.203261947631835938e+01
2.248293113708496094e+01
2.059091758728027344e+01
2.084847831726074219e+01
2.117832183837890625e+01
2.143337059020996094e+01
2.130456733703613281e+01
2.159402847290039062e+01
2.387301063537597656e+01
2.202568817138671875e+01
2.221092414855957031e+01
2.247002983093261719e+01
2.183766174316406250e+01
2.093223571777343750e+01
2.008130073547363281e+01
1.887867736816406250e+01
2.087327957153320312e+01
1.995121383666992188e+01
1.965974235534667969e+01
1.876889038085937500e+01
2.020218849182128906e+01
2.049044418334960938e+01
2.014712905883789062e+01
2.104377365112304688e+01
2.086863517761230469e+01
1.710426712036132812e+01
1.792850494384765625e+01
1.707083892822265625e+01
1.867657852172851562e+01
1.589394378662109375e+01
1.659739494323730469e+01
1.644234466552734375e+01
1.711703109741210938e+01
1.849772262573242188e+01
2.054253387451171875e+01
1.896984481811523438e+01
2.225334548950195312e+01
2.099313354492187500e+01
2.182093048095703125e+01
1.948122406005859375e+01
2.160562515258789062e+01
2.129625320434570312e+01
2.129615020751953125e+01
2.215428543090820312e+01
1.990719604492187500e+01
2.113608360290527344e+01
1.743474578857421875e+01
2.280677795410156250e+01
2.110370445251464844e+01
2.167121505737304688e+01
2.299705505371093750e+01
2.220605468750000000e+01
2.234919738769531250e+01
1.894276428222656250e+01
1.930824661254882812e+01
1.747909927368164062e+01
1.689637184143066406e+01
1.435687446594238281e+01
1.159431457519531250e+01
1.300025653839111328e+01
1.435723304748535156e+01
1.535440635681152344e+01
1.483412742614746094e+01
1.347826290130615234e+01
1.391101837158203125e+01
1.241739273071289062e+01
1.474750900268554688e+01
1.408436393737792969e+01
1.570527172088623047e+01
1.617502593994140625e+01
1.911563110351562500e+01
2.017531967163085938e+01
2.026962089538574219e+01
1.973501968383789062e+01
2.065583801269531250e+01
2.091476440429687500e+01
2.194249153137207031e+01
2.025628852844238281e+01
1.942537879943847656e+01
1.921476364135742188e+01
1.960392761230468750e+01
2.233872985839843750e+01
2.033541679382324219e+01
2.066328239440917969e+01
2.011085128784179688e+01
2.276898384094238281e+01
2.027847671508789062e+01
1.895946502685546875e+01
1.886648559570312500e+01
1.983994674682617188e+01
1.984429931640625000e+01
1.882958412170410156e+01
2.085047149658203125e+01
1.733030700683593750e+01
1.691617584228515625e+01
1.877602958679199219e+01
1.700783729553222656e+01
1.870069313049316406e+01
1.844381713867187500e+01
1.792364120483398438e+01
1.961106872558593750e+01
2.026712799072265625e+01
1.840798568725585938e+01
1.864007377624511719e+01
1.794921875000000000e+01
1.790900802612304688e+01
1.744435882568359375e+01
1.653264999389648438e+01
1.771806144714355469e+01
1.830575561523437500e+01
1.665048599243164062e+01
1.765970230102539062e+01
1.791711425781250000e+01
1.571502590179443359e+01
1.834380912780761719e+01
2.186785888671875000e+01
1.894406890869140625e+01
2.120190048217773438e+01
1.961758804321289062e+01
1.903850364685058594e+01
2.265409660339355469e+01
2.015795898437500000e+01
1.996424674987792969e+01
2.082678222656250000e+01
2.136709213256835938e+01
1.720501708984375000e+01
1.946425628662109375e+01
2.198958778381347656e+01
2.039407348632812500e+01
1.778922843933105469e+01
1.987691116333007812e+01
2.051942443847656250e+01
1.807291793823242188e+01
1.774071311950683594e+01
1.972837066650390625e+01
2.051029396057128906e+01
1.732979583740234375e+01
1.858982086181640625e+01
2.043827819824218750e+01
1.951197052001953125e+01
2.061252212524414062e+01
1.955717086791992188e+01
1.888906860351562500e+01
1.876376152038574219e+01
1.871623229980468750e+01
1.838232994079589844e+01
1.824688720703125000e+01
1.914313125610351562e+01
1.827443313598632812e+01
1.767398834228515625e+01
1.773237609863281250e+01
1.692946624755859375e+01
1.795762252807617188e+01
1.733854866027832031e+01
1.657392120361328125e+01
1.883946800231933594e+01
1.461506748199462891e+01
1.631887626647949219e+01
1.656197166442871094e+01
1.353151130676269531e+01
1.619353294372558594e+01
1.420029258728027344e+01
1.414751815795898438e+01
1.533629798889160156e+01
1.471748733520507812e+01
1.398191642761230469e+01
1.349209785461425781e+01
1.313233089447021484e+01
1.578462219238281250e+01
1.560678672790527344e+01
1.640391540527343750e+01
1.619635009765625000e+01
1.747332382202148438e+01
1.952690315246582031e+01
1.862822532653808594e+01
1.859658241271972656e+01
1.660888671875000000e+01
1.624164390563964844e+01
1.721716117858886719e+01
1.476035213470458984e+01
1.733390045166015625e+01
1.536591720581054688e+01
1.429211902618408203e+01
1.703366470336914062e+01
1.531791305541992188e+01
1.861120414733886719e+01
1.438193225860595703e+01
1.950696945190429688e+01
1.571939277648925781e+01
1.987681579589843750e+01
1.494413280487060547e+01
1.952291679382324219e+01
1.658815193176269531e+01
1.472085857391357422e+01
1.542874431610107422e+01
1.485225963592529297e+01
1.658431816101074219e+01
1.448394966125488281e+01
1.514847373962402344e+01
1.558701992034912109e+01
1.475922107696533203e+01
1.555273914337158203e+01
1.467443275451660156e+01
1.693229103088378906e+01
1.675001907348632812e+01
1.639127922058105469e+01
1.827202224731445312e+01
1.453892517089843750e+01
1.615311431884765625e+01
1.654442596435546875e+01
1.737538528442382812e+01
1.580052566528320312e+01
1.294417762756347656e+01
1.523727798461914062e+01
1.766960525512695312e+01
1.695907211303710938e+01
1.802620697021484375e+01
1.663801193237304688e+01
1.872603225708007812e+01
2.045620346069335938e+01
1.817228889465332031e+01
1.878023529052734375e+01
1.667007446289062500e+01
1.862854003906250000e+01
1.989949417114257812e+01
1.897234344482421875e+01
1.844806098937988281e+01
1.648189926147460938e+01
1.787709999084472656e+01
1.955651664733886719e+01
1.698252105712890625e+01
1.706521034240722656e+01
1.548710918426513672e+01
1.820442771911621094e+01
1.397987174987792969e+01
1.556821250915527344e+01
1.733502769470214844e+01
1.717420578002929688e+01
1.599175643920898438e+01
1.670724678039550781e+01
1.610683822631835938e+01
2.187294387817382812e+01
2.076117324829101562e+01
2.356267929077148438e+01
2.146071815490722656e+01
1.930755424499511719e+01
2.041545867919921875e+01
1.973757743835449219e+01
2.051389122009277344e+01
1.979791641235351562e+01
2.013859558105468750e+01
2.302900886535644531e+01
2.189446258544921875e+01
2.277366256713867188e+01
2.141102600097656250e+01
2.187785148620605469e+01
2.292681694030761719e+01
2.229828453063964844e+01
2.123453903198242188e+01
1.998049545288085938e+01
2.056958770751953125e+01
2.064838790893554688e+01
2.096751594543457031e+01
2.162588310241699219e+01
2.367550468444824219e+01
2.520183181762695312e+01
2.237146949768066406e+01
1.995600700378417969e+01
2.079563522338867188e+01
2.199719238281250000e+01
1.964213562011718750e+01
2.151816177368164062e+01
1.921583938598632812e+01
1.196663951873779297e+01
1.488683986663818359e+01
1.999320983886718750e+01
1.883892440795898438e+01
1.814946746826171875e+01
2.096829795837402344e+01
1.745748710632324219e+01
1.506952381134033203e+01
1.792411422729492188e+01
1.371763134002685547e+01
1.958668899536132812e+01
1.389914894104003906e+01
1.811441612243652344e+01
1.807983016967773438e+01
1.550941276550292969e+01
1.727822875976562500e+01
1.683283424377441406e+01
1.423410797119140625e+01
1.881246757507324219e+01
1.549122428894042969e+01
1.991580200195312500e+01
1.782025146484375000e+01
1.542032623291015625e+01
1.940324974060058594e+01
2.124401283264160156e+01
1.647693824768066406e+01
1.442878150939941406e+01
2.066594696044921875e+01
1.858949851989746094e+01
2.112879943847656250e+01
2.267819595336914062e+01
2.046749114990234375e+01
1.992806434631347656e+01
2.438147735595703125e+01
2.094379806518554688e+01
1.776382064819335938e+01
2.107599067687988281e+01
1.956365203857421875e+01
2.130552673339843750e+01
1.824855613708496094e+01
2.060685920715332031e+01
2.266012382507324219e+01
1.918216705322265625e+01
2.055932998657226562e+01
2.060876083374023438e+01
2.339004898071289062e+01
2.080388641357421875e+01
1.784741210937500000e+01
1.863916778564453125e+01
1.968258285522460938e+01
1.846273612976074219e+01
1.719356155395507812e+01
1.641451454162597656e+01
2.223768615722656250e+01
1.539619255065917969e+01
1.124303054809570312e+01
1.892597579956054688e+01
1.320481491088867188e+01
1.494991302490234375e+01
1.781826400756835938e+01
1.522019004821777344e+01
1.603316879272460938e+01
1.578395080566406250e+01
1.917195892333984375e+01
1.965845489501953125e+01
1.643471717834472656e+01
1.951722717285156250e+01
2.109411239624023438e+01
2.034264373779296875e+01
1.798887252807617188e+01
2.029148483276367188e+01
1.878645324707031250e+01
1.833912849426269531e+01
1.899816131591796875e+01
1.562391281127929688e+01
1.661395835876464844e+01
2.116993713378906250e+01
1.577532958984375000e+01
1.760704421997070312e+01
1.853742980957031250e+01
1.918296432495117188e+01
1.593202209472656250e+01
1.426342010498046875e+01
1.865819168090820312e+01
1.949893569946289062e+01
1.748669624328613281e+01
1.746722793579101562e+01
1.984056282043457031e+01
1.781530761718750000e+01
2.013178634643554688e+01
1.971468734741210938e+01
1.872329902648925781e+01
1.904701232910156250e+01
2.080343627929687500e+01
2.068088150024414062e+01
1.992275619506835938e+01
2.056474304199218750e+01
2.064458084106445312e+01
2.185064506530761719e+01
2.077301788330078125e+01
2.391968345642089844e+01
1.889560508728027344e+01
1.912942886352539062e+01
1.804783058166503906e+01
1.929407501220703125e+01
1.835926437377929688e+01
2.100455093383789062e+01
2.092641067504882812e+01
2.207478141784667969e+01
2.107796478271484375e+01
2.184378433227539062e+01
2.006722259521484375e+01
2.021825027465820312e+01
1.989419174194335938e+01
2.086879920959472656e+01
2.155669784545898438e+01
2.113615417480468750e+01
2.283489990234375000e+01
2.176468276977539062e+01
2.225358963012695312e+01
2.141272735595703125e+01
2.099891853332519531e+01
2.206501960754394531e+01
1.640254211425781250e+01
1.772290039062500000e+01
1.802894592285156250e+01
1.724379158020019531e+01
2.124393844604492188e+01
1.367415237426757812e+01
1.753456878662109375e+01
1.955237579345703125e+01
1.965194320678710938e+01
1.799106216430664062e+01
2.045909118652343750e+01
1.957749557495117188e+01
1.736507415771484375e+01
1.873015403747558594e+01
2.018452644348144531e+01
1.889609527587890625e+01
1.984245681762695312e+01
2.192057037353515625e+01
2.174855422973632812e+01
2.200122451782226562e+01
2.083396148681640625e+01
2.101819992065429688e+01
2.124343109130859375e+01
2.250049591064453125e+01
2.046777153015136719e+01
2.149930763244628906e+01
2.246380805969238281e+01
2.612884330749511719e+01
2.285307693481445312e+01
2.372764587402343750e+01
2.254984664916992188e+01
2.274545669555664062e+01
2.403216171264648438e+01
2.232008743286132812e+01
2.197521972656250000e+01
2.546754837036132812e+01
2.446905708312988281e+01
2.331475257873535156e+01
2.331006431579589844e+01
2.181772613525390625e+01
2.009082031250000000e+01
2.017922210693359375e+01
1.961655807495117188e+01
1.831703186035156250e+01
1.948798370361328125e+01
1.999197196960449219e+01
2.362826156616210938e+01
2.104111099243164062e+01
2.069321250915527344e+01
2.235586547851562500e+01
1.939170265197753906e+01
2.038387298583984375e+01
2.075371360778808594e+01
2.102350807189941406e+01
2.131938743591308594e+01
2.103637123107910156e+01
2.083070564270019531e+01
1.963634109497070312e+01
1.931774902343750000e+01
1.969137954711914062e+01
1.738962936401367188e+01
1.710693550109863281e+01
1.846517562866210938e+01
1.504822349548339844e+01
1.647933387756347656e+01
1.433354759216308594e+01
1.968740844726562500e+01
1.814542388916015625e+01
1.946924209594726562e+01
1.978277015686035156e+01
1.988981628417968750e+01
1.877163696289062500e+01
1.909479522705078125e+01
1.826922798156738281e+01
1.932886123657226562e+01
1.589594268798828125e+01
1.736646270751953125e+01
1.764536666870117188e+01
1.621968460083007812e+01
1.752019119262695312e+01
1.695392227172851562e+01
1.780636215209960938e+01
1.879186630249023438e+01
1.771396064758300781e+01
1.652028083801269531e+01
1.726945495605468750e+01
1.592808914184570312e+01
1.598566722869873047e+01
1.683530426025390625e+01
1.746464157104492188e+01
1.683892059326171875e+01
1.764227485656738281e+01
1.776819992065429688e+01
1.571261596679687500e+01
2.014487838745117188e+01
1.545559978485107422e+01
1.729751205444335938e+01
1.899664306640625000e+01
1.898067474365234375e+01
1.849871444702148438e+01
1.829745101928710938e+01
2.009939956665039062e+01
2.015433120727539062e+01
2.006312561035156250e+01
2.189614868164062500e+01
2.168382072448730469e+01
2.149497222900390625e+01
2.028747940063476562e+01
2.016714668273925781e+01
2.018287277221679688e+01
2.170850372314453125e+01
2.063745689392089844e+01
2.140663909912109375e+01
1.843460083007812500e+01
1.671411323547363281e+01
1.702964019775390625e+01
1.803627204895019531e+01
2.059711456298828125e+01
2.214568519592285156e+01
2.396067810058593750e+01
2.192997741699218750e+01
2.390471649169921875e+01
2.438570022583007812e+01
2.274454116821289062e+01
2.377120971679687500e+01
2.544200134277343750e+01
2.225376129150390625e+01
2.201493263244628906e+01
2.361510848999023438e+01
2.416788101196289062e+01
1.939516830444335938e+01
2.300834274291992188e+01
2.212263870239257812e+01
2.379594230651855469e+01
2.173088836669921875e+01
1.949165916442871094e+01
2.226668739318847656e+01
2.257576370239257812e+01
2.034375381469726562e+01
1.959638977050781250e+01
2.198377990722656250e+01
2.047872352600097656e+01
2.133439064025878906e+01
2.246856689453125000e+01
2.245061492919921875e+01
2.009143066406250000e+01
2.329348373413085938e+01
2.091489791870117188e+01
2.188498497009277344e+01
2.094817352294921875e+01
2.367247009277343750e+01
2.127232933044433594e+01
2.209491348266601562e+01
2.242520904541015625e+01
2.336134910583496094e+01
2.464285659790039062e+01
2.394398498535156250e+01
2.491709518432617188e+01
2.442573928833007812e+01
2.540480422973632812e+01
2.475935363769531250e+01
2.520801925659179688e+01
2.528940200805664062e+01
2.433623886108398438e+01
2.327623367309570312e+01
2.321286964416503906e+01
2.198272705078125000e+01
2.221433639526367188e+01
2.193154144287109375e+01
2.135531997680664062e+01
2.087579345703125000e+01
2.242951202392578125e+01
2.078850173950195312e+01
2.118000793457031250e+01
2.124501991271972656e+01
2.139231109619140625e+01
1.982224273681640625e+01
1.956879043579101562e+01
1.992124557495117188e+01
2.096501350402832031e+01
1.893625831604003906e+01
2.035277366638183594e+01
1.886674880981445312e+01
1.933285331726074219e+01
1.698021125793457031e+01
1.721723556518554688e+01
1.754477882385253906e+01
1.750337791442871094e+01
2.046301078796386719e+01
1.807743072509765625e+01
1.981007194519042969e+01
1.739087295532226562e+01
1.841063117980957031e+01
1.999079132080078125e+01
1.806967353820800781e+01
1.877040863037109375e+01
1.970886611938476562e+01
1.850677490234375000e+01
1.928304290771484375e+01
1.896297454833984375e+01
2.190155792236328125e+01
2.036799240112304688e+01
2.280554580688476562e+01
2.015806579589843750e+01
2.123422241210937500e+01
2.049242019653320312e+01
2.027367782592773438e+01
1.958971405029296875e+01
1.926410865783691406e+01
2.071288108825683594e+01
1.926708412170410156e+01
2.016660881042480469e+01
2.142780303955078125e+01
2.154624938964843750e+01
2.115556335449218750e+01
1.992591857910156250e+01
2.147829055786132812e+01
2.016787147521972656e+01
1.897472763061523438e+01
2.056507492065429688e+01
2.196176338195800781e+01
1.998949623107910156e+01
2.164355087280273438e+01
2.114751243591308594e+01
2.171213340759277344e+01
2.193071365356445312e+01
2.052190399169921875e+01
2.152607536315917969e+01
2.078685188293457031e+01
1.947612953186035156e+01
2.040668869018554688e+01
1.967078781127929688e+01
2.018221664428710938e+01
2.045874023437500000e+01
2.199426651000976562e+01
2.098673248291015625e+01
2.050203514099121094e+01
2.210075759887695312e+01
2.096418380737304688e+01
2.028268814086914062e+01
2.059847640991210938e+01
2.044351196289062500e+01
2.061082458496093750e+01
2.122450256347656250e+01
2.275450897216796875e+01
2.125351715087890625e+01
2.120588874816894531e+01
2.157196426391601562e+01
1.965714263916015625e+01
2.155572509765625000e+01
2.165294456481933594e+01
2.161259078979492188e+01
2.206084823608398438e+01
2.182215881347656250e+01
2.250443267822265625e+01
2.285318756103515625e+01
2.245254516601562500e+01
2.111082839965820312e+01
2.101391792297363281e+01
2.185033416748046875e+01
2.293207550048828125e+01
2.431118774414062500e+01
2.253633880615234375e+01
2.286911201477050781e+01
2.330796623229980469e+01
2.352086067199707031e+01
2.146900749206542969e+01
2.344095420837402344e+01
2.222411727905273438e+01
2.244319152832031250e+01
2.169586372375488281e+01
2.289332199096679688e+01
2.160750961303710938e+01
2.210923767089843750e+01
2.210100555419921875e+01
2.294729614257812500e+01
2.089212226867675781e+01
2.078330612182617188e+01
1.987251281738281250e+01
1.914037895202636719e+01
1.971227645874023438e+01
2.095988082885742188e+01
2.035968780517578125e+01
2.078726959228515625e+01
2.185632133483886719e+01
2.082605171203613281e+01
2.092138290405273438e+01
1.946429061889648438e+01
1.806455039978027344e+01
1.856705856323242188e+01
1.644010543823242188e+01
1.874090194702148438e+01
1.936941909790039062e+01
1.594643402099609375e+01
1.705156326293945312e+01
1.633076095581054688e+01
1.674315261840820312e+01
1.728897857666015625e+01
1.533185958862304688e+01
1.716469573974609375e+01
1.687898063659667969e+01
1.947330093383789062e+01
1.873250961303710938e+01
2.113308715820312500e+01
2.139658355712890625e+01
2.074872207641601562e+01
2.103970718383789062e+01
2.040052223205566406e+01
1.990381813049316406e+01
1.920883560180664062e+01
1.987217140197753906e+01
2.015059471130371094e+01
2.102051162719726562e+01
2.047314071655273438e+01
2.075726318359375000e+01
2.113869667053222656e+01
2.129909515380859375e+01
1.937878227233886719e+01
2.007100868225097656e+01
2.008780479431152344e+01
2.008935928344726562e+01
2.172962379455566406e+01
2.088413810729980469e+01
2.119956207275390625e+01
2.096059799194335938e+01
1.991401863098144531e+01
2.140568351745605469e+01
2.036546707153320312e+01
2.043284225463867188e+01
2.045328903198242188e+01
2.087823104858398438e+01
2.086053085327148438e+01
2.139767074584960938e+01
2.151275825500488281e+01
1.826563835144042969e+01
1.917360305786132812e+01
1.993601226806640625e+01
1.929368972778320312e+01
1.855918693542480469e+01
2.024003410339355469e+01
2.012662506103515625e+01
2.027161788940429688e+01
2.068471908569335938e+01
2.118597793579101562e+01
2.128163909912109375e+01
2.018096733093261719e+01
2.337147903442382812e+01
2.289234161376953125e+01
2.342500495910644531e+01
2.250631141662597656e+01
2.208531570434570312e+01
2.288046646118164062e+01
2.193664932250976562e+01
2.243301010131835938e+01
2.299636840820312500e+01
1.963332939147949219e+01
1.906052398681640625e+01
2.059914398193359375e+01
2.224277114868164062e+01
2.166459655761718750e+01
2.005281829833984375e+01
2.117233085632324219e+01
2.244401741027832031e+01
2.070587921142578125e+01
2.399265098571777344e+01
2.156931877136230469e+01
1.947591400146484375e+01
1.889765930175781250e+01
1.873280143737792969e+01
1.855499649047851562e+01
1.441233634948730469e+01
1.642131614685058594e+01
1.589480400085449219e+01
1.661445808410644531e+01
1.730178833007812500e+01
1.946792602539062500e+01
2.207367897033691406e+01
2.224462509155273438e+01
2.132006835937500000e+01
2.211309432983398438e+01
2.291776466369628906e+01
2.252681732177734375e+01
2.202699089050292969e+01
1.946816253662109375e+01
1.871455001831054688e+01
1.918175315856933594e+01
2.039414024353027344e+01
1.999139404296875000e+01
1.880088233947753906e+01
1.899372482299804688e+01
1.823692893981933594e+01
1.707695960998535156e+01
2.079058074951171875e+01
1.898364448547363281e+01
1.982377624511718750e+01
2.136929130554199219e+01
2.005799484252929688e+01
1.767890930175781250e+01
1.816213226318359375e+01
1.839231109619140625e+01
1.903249931335449219e+01
1.917120742797851562e+01
2.067974281311035156e+01
1.914295578002929688e+01
1.851573562622070312e+01
1.912129592895507812e+01
1.458179855346679688e+01
1.743570899963378906e+01
1.793159866333007812e+01
2.104049491882324219e+01
2.175059127807617188e+01
1.776301765441894531e+01
1.675214004516601562e+01
1.362837505340576172e+01
1.817611503601074219e+01
1.557925415039062500e+01
1.711764907836914062e+01
1.877578544616699219e+01
1.719806289672851562e+01
2.004500389099121094e+01
2.100926780700683594e+01
2.060483932495117188e+01
2.442005920410156250e+01
2.341333389282226562e+01
2.328357696533203125e+01
2.071922492980957031e+01
2.152692985534667969e+01
1.759448623657226562e+01
2.129033851623535156e+01
2.237469100952148438e+01
1.970855140686035156e+01
2.163732337951660156e+01
1.963573837280273438e+01
1.943725585937500000e+01
1.924795341491699219e+01
1.767385292053222656e+01
1.886961364746093750e+01
1.572213745117187500e+01
1.294176483154296875e+01
1.443994808197021484e+01
1.642372131347656250e+01
1.953440093994140625e+01
1.986257553100585938e+01
2.288938903808593750e+01
2.249652862548828125e+01
2.271895408630371094e+01
2.461584472656250000e+01
2.178059959411621094e+01
1.951231384277343750e+01
1.796072387695312500e+01
1.765724182128906250e+01
1.909817123413085938e+01
1.891384315490722656e+01
1.944064903259277344e+01
1.781892776489257812e+01
1.838446044921875000e+01
1.655537414550781250e+01
1.973551559448242188e+01
1.608112716674804688e+01
1.737410545349121094e+01
1.841307830810546875e+01
2.096303939819335938e+01
1.970480728149414062e+01
1.747185897827148438e+01
1.925171089172363281e+01
1.961067962646484375e+01
1.843505287170410156e+01
1.978403854370117188e+01
1.841000556945800781e+01
2.093838310241699219e+01
2.008503150939941406e+01
1.872183609008789062e+01
1.941852378845214844e+01
1.764505195617675781e+01
2.053893470764160156e+01
1.875783157348632812e+01
1.944018936157226562e+01
1.756356620788574219e+01
1.988301849365234375e+01
1.852040290832519531e+01
1.959046936035156250e+01
2.011677169799804688e+01
1.948951721191406250e+01
2.043934249877929688e+01
1.963133621215820312e+01
2.034751319885253906e+01
2.172854804992675781e+01
2.152777481079101562e+01
1.875313568115234375e+01
2.074541282653808594e+01
2.059321975708007812e+01
1.943583869934082031e+01
1.841366004943847656e+01
1.848487663269042969e+01
1.691013717651367188e+01
1.734977149963378906e+01
2.048352050781250000e+01
1.905467224121093750e+01
2.081940078735351562e+01
2.176055908203125000e+01
1.889070510864257812e+01
2.246423721313476562e+01
2.112760543823242188e+01
2.099398231506347656e+01
2.126208114624023438e+01
2.319929504394531250e+01
2.092551994323730469e+01
2.133782958984375000e+01
2.254392623901367188e+01
2.034314346313476562e+01
2.094359207153320312e+01
1.709839057922363281e+01
1.887811470031738281e+01
1.980207443237304688e+01
1.844178771972656250e+01
2.082227706909179688e+01
2.077123260498046875e+01
1.822241592407226562e+01
2.026145935058593750e+01
2.044146919250488281e+01
1.825674819946289062e+01
1.858650207519531250e+01
1.943215370178222656e+01
1.824773216247558594e+01
2.053038406372070312e+01
2.258346557617187500e+01
2.008046531677246094e+01
2.003178215026855469e+01
1.946028900146484375e+01
1.956946182250976562e+01
1.855939102172851562e+01
1.902986145019531250e+01
2.033645439147949219e+01
2.028593826293945312e+01
2.091489410400390625e+01
2.257367706298828125e+01
2.310024261474609375e+01
2.208351898193359375e+01
2.347959899902343750e+01
2.503026390075683594e+01
2.396566772460937500e+01
2.253744888305664062e+01
2.282263183593750000e+01
2.178298950195312500e+01
1.940825271606445312e+01
2.238133621215820312e+01
2.093581008911132812e+01
2.163652801513671875e+01
2.149955368041992188e+01
2.459046363830566406e+01
2.300989151000976562e+01
2.227048683166503906e+01
2.253502464294433594e+01
2.352264976501464844e+01
2.242987823486328125e+01
2.220052719116210938e+01
2.127159881591796875e+01
2.032217788696289062e+01
1.895548629760742188e+01
1.609097480773925781e+01
1.212028121948242188e+01
1.108855342864990234e+01
1.190832614898681641e+01
1.290221786499023438e+01
1.326380538940429688e+01
1.644200515747070312e+01
1.453943824768066406e+01
1.534195232391357422e+01
1.552883148193359375e+01
2.003636550903320312e+01
1.968688964843750000e+01
2.111166763305664062e+01
1.802886199951171875e+01
2.026289367675781250e+01
2.147399902343750000e+01
2.149105834960937500e+01
2.112634849548339844e+01
2.226378440856933594e+01
2.289985275268554688e+01
2.036935043334960938e+01
1.986950492858886719e+01
1.973124122619628906e+01
2.061454772949218750e+01
1.610023880004882812e+01
1.973013114929199219e+01
2.055496215820312500e+01
1.938079833984375000e+01
2.088150405883789062e+01
1.556130790710449219e+01
1.997080230712890625e+01
2.269966506958007812e+01
1.833218002319335938e+01
2.122321128845214844e+01
2.264260101318359375e+01
1.915618896484375000e+01
1.932494354248046875e+01
2.173531723022460938e+01
2.028992652893066406e+01
2.053642272949218750e+01
2.195764732360839844e+01
2.177989578247070312e+01
2.026832008361816406e+01
2.243129539489746094e+01
2.215864562988281250e+01
2.152617645263671875e+01
2.155806541442871094e+01
2.063761520385742188e+01
2.156415557861328125e+01
2.103244590759277344e+01
2.483268928527832031e+01
1.883000183105468750e+01
2.178541946411132812e+01
2.276637077331542969e+01
1.973744583129882812e+01
1.993391227722167969e+01
1.886891937255859375e+01
2.066880416870117188e+01
1.735957717895507812e+01
2.092561912536621094e+01
1.745678901672363281e+01
1.784838294982910156e+01
2.046538162231445312e+01
1.531462097167968750e+01
1.922785186767578125e+01
1.897409439086914062e+01
1.690886688232421875e+01
2.021238327026367188e+01
2.026157760620117188e+01
1.813649177551269531e+01
1.799636077880859375e+01
1.819923973083496094e+01
2.012180709838867188e+01
2.124127960205078125e+01
1.947574996948242188e+01
2.105552291870117188e+01
1.873803329467773438e+01
1.694510650634765625e+01
1.558279800415039062e+01
1.474357795715332031e+01
1.551574516296386719e+01
1.833175086975097656e+01
1.714366531372070312e+01
1.577280521392822266e+01
1.522181701660156250e+01
1.754903411865234375e+01
1.874656295776367188e+01
1.775263404846191406e+01
1.891385078430175781e+01
1.799823188781738281e+01
1.726489639282226562e+01
1.819978332519531250e+01
1.914958190917968750e+01
1.859121513366699219e+01
1.721891403198242188e+01
1.886821556091308594e+01
1.603830146789550781e+01
1.673212051391601562e+01
1.584768962860107422e+01
1.760933303833007812e+01
1.335553264617919922e+01
1.146395301818847656e+01
1.474786186218261719e+01
1.411883735656738281e+01
1.672159576416015625e+01
1.429832649230957031e+01
1.469841575622558594e+01
1.646104431152343750e+01
1.741599273681640625e+01
1.778355789184570312e+01
1.798252677917480469e+01
1.756496810913085938e+01
1.683554077148437500e+01
1.560047721862792969e+01
1.353102779388427734e+01
1.525937843322753906e+01
1.660036468505859375e+01
1.492808437347412109e+01
1.771669387817382812e+01
1.788224029541015625e+01
1.685322570800781250e+01
1.744490814208984375e+01
1.853753280639648438e+01
2.115678405761718750e+01
2.008368301391601562e+01
1.877521705627441406e+01
1.864756774902343750e+01
1.551934432983398438e+01
1.692955017089843750e+01
2.009345817565917969e+01
1.634013748168945312e+01
1.855558967590332031e+01
1.850666046142578125e+01
2.127810859680175781e+01
2.008968162536621094e+01
2.221019935607910156e+01
2.238130187988281250e+01
2.035878372192382812e+01
2.154261016845703125e+01
2.189374542236328125e+01
2.189826393127441406e+01
2.117412567138671875e+01
2.202983093261718750e+01
2.285798645019531250e+01
2.272684097290039062e+01
2.250469589233398438e+01
2.240420913696289062e+01
2.252154731750488281e+01
2.279788970947265625e+01
1.983452987670898438e+01
2.085930633544921875e+01
1.959045410156250000e+01
2.085311508178710938e+01
1.939375686645507812e+01
2.208016967773437500e+01
2.007544898986816406e+01
1.801162147521972656e+01
2.113171005249023438e+01
2.036076927185058594e+01
2.145201873779296875e+01
2.258384132385253906e+01
2.211791038513183594e+01
2.206681251525878906e+01
2.385047531127929688e+01
2.331565856933593750e+01
2.069148635864257812e+01
2.236192131042480469e+01
2.137164688110351562e+01
2.114645195007324219e+01
1.850457000732421875e+01
1.793407821655273438e+01
1.880023384094238281e+01
1.742571449279785156e+01
1.976495742797851562e+01
1.904295158386230469e+01
1.979708480834960938e+01
1.926449775695800781e+01
1.642728424072265625e+01
2.038579559326171875e+01
2.093148040771484375e+01
1.872597312927246094e+01
1.812625694274902344e+01
1.886374092102050781e+01
2.007754898071289062e+01
1.942086410522460938e+01
1.942081451416015625e+01
2.190576553344726562e+01
2.141695785522460938e+01
2.015227890014648438e+01
1.905746078491210938e+01
1.760674667358398438e+01
1.742144393920898438e+01
1.741665077209472656e+01
1.753589248657226562e+01
1.838118171691894531e+01
2.107092285156250000e+01
1.870441818237304688e+01
1.998349761962890625e+01
1.715888404846191406e+01
2.103130340576171875e+01
1.777702331542968750e+01
2.214635848999023438e+01
1.769150161743164062e+01
1.929138183593750000e+01
2.070966148376464844e+01
1.827815055847167969e+01
1.785033416748046875e+01
1.824618911743164062e+01
1.821622085571289062e+01
2.075220870971679688e+01
1.829455566406250000e+01
1.917816925048828125e+01
2.021879959106445312e+01
2.056348800659179688e+01
1.858167457580566406e+01
1.944516372680664062e+01
1.865819168090820312e+01
1.935933494567871094e+01
2.020321846008300781e+01
1.953609085083007812e+01
2.204055786132812500e+01
1.968868064880371094e+01
2.017027854919433594e+01
1.704790496826171875e+01
1.744746398925781250e+01
1.806748580932617188e+01
1.514714717864990234e+01
1.397960662841796875e+01
1.650847053527832031e+01
1.466829490661621094e+01
1.343459320068359375e+01
1.158771514892578125e+01
1.386713790893554688e+01
1.660411071777343750e+01
1.292259597778320312e+01
1.201961803436279297e+01
1.364774703979492188e+01
1.290646743774414062e+01
1.255403327941894531e+01
1.512462043762207031e+01
1.646977615356445312e+01
1.703357315063476562e+01
1.748314476013183594e+01
1.604431343078613281e+01
1.947288513183593750e+01
1.809663581848144531e+01
1.805640792846679688e+01
1.780621719360351562e+01
1.398833274841308594e+01
1.678091049194335938e+01
1.608722496032714844e+01
1.816851997375488281e+01
1.748155403137207031e+01
1.659789276123046875e+01
2.057504653930664062e+01
1.634567832946777344e+01
1.953859329223632812e+01
2.110873413085937500e+01
2.100101661682128906e+01
1.967192459106445312e+01
2.142488098144531250e+01
2.055524063110351562e+01
1.865980911254882812e+01
1.694805145263671875e+01
1.527864933013916016e+01
1.784651565551757812e+01
1.523715019226074219e+01
1.613790702819824219e+01
1.769721221923828125e+01
1.673662948608398438e+01
1.466622352600097656e+01
1.171537590026855469e+01
1.181740856170654297e+01
1.613965797424316406e+01
1.116496562957763672e+01
1.509812164306640625e+01
1.749854660034179688e+01
1.858295822143554688e+01
1.403359127044677734e+01
1.337015819549560547e+01
1.518144416809082031e+01
1.524656295776367188e+01
1.478350067138671875e+01
1.466685676574707031e+01
1.346203708648681641e+01
1.196857261657714844e+01
1.183382225036621094e+01
1.242362976074218750e+01
8.994079589843750000e+00
9.883492469787597656e+00
1.258196640014648438e+01
1.258118629455566406e+01
1.321187496185302734e+01
1.184266853332519531e+01
1.437459754943847656e+01
1.452886962890625000e+01
1.314606761932373047e+01
1.708188247680664062e+01
1.483520317077636719e+01
1.856349372863769531e+01
1.691224288940429688e+01
1.774780464172363281e+01
1.813442420959472656e+01
1.351422786712646484e+01
1.706159019470214844e+01
1.647792816162109375e+01
1.591980266571044922e+01
1.733967590332031250e+01
1.355121421813964844e+01
1.743837356567382812e+01
1.796093368530273438e+01
1.813176727294921875e+01
1.601046371459960938e+01
1.809264183044433594e+01
1.662941741943359375e+01
1.538064765930175781e+01
1.863762474060058594e+01
1.477829742431640625e+01
1.401868820190429688e+01
1.498265266418457031e+01
1.481973266601562500e+01
1.730329704284667969e+01
1.663607215881347656e+01
1.735733795166015625e+01
1.688133811950683594e+01
1.783155441284179688e+01
1.567332077026367188e+01
1.751552200317382812e+01
1.799890136718750000e+01
1.662008666992187500e+01
1.733160018920898438e+01
1.696433258056640625e+01
1.795851707458496094e+01
1.863573074340820312e+01
1.897945785522460938e+01
1.765234375000000000e+01
1.810524368286132812e+01
1.539419078826904297e+01
1.860524177551269531e+01
1.817057228088378906e+01
1.531842803955078125e+01
1.551700973510742188e+01
1.817080307006835938e+01
1.875988769531250000e+01
1.889953994750976562e+01
1.658027839660644531e+01
2.207836151123046875e+01
2.054555130004882812e+01
1.752319526672363281e+01
1.933678245544433594e+01
1.878956604003906250e+01
1.537039375305175781e+01
1.619247055053710938e+01
2.126412963867187500e+01
1.413550949096679688e+01
1.736105728149414062e+01
1.862770462036132812e+01
1.824941635131835938e+01
1.833143234252929688e+01
1.922316932678222656e+01
1.838742828369140625e+01
1.621813583374023438e+01
1.589726638793945312e+01
1.615237045288085938e+01
1.687814903259277344e+01
1.740785408020019531e+01
1.566931152343750000e+01
1.763427734375000000e+01
2.025741577148437500e+01
1.822022247314453125e+01
1.888654327392578125e+01
1.992533111572265625e+01
2.045515060424804688e+01
1.610032272338867188e+01
1.853905105590820312e+01
1.926555824279785156e+01
2.041444778442382812e+01
1.711175346374511719e+01
1.593286609649658203e+01
1.711185073852539062e+01
1.665766525268554688e+01
1.791138839721679688e+01
1.531319236755371094e+01
1.179177856445312500e+01
1.785383605957031250e+01
1.646501922607421875e+01
1.702170753479003906e+01
1.772456169128417969e+01
1.622262763977050781e+01
1.752418136596679688e+01
1.632259559631347656e+01
1.739286041259765625e+01
1.811448478698730469e+01
1.710429382324218750e+01
1.862652397155761719e+01
1.840354728698730469e+01
1.959898948669433594e+01
2.004861259460449219e+01
1.877343940734863281e+01
1.964181137084960938e+01
1.999102783203125000e+01
2.100384521484375000e+01
1.872760009765625000e+01
1.570803833007812500e+01
1.607217216491699219e+01
1.893830108642578125e+01
1.675451278686523438e+01
1.438343238830566406e+01
1.660955429077148438e+01
1.806371116638183594e+01
1.202663421630859375e+01
1.708572578430175781e+01
1.528422641754150391e+01
1.763934707641601562e+01
1.625326538085937500e+01
1.585723495483398438e+01
1.927925300598144531e+01
1.787334251403808594e+01
1.665301513671875000e+01
1.627564048767089844e+01
1.810285568237304688e+01
1.201490402221679688e+01
1.477715873718261719e+01
1.919016265869140625e+01
1.464030551910400391e+01
1.774021148681640625e+01
1.748301315307617188e+01
1.888696289062500000e+01
1.300450420379638672e+01
1.819792556762695312e+01
1.946071243286132812e+01
1.714506530761718750e+01
1.784817504882812500e+01
1.671265411376953125e+01
1.786408996582031250e+01
1.644205284118652344e+01
2.067866325378417969e+01
2.097324752807617188e+01
2.137167739868164062e+01
1.776588821411132812e+01
1.832989120483398438e+01
1.931121253967285156e+01
1.766757965087890625e+01
1.893786430358886719e+01
1.782723045349121094e+01
1.808039093017578125e+01
1.627644920349121094e+01
1.739176750183105469e+01
1.668509674072265625e+01
1.433956718444824219e+01
1.582723236083984375e+01
1.154929447174072266e+01
1.177890396118164062e+01
1.035732269287109375e+01
1.356415653228759766e+01
1.359127616882324219e+01
9.473990440368652344e+00
1.429371738433837891e+01
1.284019660949707031e+01
1.580825233459472656e+01
1.176616859436035156e+01
1.567952346801757812e+01
1.035118961334228516e+01
1.113622379302978516e+01
1.068006515502929688e+01
2.028615570068359375e+01
8.008416175842285156e+00
9.943161964416503906e+00
1.344510555267333984e+01
1.393476867675781250e+01
9.175871849060058594e+00
1.200290298461914062e+01
1.478845691680908203e+01
1.152751636505126953e+01
1.191715812683105469e+01
1.459293365478515625e+01
1.222934818267822266e+01
1.139853668212890625e+01
1.453650951385498047e+01
1.247580146789550781e+01
8.328735351562500000e+00
1.013759708404541016e+01
1.020803928375244141e+01
8.778680801391601562e+00
9.536253929138183594e+00
1.009011840820312500e+01
9.688935279846191406e+00
9.451070785522460938e+00
8.306854248046875000e+00
9.701365470886230469e+00
9.700761795043945312e+00
8.328659057617187500e+00
9.096085548400878906e+00
8.941272735595703125e+00
9.713983535766601562e+00
7.944320201873779297e+00
8.671549797058105469e+00
8.626116752624511719e+00
9.196070671081542969e+00
8.227251052856445312e+00
9.527713775634765625e+00
8.016952514648437500e+00
8.198211669921875000e+00
8.550590515136718750e+00
9.404863357543945312e+00
8.887571334838867188e+00
8.625062942504882812e+00
1.088709068298339844e+01
9.883022308349609375e+00
1.051570892333984375e+01
1.311863899230957031e+01
1.457864665985107422e+01
1.337857818603515625e+01
1.238454532623291016e+01
1.424614143371582031e+01
6.453883647918701172e+00
6.866278171539306641e+00
9.941915512084960938e+00
1.141233444213867188e+01
9.539625167846679688e+00
1.006862354278564453e+01
1.046602439880371094e+01
1.040347003936767578e+01
1.277193641662597656e+01
9.720724105834960938e+00
1.163278198242187500e+01
8.193638801574707031e+00
1.373006820678710938e+01
9.219181060791015625e+00
1.058134078979492188e+01
1.158290290832519531e+01
1.075682830810546875e+01
1.195336151123046875e+01
1.596020793914794922e+01
1.634266853332519531e+01
1.539003753662109375e+01
1.473280906677246094e+01
1.533634948730468750e+01
1.651259803771972656e+01
1.314221382141113281e+01
1.544362831115722656e+01
1.442749691009521484e+01
1.623175048828125000e+01
1.515956497192382812e+01
1.637797355651855469e+01
1.687438011169433594e+01
1.680652046203613281e+01
1.569408988952636719e+01
1.565317344665527344e+01
1.639790725708007812e+01
1.500029373168945312e+01
1.460454463958740234e+01
1.480749511718750000e+01
1.537437820434570312e+01
1.710619354248046875e+01
1.565591907501220703e+01
1.401086807250976562e+01
1.538266944885253906e+01
1.468431472778320312e+01
1.473331069946289062e+01
1.558372688293457031e+01
1.434300899505615234e+01
1.567496967315673828e+01
1.439626121520996094e+01
1.478186798095703125e+01
1.518249320983886719e+01
1.458297157287597656e+01
1.430205345153808594e+01
1.350213813781738281e+01
1.489545631408691406e+01
1.305146694183349609e+01
1.391177749633789062e+01
1.378469753265380859e+01
1.045426559448242188e+01
1.385738658905029297e+01
1.109139347076416016e+01
1.096310710906982422e+01
1.305851554870605469e+01
1.259822940826416016e+01
1.132507801055908203e+01
1.201789569854736328e+01
1.297941684722900391e+01
1.140279006958007812e+01
9.969017028808593750e+00
1.172006988525390625e+01
1.220087814331054688e+01
1.313588333129882812e+01
1.226171302795410156e+01
8.757866859436035156e+00
9.832128524780273438e+00
9.320664405822753906e+00
1.014430141448974609e+01
1.215790271759033203e+01
1.248494720458984375e+01
1.265258884429931641e+01
1.048466682434082031e+01
1.107651329040527344e+01
1.209891033172607422e+01
8.964431762695312500e+00
1.374815654754638672e+01
1.316064262390136719e+01
1.514572334289550781e+01
1.308444213867187500e+01
1.355679512023925781e+01
1.158222675323486328e+01
1.234806537628173828e+01
1.343251609802246094e+01
1.258170509338378906e+01
1.244894218444824219e+01
1.052018070220947266e+01
1.021020889282226562e+01
9.554892539978027344e+00
1.137078857421875000e+01
8.032089233398437500e+00
1.044189071655273438e+01
1.227626895904541016e+01
5.826367855072021484e+00
8.524374008178710938e+00
7.371345043182373047e+00
7.498981952667236328e+00
8.683439254760742188e+00
9.153534889221191406e+00
1.049338722229003906e+01
8.637031555175781250e+00
1.043368911743164062e+01
1.271134948730468750e+01
1.141698074340820312e+01
9.251127243041992188e+00
1.185213851928710938e+01
9.051527976989746094e+00
8.322906494140625000e+00
1.071415615081787109e+01
7.977929592132568359e+00
7.212939739227294922e+00
7.969340801239013672e+00
7.059566974639892578e+00
7.765635967254638672e+00
6.952562808990478516e+00
6.801635265350341797e+00
1.006216812133789062e+01
1.003639793395996094e+01
8.621027946472167969e+00
1.159894657135009766e+01
1.001181983947753906e+01
8.262054443359375000e+00
8.615320205688476562e+00
1.151806449890136719e+01
1.271442413330078125e+01
8.238326072692871094e+00
1.000798320770263672e+01
9.358989715576171875e+00
9.174262046813964844e+00
7.535492420196533203e+00
8.959651947021484375e+00
4.838744163513183594e+00
4.932410717010498047e+00
5.473641872406005859e+00
4.712671279907226562e+00
4.709570407867431641e+00
4.768414974212646484e+00
5.843708515167236328e+00
5.929413795471191406e+00
5.357079029083251953e+00
5.109465122222900391e+00
4.743894100189208984e+00
4.552569866180419922e+00
5.625085353851318359e+00
5.427945613861083984e+00
5.215808391571044922e+00
4.974876880645751953e+00
4.447971820831298828e+00
4.781835079193115234e+00
4.807739734649658203e+00
5.666143894195556641e+00
4.721444606781005859e+00
5.806620121002197266e+00
5.617585659027099609e+00
6.771158695220947266e+00
4.428498268127441406e+00
7.222781658172607422e+00
5.482703685760498047e+00
5.588526725769042969e+00
6.915402889251708984e+00
6.270470142364501953e+00
6.359524250030517578e+00
6.889319896697998047e+00
7.987003803253173828e+00
8.929428100585937500e+00
9.032961845397949219e+00
6.690215587615966797e+00
7.188471794128417969e+00
8.418691635131835938e+00
5.766408443450927734e+00
6.217073440551757812e+00
5.581545829772949219e+00
6.421182155609130859e+00
4.821966648101806641e+00
6.242400169372558594e+00
8.511400222778320312e+00
5.877822399139404297e+00
4.040397167205810547e+00
7.851154327392578125e+00
8.078553199768066406e+00
6.244556427001953125e+00
1.078697490692138672e+01
7.641458034515380859e+00
6.099538326263427734e+00
7.086493015289306641e+00
5.192875385284423828e+00
7.622561931610107422e+00
8.518938064575195312e+00
4.577244281768798828e+00
7.569754123687744141e+00
9.450034141540527344e+00
6.560358524322509766e+00
1.068256855010986328e+01
8.855041503906250000e+00
8.053785324096679688e+00
1.527464103698730469e+01
1.005512809753417969e+01
1.214535713195800781e+01
8.569444656372070312e+00
9.517890930175781250e+00
1.340546226501464844e+01
1.125065231323242188e+01
9.169900894165039062e+00
1.021382522583007812e+01
5.889798164367675781e+00
1.043738365173339844e+01
7.913933277130126953e+00
9.653796195983886719e+00
8.239393234252929688e+00
9.891147613525390625e+00
1.438391590118408203e+01
8.949748992919921875e+00
1.031218719482421875e+01
1.263982200622558594e+01
1.096815681457519531e+01
7.226828098297119141e+00
1.163944816589355469e+01
1.121223926544189453e+01
1.111833667755126953e+01
1.394966697692871094e+01
1.001082134246826172e+01
1.264503860473632812e+01
9.915979385375976562e+00
1.011139583587646484e+01
9.598087310791015625e+00
8.999956130981445312e+00
9.619240760803222656e+00
8.336695671081542969e+00
7.476045131683349609e+00
8.255998611450195312e+00
8.078989982604980469e+00
8.008958816528320312e+00
7.099725723266601562e+00
9.009448051452636719e+00
9.743126869201660156e+00
7.809278488159179688e+00
9.990755081176757812e+00
8.030295372009277344e+00
1.035428237915039062e+01
1.026311016082763672e+01
1.242605972290039062e+01
1.178855037689208984e+01
1.143760681152343750e+01
1.070244598388671875e+01
1.046762466430664062e+01
9.410926818847656250e+00
8.687166213989257812e+00
9.718322753906250000e+00
9.802558898925781250e+00
8.877099990844726562e+00
1.041554069519042969e+01
8.579573631286621094e+00
7.831985473632812500e+00
8.404427528381347656e+00
8.047855377197265625e+00
8.463949203491210938e+00
9.072799682617187500e+00
8.858146667480468750e+00
8.873889923095703125e+00
1.007962036132812500e+01
8.863744735717773438e+00
9.127779960632324219e+00
1.018798446655273438e+01
1.023014163970947266e+01
1.121351051330566406e+01
1.111801815032958984e+01
1.072620391845703125e+01
1.133083534240722656e+01
1.167430591583251953e+01
1.079847145080566406e+01
1.249436569213867188e+01
1.032855796813964844e+01
1.251339340209960938e+01
1.140869045257568359e+01
7.658351421356201172e+00
1.009124374389648438e+01
1.130865669250488281e+01
1.058897018432617188e+01
9.354994773864746094e+00
1.010655307769775391e+01
8.961990356445312500e+00
1.215099811553955078e+01
9.309258460998535156e+00
9.426041603088378906e+00
9.326406478881835938e+00
8.790680885314941406e+00
1.093826484680175781e+01
7.369271755218505859e+00
1.266702842712402344e+01
1.113601684570312500e+01
8.911800384521484375e+00
1.072888374328613281e+01
9.739336013793945312e+00
1.141535091400146484e+01
1.017905998229980469e+01
9.173709869384765625e+00
1.071425533294677734e+01
9.052711486816406250e+00
7.563302993774414062e+00
1.056629753112792969e+01
1.042099571228027344e+01
1.003971290588378906e+01
1.007519340515136719e+01
1.138497829437255859e+01
1.111958312988281250e+01
1.011254024505615234e+01
8.833560943603515625e+00
8.272613525390625000e+00
8.792364120483398438e+00
9.317998886108398438e+00
8.322590827941894531e+00
8.175175666809082031e+00
8.591777801513671875e+00
9.186210632324218750e+00
8.128888130187988281e+00
1.035939502716064453e+01
8.541036605834960938e+00
8.073303222656250000e+00
8.738483428955078125e+00
9.706132888793945312e+00
8.308154106140136719e+00
8.035717010498046875e+00
1.011490058898925781e+01
9.311931610107421875e+00
8.991100311279296875e+00
9.321376800537109375e+00
1.110279846191406250e+01
1.296489906311035156e+01
1.146140289306640625e+01
1.136920356750488281e+01
1.288403129577636719e+01
1.064670372009277344e+01
9.551308631896972656e+00
9.607735633850097656e+00
1.128381729125976562e+01
1.091118526458740234e+01
9.264871597290039062e+00
1.212599182128906250e+01
8.663498878479003906e+00
1.012036323547363281e+01
8.868755340576171875e+00
8.122675895690917969e+00
6.271655082702636719e+00
8.510369300842285156e+00
8.742798805236816406e+00
1.002792549133300781e+01
1.024035739898681641e+01
1.111052322387695312e+01
1.061641120910644531e+01
1.079294204711914062e+01
1.003356456756591797e+01
1.015735435485839844e+01
9.339325904846191406e+00
9.448802947998046875e+00
1.047504711151123047e+01
1.053552341461181641e+01
1.060531044006347656e+01
1.052468585968017578e+01
1.181480407714843750e+01
1.219770431518554688e+01
1.282807159423828125e+01
1.183502388000488281e+01
1.102034759521484375e+01
1.160808944702148438e+01
1.164734935760498047e+01
1.292750930786132812e+01
1.213243293762207031e+01
1.144021415710449219e+01
1.122789669036865234e+01
1.136324691772460938e+01
1.017220020294189453e+01
1.172944259643554688e+01
1.220724296569824219e+01
1.141243553161621094e+01
1.046069812774658203e+01
1.062516021728515625e+01
9.256116867065429688e+00
9.782403945922851562e+00
8.623541831970214844e+00
7.638922214508056641e+00
8.813890457153320312e+00
1.060160350799560547e+01
9.981033325195312500e+00
9.398469924926757812e+00
9.587547302246093750e+00
1.237702560424804688e+01
1.019350910186767578e+01
1.163863658905029297e+01
1.042063522338867188e+01
1.186242771148681641e+01
9.476125717163085938e+00
1.021695899963378906e+01
9.019489288330078125e+00
1.096695709228515625e+01
1.186714553833007812e+01
1.048956871032714844e+01
1.079677772521972656e+01
1.042900466918945312e+01
1.015175437927246094e+01
9.824108123779296875e+00
1.017996978759765625e+01
1.071301651000976562e+01
8.221336364746093750e+00
8.316993713378906250e+00
8.309299468994140625e+00
7.284316539764404297e+00
9.159126281738281250e+00
1.204406929016113281e+01
9.130107879638671875e+00
9.873514175415039062e+00
8.178901672363281250e+00
9.702228546142578125e+00
8.344629287719726562e+00
6.771109104156494141e+00
7.480771064758300781e+00
7.867652893066406250e+00
7.137227535247802734e+00
7.252687931060791016e+00
7.271527290344238281e+00
7.169069766998291016e+00
7.854563236236572266e+00
8.393858909606933594e+00
8.183913230895996094e+00
8.416551589965820312e+00
7.335238933563232422e+00
7.549967288970947266e+00
8.332254409790039062e+00
7.855022907257080078e+00
7.897305965423583984e+00
7.956437587738037109e+00
7.640005111694335938e+00
7.779885292053222656e+00
8.442659378051757812e+00
7.100410461425781250e+00
7.627833843231201172e+00
7.258475780487060547e+00
6.996075153350830078e+00
6.247111797332763672e+00
6.927900791168212891e+00
7.383911609649658203e+00
8.286808013916015625e+00
7.879180908203125000e+00
8.156134605407714844e+00
7.753607273101806641e+00
8.492918968200683594e+00
8.442451477050781250e+00
7.796812534332275391e+00
7.232943058013916016e+00
7.427925109863281250e+00
7.969436645507812500e+00
7.843643188476562500e+00
7.548498630523681641e+00
8.308420181274414062e+00
7.859825611114501953e+00
7.684190273284912109e+00
8.460733413696289062e+00
9.183584213256835938e+00
8.385710716247558594e+00
8.128925323486328125e+00
8.217433929443359375e+00
8.609352111816406250e+00
7.077389240264892578e+00
7.758216381072998047e+00
7.852655410766601562e+00
6.769659519195556641e+00
8.030219078063964844e+00
6.426601886749267578e+00
7.573717594146728516e+00
7.523556709289550781e+00
6.840329170227050781e+00
6.447816371917724609e+00
9.246660232543945312e+00
8.934734344482421875e+00
8.784925460815429688e+00
8.451075553894042969e+00
8.292644500732421875e+00
7.708259105682373047e+00
8.967473030090332031e+00
8.695118904113769531e+00
8.106025695800781250e+00
7.662483692169189453e+00
1.030319404602050781e+01
9.893354415893554688e+00
8.635810852050781250e+00
7.791884422302246094e+00
7.709841251373291016e+00
7.252332210540771484e+00
7.713762283325195312e+00
8.797320365905761719e+00
8.800007820129394531e+00
8.853382110595703125e+00
1.038426589965820312e+01
1.171864414215087891e+01
8.615965843200683594e+00
1.200051784515380859e+01
1.046762657165527344e+01
1.024457836151123047e+01
9.565296173095703125e+00
9.450132369995117188e+00
1.029821300506591797e+01
1.064548110961914062e+01
1.235022735595703125e+01
1.105753421783447266e+01
1.131540489196777344e+01
1.144305992126464844e+01
9.961246490478515625e+00
1.098479652404785156e+01
1.191128826141357422e+01
1.159960556030273438e+01
1.217767524719238281e+01
1.202771377563476562e+01
9.770405769348144531e+00
9.712840080261230469e+00
1.020430564880371094e+01
1.117767524719238281e+01
9.077514648437500000e+00
8.865665435791015625e+00
8.597705841064453125e+00
1.269277095794677734e+01
1.028985595703125000e+01
9.864032745361328125e+00
1.088078403472900391e+01
9.499755859375000000e+00
1.037104892730712891e+01
1.138373851776123047e+01
1.027443027496337891e+01
9.964351654052734375e+00
9.158942222595214844e+00
8.192156791687011719e+00
9.382725715637207031e+00
9.967683792114257812e+00
1.065744018554687500e+01
9.481134414672851562e+00
9.028801918029785156e+00
8.836429595947265625e+00
1.054560470581054688e+01
1.248423957824707031e+01
1.276962661743164062e+01
1.199614906311035156e+01
1.344775772094726562e+01
1.290375614166259766e+01
1.242318916320800781e+01
1.307904434204101562e+01
1.172279930114746094e+01
1.298225307464599609e+01
1.305718708038330078e+01
1.322229290008544922e+01
1.374725914001464844e+01
1.364654064178466797e+01
1.296293735504150391e+01
1.264271736145019531e+01
1.330642509460449219e+01
1.254381275177001953e+01
1.183019256591796875e+01
1.123643493652343750e+01
1.282264041900634766e+01
1.169029045104980469e+01
9.802885055541992188e+00
1.018087387084960938e+01
8.462199211120605469e+00
8.849866867065429688e+00
9.561356544494628906e+00
9.734453201293945312e+00
1.141014289855957031e+01
1.091753196716308594e+01
1.051023674011230469e+01
1.060788536071777344e+01
8.970382690429687500e+00
8.494359970092773438e+00
8.569539070129394531e+00
9.335899353027343750e+00
9.726123809814453125e+00
1.016782569885253906e+01
9.789859771728515625e+00
1.097236156463623047e+01
1.036908912658691406e+01
1.207485008239746094e+01
1.015748214721679688e+01
9.583835601806640625e+00
9.696392059326171875e+00
1.149190521240234375e+01
1.241189002990722656e+01
1.276190567016601562e+01
1.330307102203369141e+01
1.249979114532470703e+01
1.305521392822265625e+01
1.267806243896484375e+01
1.229999351501464844e+01
1.069154834747314453e+01
1.166559886932373047e+01
1.046153450012207031e+01
1.144829940795898438e+01
9.751295089721679688e+00
9.971993446350097656e+00
1.112201213836669922e+01
1.055275630950927734e+01
1.089902687072753906e+01
1.125574779510498047e+01
1.194166469573974609e+01
1.201601791381835938e+01
1.142147254943847656e+01
1.442459106445312500e+01
1.209804916381835938e+01
1.222848224639892578e+01
1.265455245971679688e+01
1.220846843719482422e+01
1.340216827392578125e+01
1.250644683837890625e+01
1.173361587524414062e+01
1.185833930969238281e+01
1.180150985717773438e+01
1.121304512023925781e+01
1.126776695251464844e+01
1.152891635894775391e+01
1.299000930786132812e+01
1.249931812286376953e+01
1.256034660339355469e+01
1.198800659179687500e+01
1.237196540832519531e+01
1.240011024475097656e+01
1.157949256896972656e+01
1.309467601776123047e+01
9.603492736816406250e+00
8.435520172119140625e+00
6.407877922058105469e+00
9.180784225463867188e+00
1.071762371063232422e+01
1.010735130310058594e+01
1.080286598205566406e+01
9.502563476562500000e+00
1.083878421783447266e+01
1.022731399536132812e+01
9.866358757019042969e+00
1.031198978424072266e+01
1.096393299102783203e+01
1.205195617675781250e+01
9.153003692626953125e+00
1.015956211090087891e+01
9.299356460571289062e+00
9.049266815185546875e+00
1.013837242126464844e+01
1.013388919830322266e+01
1.053743171691894531e+01
1.065554046630859375e+01
1.101784515380859375e+01
1.047598171234130859e+01
1.187402629852294922e+01
1.014118099212646484e+01
1.176855850219726562e+01
1.199260902404785156e+01
1.317099189758300781e+01
1.224582481384277344e+01
1.343058681488037109e+01
1.118732070922851562e+01
1.243142509460449219e+01
1.105364704132080078e+01
1.303961944580078125e+01
1.361206245422363281e+01
1.535907554626464844e+01
1.028686428070068359e+01
9.360042572021484375e+00
9.862232208251953125e+00
1.094553470611572266e+01
9.835556030273437500e+00
1.080071449279785156e+01
1.029473114013671875e+01
9.993868827819824219e+00
1.196740150451660156e+01
1.009090232849121094e+01
1.081795215606689453e+01
1.151774215698242188e+01
1.065891265869140625e+01
1.134300422668457031e+01
9.935272216796875000e+00
1.042891311645507812e+01
1.063844585418701172e+01
1.168606472015380859e+01
1.024875926971435547e+01
8.598963737487792969e+00
7.997750759124755859e+00
8.564053535461425781e+00
9.197765350341796875e+00
7.672744274139404297e+00
8.340306282043457031e+00
7.892386913299560547e+00
8.269745826721191406e+00
8.135470390319824219e+00
9.350751876831054688e+00
1.058718872070312500e+01
9.599003791809082031e+00
9.801102638244628906e+00
9.492411613464355469e+00
8.645933151245117188e+00
9.268161773681640625e+00
8.608810424804687500e+00
9.987478256225585938e+00
9.964151382446289062e+00
9.094978332519531250e+00
1.082107734680175781e+01
8.270549774169921875e+00
9.218845367431640625e+00
7.757884502410888672e+00
8.498322486877441406e+00
8.476055145263671875e+00
8.144323348999023438e+00
9.333452224731445312e+00
1.080887508392333984e+01
1.057527160644531250e+01
9.899692535400390625e+00
1.036774253845214844e+01
1.010958099365234375e+01
9.143556594848632812e+00
8.420751571655273438e+00
7.342432498931884766e+00
8.737024307250976562e+00
8.734729766845703125e+00
8.320524215698242188e+00
7.842733860015869141e+00
8.941663742065429688e+00
8.312882423400878906e+00
7.766976356506347656e+00
9.073574066162109375e+00
8.797191619873046875e+00
8.680792808532714844e+00
8.192873954772949219e+00
8.140122413635253906e+00
8.762131690979003906e+00
8.608558654785156250e+00
8.039464950561523438e+00
8.386425971984863281e+00
8.956605911254882812e+00
8.867260932922363281e+00
8.130201339721679688e+00
9.416052818298339844e+00
7.473177433013916016e+00
7.694849491119384766e+00
7.435818195343017578e+00
7.650793552398681641e+00
6.569324016571044922e+00
7.876940250396728516e+00
8.900325775146484375e+00
6.991703510284423828e+00
7.609468936920166016e+00
8.184763908386230469e+00
7.810688018798828125e+00
7.927718639373779297e+00
7.616292476654052734e+00
7.857752323150634766e+00
7.923667430877685547e+00
7.932135105133056641e+00
8.181167602539062500e+00
8.748718261718750000e+00
8.935264587402343750e+00
7.771916866302490234e+00
7.857112407684326172e+00
7.737360954284667969e+00
6.939018726348876953e+00
7.468318939208984375e+00
6.981124877929687500e+00
7.013190746307373047e+00
7.535480976104736328e+00
7.688214778900146484e+00
6.893748760223388672e+00
6.786944866180419922e+00
5.491947650909423828e+00
5.175268650054931641e+00
5.629386425018310547e+00
5.655976772308349609e+00
6.253065586090087891e+00
5.982059001922607422e+00
6.405475139617919922e+00
6.602166175842285156e+00
6.836452484130859375e+00
7.317995548248291016e+00
7.270133495330810547e+00
5.601530551910400391e+00
5.594707489013671875e+00
5.286336421966552734e+00
5.506450176239013672e+00
5.951937675476074219e+00
5.121219635009765625e+00
6.162794113159179688e+00
5.605142593383789062e+00
5.967364788055419922e+00
5.932543277740478516e+00
6.168275356292724609e+00
5.062968730926513672e+00
4.854153156280517578e+00
5.352739810943603516e+00
6.873312473297119141e+00
5.688623905181884766e+00
6.240084648132324219e+00
5.794181346893310547e+00
5.291047573089599609e+00
5.618630886077880859e+00
5.373407363891601562e+00
5.332960128784179688e+00
5.155222415924072266e+00
5.817466735839843750e+00
5.417188167572021484e+00
7.052148342132568359e+00
4.988127231597900391e+00
6.548517227172851562e+00
5.390251159667968750e+00
5.529369354248046875e+00
4.536760330200195312e+00
5.673384189605712891e+00
5.646317958831787109e+00
5.028460025787353516e+00
4.617193698883056641e+00
4.334872722625732422e+00
4.833144664764404297e+00
4.117786884307861328e+00
4.354688167572021484e+00
4.256844520568847656e+00
4.424283504486083984e+00
3.385552406311035156e+00
4.542396068572998047e+00
3.791245698928833008e+00
3.986517429351806641e+00
2.859110593795776367e+00
2.764296770095825195e+00
3.313910722732543945e+00
3.128526687622070312e+00
3.293081760406494141e+00
3.303949117660522461e+00
4.098722934722900391e+00
2.200895071029663086e+00
3.581881284713745117e+00
2.713447093963623047e+00
2.613798618316650391e+00
1.736389636993408203e+00
1.665970206260681152e+00
3.264426708221435547e+00
3.027615308761596680e+00
2.600067615509033203e+00
2.880763530731201172e+00
1.929019808769226074e+00
3.795841932296752930e+00
4.166033744812011719e+00
3.102368116378784180e+00
3.751014232635498047e+00
3.503795623779296875e+00
2.868532180786132812e+00
3.215613603591918945e+00
3.128956317901611328e+00
3.576064109802246094e+00
3.576330423355102539e+00
2.119464635848999023e+00
3.784071922302246094e+00
3.042890548706054688e+00
2.275426626205444336e+00
2.394328117370605469e+00
2.127314805984497070e+00
1.958154678344726562e+00
2.367845058441162109e+00
1.562315821647644043e+00
3.130510807037353516e+00
2.532329320907592773e+00
3.298032760620117188e+00
2.586237907409667969e+00
2.577614307403564453e+00
3.321651458740234375e+00
1.810766220092773438e+00
4.158627033233642578e+00
9.124469161033630371e-01
1.861482024192810059e+00
4.110141754150390625e+00
4.136759757995605469e+00
2.247309684753417969e+00
1.859093546867370605e+00
2.218495368957519531e+00
2.882474899291992188e+00
4.247807025909423828e+00
2.545455694198608398e+00
2.990774631500244141e+00
3.178838253021240234e+00
4.032247066497802734e+00
4.754344463348388672e+00
4.264738082885742188e+00
4.402383327484130859e+00
3.509258508682250977e+00
4.187252998352050781e+00
3.929263830184936523e+00
3.238320350646972656e+00
3.770351409912109375e+00
2.727590322494506836e+00
3.840169906616210938e+00
4.968506813049316406e+00
6.417394161224365234e+00
5.579578876495361328e+00
5.324938297271728516e+00
5.450819492340087891e+00
5.753220558166503906e+00
6.137599468231201172e+00
6.002512931823730469e+00
6.077158451080322266e+00
6.135884761810302734e+00
6.151998996734619141e+00
7.028641223907470703e+00
6.731594562530517578e+00
7.269919395446777344e+00
7.026341438293457031e+00
7.646540164947509766e+00
6.578636169433593750e+00
7.099173069000244141e+00
6.151483058929443359e+00
6.775294780731201172e+00
6.496243000030517578e+00
7.034849166870117188e+00
7.412749290466308594e+00
7.527421474456787109e+00
7.661290168762207031e+00
7.604186534881591797e+00
6.560512542724609375e+00
7.097105503082275391e+00
7.218327045440673828e+00
7.277912616729736328e+00
7.535018444061279297e+00
9.095082283020019531e+00
8.035465240478515625e+00
7.649847984313964844e+00
9.264902114868164062e+00
1.011134147644042969e+01
8.645633697509765625e+00
7.861122608184814453e+00
7.932201862335205078e+00
8.615831375122070312e+00
6.604583263397216797e+00
7.839630126953125000e+00
6.247735500335693359e+00
6.538675785064697266e+00
7.706166744232177734e+00
6.254305839538574219e+00
9.111997604370117188e+00
1.191184997558593750e+01
1.311806678771972656e+01
1.022327423095703125e+01
8.900477409362792969e+00
1.062415981292724609e+01
7.891949176788330078e+00
8.328111648559570312e+00
6.835958957672119141e+00
9.788318634033203125e+00
7.832019805908203125e+00
7.198473453521728516e+00
9.396424293518066406e+00
7.423331260681152344e+00
7.549571514129638672e+00
7.492783069610595703e+00
7.631072521209716797e+00
6.891617774963378906e+00
8.296244621276855469e+00
6.778676509857177734e+00
7.130331516265869141e+00
8.840567588806152344e+00
7.085113525390625000e+00
6.694615840911865234e+00
7.472325801849365234e+00
9.126152992248535156e+00
8.187411308288574219e+00
7.623116493225097656e+00
7.596733570098876953e+00
8.116477012634277344e+00
8.221819877624511719e+00
8.577333450317382812e+00
8.075544357299804688e+00
8.608508110046386719e+00
8.296670913696289062e+00
8.756915092468261719e+00
8.652961730957031250e+00
8.075087547302246094e+00
8.935810089111328125e+00
8.395427703857421875e+00
8.676872253417968750e+00
8.527711868286132812e+00
9.388634681701660156e+00
8.909070968627929688e+00
8.574224472045898438e+00
8.646791458129882812e+00
9.267780303955078125e+00
9.466431617736816406e+00
8.736053466796875000e+00
9.183924674987792969e+00
8.864237785339355469e+00
8.500495910644531250e+00
9.038194656372070312e+00
8.150573730468750000e+00
8.119513511657714844e+00
7.237843513488769531e+00
6.827434539794921875e+00
6.834965229034423828e+00
7.567733287811279297e+00
8.809041976928710938e+00
8.539627075195312500e+00
8.210157394409179688e+00
9.805120468139648438e+00
9.566822052001953125e+00
1.218206977844238281e+01
1.101423072814941406e+01
9.197023391723632812e+00
1.037772750854492188e+01
9.186645507812500000e+00
9.821411132812500000e+00
9.318096160888671875e+00
1.018704986572265625e+01
7.808684825897216797e+00
1.019411277770996094e+01
8.687539100646972656e+00
8.738075256347656250e+00
8.634721755981445312e+00
9.031215667724609375e+00
9.221519470214843750e+00
8.293645858764648438e+00
9.881811141967773438e+00
1.020831489562988281e+01
1.005709838867187500e+01
1.068728256225585938e+01
9.115156173706054688e+00
1.009761238098144531e+01
1.064787960052490234e+01
1.096068191528320312e+01
1.070328140258789062e+01
1.050040531158447266e+01
1.072896957397460938e+01
1.096005535125732422e+01
1.037318134307861328e+01
9.490224838256835938e+00
9.379339218139648438e+00
9.117725372314453125e+00
9.325576782226562500e+00
9.714809417724609375e+00
1.013197803497314453e+01
1.199807548522949219e+01
1.003464698791503906e+01
9.808223724365234375e+00
1.029285621643066406e+01
1.130757331848144531e+01
9.363056182861328125e+00
1.014234256744384766e+01
8.698366165161132812e+00
9.135856628417968750e+00
9.394400596618652344e+00
8.197142601013183594e+00
8.976654052734375000e+00
9.393683433532714844e+00
9.839332580566406250e+00
1.076605224609375000e+01
1.083272266387939453e+01
1.056128501892089844e+01
1.334454059600830078e+01
1.230136871337890625e+01
1.055808353424072266e+01
9.011753082275390625e+00
9.261812210083007812e+00
9.345815658569335938e+00
1.052651596069335938e+01
1.006521797180175781e+01
1.011951637268066406e+01
1.028935050964355469e+01
1.097954940795898438e+01
1.055496120452880859e+01
1.087997627258300781e+01
9.145460128784179688e+00
1.011896896362304688e+01
9.084501266479492188e+00
1.031791973114013672e+01
1.076340866088867188e+01
1.268639373779296875e+01
1.147191715240478516e+01
1.186630153656005859e+01
1.022651100158691406e+01
1.220292854309082031e+01
1.522883892059326172e+01
1.128340244293212891e+01
1.109795761108398438e+01
9.372751235961914062e+00
1.064917945861816406e+01
9.646745681762695312e+00
9.883383750915527344e+00
9.107051849365234375e+00
1.228851127624511719e+01
1.194601821899414062e+01
1.519544410705566406e+01
1.322794151306152344e+01
1.477959632873535156e+01
1.553589439392089844e+01
1.157689571380615234e+01
1.122842216491699219e+01
1.150791454315185547e+01
9.953017234802246094e+00
1.729689407348632812e+01
1.177733135223388672e+01
1.460383987426757812e+01
1.347803878784179688e+01
1.684665107727050781e+01
1.380159378051757812e+01
1.288050270080566406e+01
1.169278717041015625e+01
1.189500427246093750e+01
1.056403446197509766e+01
1.120765686035156250e+01
1.157836723327636719e+01
9.761186599731445312e+00
1.216120910644531250e+01
1.516486167907714844e+01
1.385699462890625000e+01
1.197484779357910156e+01
1.307038116455078125e+01
1.349081516265869141e+01
1.416914176940917969e+01
1.396834754943847656e+01
1.474180603027343750e+01
1.489595508575439453e+01
1.302785301208496094e+01
1.029067420959472656e+01
1.212139415740966797e+01
1.331970596313476562e+01
1.170354652404785156e+01
1.160717773437500000e+01
1.205298042297363281e+01
1.379226112365722656e+01
1.280812072753906250e+01
1.089564037322998047e+01
1.166152191162109375e+01
1.058100414276123047e+01
1.064066600799560547e+01
8.795125961303710938e+00
1.125280952453613281e+01
1.331639575958251953e+01
1.228288841247558594e+01
1.275738716125488281e+01
1.321102809906005859e+01
1.085794448852539062e+01
1.320428657531738281e+01
1.233556938171386719e+01
1.259668922424316406e+01
1.095764255523681641e+01
1.182907104492187500e+01
1.287753009796142578e+01
1.149814414978027344e+01
1.175163078308105469e+01
9.738219261169433594e+00
1.165498161315917969e+01
1.119039344787597656e+01
1.012095069885253906e+01
1.054990577697753906e+01
1.230142021179199219e+01
1.089759254455566406e+01
9.892931938171386719e+00
1.042446136474609375e+01
1.033477878570556641e+01
1.087903594970703125e+01
1.036803722381591797e+01
9.580417633056640625e+00
9.704271316528320312e+00
1.013752365112304688e+01
8.489356994628906250e+00
9.889106750488281250e+00
1.001295375823974609e+01
9.154955863952636719e+00
1.103733634948730469e+01
9.840922355651855469e+00
7.743861198425292969e+00
9.211962699890136719e+00
6.707441329956054688e+00
9.155447959899902344e+00
8.302694320678710938e+00
1.047879791259765625e+01
1.075128364562988281e+01
9.484048843383789062e+00
1.014147567749023438e+01
9.346117019653320312e+00
8.723981857299804688e+00
8.858783721923828125e+00
7.857897281646728516e+00
9.246192932128906250e+00
9.304264068603515625e+00
8.634336471557617188e+00
9.606029510498046875e+00
8.894838333129882812e+00
9.130409240722656250e+00
9.873460769653320312e+00
9.276486396789550781e+00
1.030474376678466797e+01
9.994475364685058594e+00
9.753358840942382812e+00
1.009414482116699219e+01
1.001918411254882812e+01
9.789451599121093750e+00
9.269022941589355469e+00
8.948175430297851562e+00
9.700807571411132812e+00
9.189852714538574219e+00
9.542702674865722656e+00
8.904806137084960938e+00
9.826425552368164062e+00
8.669717788696289062e+00
8.764951705932617188e+00
9.030203819274902344e+00
8.717664718627929688e+00
8.437103271484375000e+00
9.006200790405273438e+00
8.422704696655273438e+00
8.324768066406250000e+00
7.984757900238037109e+00
8.618568420410156250e+00
9.096895217895507812e+00
8.646860122680664062e+00
8.534545898437500000e+00
8.991886138916015625e+00
9.009387969970703125e+00
9.847520828247070312e+00
9.684988975524902344e+00
9.596543312072753906e+00
9.442422866821289062e+00
9.673954010009765625e+00
8.455087661743164062e+00
8.500513076782226562e+00
7.865029811859130859e+00
8.588492393493652344e+00
8.951327323913574219e+00
8.741697311401367188e+00
9.094524383544921875e+00
9.620272636413574219e+00
8.403825759887695312e+00
8.827705383300781250e+00
8.614649772644042969e+00
8.507168769836425781e+00
8.622014999389648438e+00
7.908130168914794922e+00
8.181585311889648438e+00
8.140034675598144531e+00
7.321732997894287109e+00
7.989754676818847656e+00
8.026675224304199219e+00
8.364072799682617188e+00
7.921703815460205078e+00
8.373255729675292969e+00
8.966978073120117188e+00
8.307294845581054688e+00
7.460962772369384766e+00
7.821112155914306641e+00
8.508909225463867188e+00
8.589484214782714844e+00
9.657607078552246094e+00
8.032777786254882812e+00
7.692392826080322266e+00
6.656303882598876953e+00
6.410609245300292969e+00
7.923785686492919922e+00
7.775244235992431641e+00
7.859140872955322266e+00
7.693357944488525391e+00
7.724899291992187500e+00
7.875309467315673828e+00
7.885649204254150391e+00
6.688199996948242188e+00
7.048274040222167969e+00
6.472497463226318359e+00
5.968617916107177734e+00
6.103134632110595703e+00
4.795517444610595703e+00
5.366874694824218750e+00
5.195177555084228516e+00
4.636586189270019531e+00
5.298941612243652344e+00
4.831479072570800781e+00
3.791062831878662109e+00
4.577222347259521484e+00
5.205590724945068359e+00
5.424786090850830078e+00
5.510303020477294922e+00
4.446123600006103516e+00
4.438500881195068359e+00
4.532317161560058594e+00
4.890273571014404297e+00
5.221238613128662109e+00
4.587654113769531250e+00
5.731986999511718750e+00
4.626894950866699219e+00
4.369160175323486328e+00
4.386432647705078125e+00
4.045466899871826172e+00
3.574272394180297852e+00
5.016741275787353516e+00
3.123255252838134766e+00
3.662923097610473633e+00
3.346033573150634766e+00
2.884403705596923828e+00
2.647383689880371094e+00
3.086319923400878906e+00
2.149055004119873047e+00
2.331806659698486328e+00
2.110284805297851562e+00
2.220147371292114258e+00
2.303333044052124023e+00
2.677617311477661133e+00
2.371728897094726562e+00
2.276670217514038086e+00
2.069148540496826172e+00
2.064971208572387695e+00
2.051886558532714844e+00
1.770636677742004395e+00
2.327178001403808594e+00
2.414186477661132812e+00
1.807220816612243652e+00
2.279053926467895508e+00
2.701696157455444336e+00
1.882392883300781250e+00
2.011676788330078125e+00
2.020970344543457031e+00
1.487765908241271973e+00
1.958735942840576172e+00
1.022137999534606934e+00
4.443689286708831787e-01
4.024545848369598389e-01
6.146782636642456055e-01
-1.012181639671325684e-01
-9.952753782272338867e-02
4.568433389067649841e-02
-2.408392429351806641e-01
-2.199281156063079834e-01
-1.828794181346893311e-01
1.976767778396606445e-01
2.629857882857322693e-02
-2.321574836969375610e-03
-1.717472970485687256e-01
-3.515047430992126465e-01
-1.984757483005523682e-01
-8.267721533775329590e-02
-1.816179752349853516e-01
-1.337638795375823975e-01
-3.964543715119361877e-02
-2.372162938117980957e-01
2.953379973769187927e-02
-1.362131536006927490e-01
2.592155337333679199e-01
4.043015465140342712e-02
2.569549977779388428e-01
5.346953496336936951e-02
2.316560447216033936e-01
1.042923927307128906e-01
-7.266095280647277832e-02
-2.576902881264686584e-02
-1.661965623497962952e-02
-1.190305352210998535e-01
9.959736466407775879e-01
-3.952909708023071289e-01
2.672219872474670410e-01
1.581799983978271484e-01
5.619463324546813965e-01
6.036822199821472168e-01
4.751855432987213135e-01
3.874011933803558350e-01
1.971051216125488281e+00
8.395940661430358887e-01
4.387975335121154785e-01
1.995160341262817383e+00
1.302858829498291016e+00
9.395898580551147461e-01
1.378774404525756836e+00
1.819865465164184570e+00
1.852565288543701172e+00
4.777779579162597656e-01
2.157643079757690430e+00
1.680556774139404297e+00
1.121884822845458984e+00
2.064883470535278320e+00
1.859678387641906738e+00
1.821492433547973633e+00
1.339238762855529785e+00
1.931770920753479004e+00
2.827290296554565430e+00
1.884658932685852051e+00
2.296891450881958008e+00
2.144879341125488281e+00
2.808192253112792969e+00
2.373141765594482422e+00
2.032490968704223633e+00
3.215371608734130859e+00
3.382334232330322266e+00
3.387237787246704102e+00
3.046107053756713867e+00
3.235665798187255859e+00
3.982830047607421875e+00
3.520238399505615234e+00
4.354665756225585938e+00
4.674092769622802734e+00
4.440105915069580078e+00
3.979436874389648438e+00
4.376502037048339844e+00
3.907344102859497070e+00
4.274096965789794922e+00
3.373579502105712891e+00
4.807326316833496094e+00
3.664186000823974609e+00
4.511303901672363281e+00
5.527493953704833984e+00
5.261415004730224609e+00
6.304530620574951172e+00
4.443603038787841797e+00
6.369167804718017578e+00
5.579918384552001953e+00
5.450109004974365234e+00
4.339867115020751953e+00
5.573629856109619141e+00
4.526733875274658203e+00
4.550632953643798828e+00
8.270707130432128906e+00
3.466316223144531250e+00
6.747938632965087891e+00
8.387408256530761719e+00
6.466076374053955078e+00
8.163228988647460938e+00
7.759304046630859375e+00
7.282812118530273438e+00
6.355018138885498047e+00
7.782654285430908203e+00
6.719586372375488281e+00
5.077091693878173828e+00
5.497733116149902344e+00
5.774223327636718750e+00
5.658338069915771484e+00
5.279014110565185547e+00
5.774534702301025391e+00
6.071296691894531250e+00
6.194732189178466797e+00
6.151516437530517578e+00
6.875693798065185547e+00
7.413602828979492188e+00
7.181290149688720703e+00
7.166649341583251953e+00
7.469629764556884766e+00
7.197362899780273438e+00
7.236108303070068359e+00
6.490859031677246094e+00
8.248120307922363281e+00
8.109347343444824219e+00
7.941411972045898438e+00
6.110280513763427734e+00
7.383831501007080078e+00
6.915480136871337891e+00
7.524774551391601562e+00
6.213683605194091797e+00
7.352570056915283203e+00
1.022709083557128906e+01
6.738698959350585938e+00
7.362831592559814453e+00
7.165267944335937500e+00
6.655280113220214844e+00
8.681029319763183594e+00
8.883910179138183594e+00
9.708404541015625000e+00
8.839721679687500000e+00
8.870401382446289062e+00
9.225656509399414062e+00
8.916702270507812500e+00
1.003867149353027344e+01
8.676539421081542969e+00
7.935222625732421875e+00
1.132380771636962891e+01
9.566711425781250000e+00
1.155169486999511719e+01
1.275480651855468750e+01
1.160421752929687500e+01
1.032472801208496094e+01
1.038587570190429688e+01
9.820136070251464844e+00
1.051350402832031250e+01
1.096722030639648438e+01
1.138025474548339844e+01
1.147811508178710938e+01
1.067709159851074219e+01
1.220107269287109375e+01
1.101085662841796875e+01
1.067010974884033203e+01
1.239994239807128906e+01
1.021391105651855469e+01
9.094347000122070312e+00
8.496387481689453125e+00
7.590622901916503906e+00
7.318409919738769531e+00
7.594476699829101562e+00
8.727499008178710938e+00
1.108443832397460938e+01
9.179286956787109375e+00
9.288481712341308594e+00
8.833353042602539062e+00
8.964304924011230469e+00
9.922221183776855469e+00
9.853246688842773438e+00
9.794605255126953125e+00
1.138394927978515625e+01
1.109648227691650391e+01
1.027117061614990234e+01
9.735408782958984375e+00
9.636653900146484375e+00
1.329031467437744141e+01
1.127874469757080078e+01
1.113049125671386719e+01
1.012276268005371094e+01
1.046302795410156250e+01
1.060090446472167969e+01
1.069508171081542969e+01
1.188019657135009766e+01
1.069650459289550781e+01
9.528941154479980469e+00
9.542982101440429688e+00
9.836575508117675781e+00
9.906158447265625000e+00
1.116734695434570312e+01
9.229215621948242188e+00
1.193513298034667969e+01
1.100867271423339844e+01
1.055741596221923828e+01
1.013158607482910156e+01
1.075009155273437500e+01
1.137296295166015625e+01
9.845422744750976562e+00
1.042901897430419922e+01
9.560593605041503906e+00
1.095720100402832031e+01
9.021182060241699219e+00
1.215015125274658203e+01
1.037315559387207031e+01
1.016453075408935547e+01
1.003047657012939453e+01
1.106870746612548828e+01
1.251121330261230469e+01
1.192472076416015625e+01
1.165734481811523438e+01
1.164683914184570312e+01
1.191758346557617188e+01
1.265745067596435547e+01
1.193107128143310547e+01
1.223549461364746094e+01
1.342023372650146484e+01
1.426855087280273438e+01
1.522447109222412109e+01
1.006227111816406250e+01
1.250725173950195312e+01
1.258110237121582031e+01
1.353657150268554688e+01
1.319906711578369141e+01
1.304789829254150391e+01
1.415288352966308594e+01
1.257823848724365234e+01
1.243482780456542969e+01
1.311865139007568359e+01
1.391417694091796875e+01
1.307546329498291016e+01
1.210004043579101562e+01
1.020091629028320312e+01
8.993016242980957031e+00
9.779697418212890625e+00
1.073901748657226562e+01
1.102734184265136719e+01
1.141568565368652344e+01
1.182309722900390625e+01
1.156983184814453125e+01
1.126485633850097656e+01
1.047463512420654297e+01
1.104392051696777344e+01
1.184427070617675781e+01
1.261193180084228516e+01
1.328759288787841797e+01
1.271754837036132812e+01
1.312561035156250000e+01
1.129790019989013672e+01
1.141362667083740234e+01
1.068611049652099609e+01
1.182954978942871094e+01
1.188238143920898438e+01
1.221340370178222656e+01
1.255387687683105469e+01
1.378402423858642578e+01
1.286810493469238281e+01
1.314182662963867188e+01
1.289563751220703125e+01
1.300279045104980469e+01
1.371698570251464844e+01
1.416442680358886719e+01
1.320527744293212891e+01
1.498659610748291016e+01
1.227993488311767578e+01
1.198822212219238281e+01
1.075993728637695312e+01
1.083623886108398438e+01
1.025373840332031250e+01
1.234134483337402344e+01
1.178427505493164062e+01
1.343028831481933594e+01
1.218694305419921875e+01
1.136198329925537109e+01
1.110664558410644531e+01
1.068234920501708984e+01
1.220260906219482422e+01
1.186315441131591797e+01
1.203377246856689453e+01
1.295259094238281250e+01
1.219793224334716797e+01
1.352573394775390625e+01
1.446169853210449219e+01
1.547505092620849609e+01
1.442172431945800781e+01
1.271492195129394531e+01
1.246815681457519531e+01
1.345112037658691406e+01
1.204269409179687500e+01
1.331812858581542969e+01
1.465215873718261719e+01
1.484890842437744141e+01
1.461894035339355469e+01
1.414316844940185547e+01
1.555354309082031250e+01
1.370496368408203125e+01
1.327583503723144531e+01
1.318206501007080078e+01
1.232304191589355469e+01
1.255227279663085938e+01
1.158639526367187500e+01
1.188478469848632812e+01
1.072601890563964844e+01
1.222764492034912109e+01
1.305702400207519531e+01
1.222203063964843750e+01
1.195600414276123047e+01
1.379284095764160156e+01
1.304984951019287109e+01
1.486324501037597656e+01
1.338034439086914062e+01
1.307289886474609375e+01
1.230553817749023438e+01
1.362861442565917969e+01
1.409375000000000000e+01
1.387103843688964844e+01
1.230265522003173828e+01
1.244739151000976562e+01
1.094565296173095703e+01
9.755080223083496094e+00
1.217062377929687500e+01
1.120353698730468750e+01
1.048589038848876953e+01
9.687781333923339844e+00
1.036440086364746094e+01
9.932173728942871094e+00
1.085662269592285156e+01
1.257310295104980469e+01
1.412089729309082031e+01
1.466655158996582031e+01
1.590886306762695312e+01
1.415232372283935547e+01
1.572220325469970703e+01
1.331631660461425781e+01
1.294459724426269531e+01
1.393404960632324219e+01
1.320804595947265625e+01
1.294331836700439453e+01
1.251529502868652344e+01
1.261712265014648438e+01
1.296170806884765625e+01
1.351111602783203125e+01
1.295143127441406250e+01
1.343429183959960938e+01
1.434952259063720703e+01
1.453411293029785156e+01
1.538078689575195312e+01
1.594769668579101562e+01
1.490963554382324219e+01
1.582665443420410156e+01
1.539719963073730469e+01
1.570592117309570312e+01
1.521384239196777344e+01
1.537296390533447266e+01
1.416911888122558594e+01
1.330477905273437500e+01
1.334057617187500000e+01
1.284397888183593750e+01
1.226749229431152344e+01
1.282882213592529297e+01
1.212891197204589844e+01
1.352603340148925781e+01
1.333963489532470703e+01
1.334126949310302734e+01
1.401850700378417969e+01
1.184698390960693359e+01
1.276367759704589844e+01
1.300157546997070312e+01
1.314342308044433594e+01
1.282578086853027344e+01
1.330783081054687500e+01
1.190608406066894531e+01
1.371709442138671875e+01
1.290381431579589844e+01
1.370147514343261719e+01
1.393830680847167969e+01
1.500256538391113281e+01
1.413616085052490234e+01
1.347041606903076172e+01
1.289426803588867188e+01
1.346391487121582031e+01
1.218162822723388672e+01
1.480627632141113281e+01
1.375352859497070312e+01
1.191835689544677734e+01
1.357710552215576172e+01
1.210992622375488281e+01
1.158429527282714844e+01
1.097166061401367188e+01
1.046043777465820312e+01
1.075745773315429688e+01
8.205619812011718750e+00
1.100776100158691406e+01
1.186005973815917969e+01
1.097370147705078125e+01
1.118931770324707031e+01
1.159527969360351562e+01
1.062362670898437500e+01
1.066408729553222656e+01
8.753876686096191406e+00
9.904015541076660156e+00
9.919895172119140625e+00
1.066385078430175781e+01
9.810194015502929688e+00
1.138437080383300781e+01
9.946744918823242188e+00
1.020539474487304688e+01
1.102600669860839844e+01
1.224396419525146484e+01
1.280020618438720703e+01
1.318961524963378906e+01
1.424848747253417969e+01
1.529629611968994141e+01
1.263165664672851562e+01
1.508967018127441406e+01
1.112451362609863281e+01
1.535681629180908203e+01
1.478940296173095703e+01
1.185368156433105469e+01
1.449976825714111328e+01
1.149608135223388672e+01
1.051966476440429688e+01
1.125770950317382812e+01
1.361223220825195312e+01
1.208386802673339844e+01
1.024302291870117188e+01
1.246805095672607422e+01
1.136163139343261719e+01
1.091827583312988281e+01
1.062169647216796875e+01
1.146477890014648438e+01
1.309663963317871094e+01
1.117229175567626953e+01
1.140296173095703125e+01
1.049655342102050781e+01
1.182781600952148438e+01
1.279504489898681641e+01
1.309072494506835938e+01
1.187568664550781250e+01
1.233915138244628906e+01
1.121663665771484375e+01
1.210548019409179688e+01
1.415874481201171875e+01
1.359895324707031250e+01
1.170077133178710938e+01
1.150242137908935547e+01
8.850427627563476562e+00
9.802675247192382812e+00
9.489091873168945312e+00
1.039728546142578125e+01
1.137514019012451172e+01
1.301739025115966797e+01
1.170374298095703125e+01
1.180800056457519531e+01
1.300976753234863281e+01
1.235376548767089844e+01
1.172770118713378906e+01
1.326341819763183594e+01
1.017554187774658203e+01
1.070731735229492188e+01
1.117036056518554688e+01
1.238024520874023438e+01
1.201024818420410156e+01
1.240325355529785156e+01
1.320696830749511719e+01
1.236831855773925781e+01
1.200837802886962891e+01
1.369898414611816406e+01
1.394007492065429688e+01
1.071624374389648438e+01
1.233093452453613281e+01
1.144211196899414062e+01
1.501745414733886719e+01
1.255067348480224609e+01
1.237810611724853516e+01
1.426365661621093750e+01
1.326601505279541016e+01
1.415587806701660156e+01
1.209115314483642578e+01
9.211127281188964844e+00
9.373680114746093750e+00
9.466764450073242188e+00
9.020246505737304688e+00
9.400503158569335938e+00
8.770097732543945312e+00
1.074603462219238281e+01
1.147036075592041016e+01
1.073188400268554688e+01
1.354176235198974609e+01
1.249478149414062500e+01
1.153605461120605469e+01
1.251477622985839844e+01
1.384595012664794922e+01
1.665699386596679688e+01
1.596269226074218750e+01
1.403071594238281250e+01
1.442845916748046875e+01
1.083741569519042969e+01
1.144123077392578125e+01
1.097346210479736328e+01
1.150456619262695312e+01
1.163589954376220703e+01
1.195847892761230469e+01
1.390819263458251953e+01
1.181169986724853516e+01
1.109903717041015625e+01
1.401883983612060547e+01
1.419861412048339844e+01
1.379699325561523438e+01
1.170515823364257812e+01
1.211818313598632812e+01
1.385933303833007812e+01
1.703254318237304688e+01
1.359741401672363281e+01
1.468598937988281250e+01
1.858269500732421875e+01
1.449302005767822266e+01
1.539196968078613281e+01
1.344036006927490234e+01
1.041719532012939453e+01
1.195456123352050781e+01
1.248400306701660156e+01
1.322454547882080078e+01
1.365303611755371094e+01
9.189019203186035156e+00
1.023200035095214844e+01
1.163664150238037109e+01
1.144532012939453125e+01
1.124270725250244141e+01
1.136907386779785156e+01
1.502621650695800781e+01
1.098132133483886719e+01
1.158614349365234375e+01
1.388899993896484375e+01
1.638905715942382812e+01
1.123484039306640625e+01
1.523693656921386719e+01
1.128948783874511719e+01
1.167850112915039062e+01
1.294230079650878906e+01
1.152355384826660156e+01
1.276682186126708984e+01
1.440210914611816406e+01
1.348903465270996094e+01
1.541442298889160156e+01
1.268880367279052734e+01
1.558056449890136719e+01
1.572465991973876953e+01
1.797778320312500000e+01
1.834682464599609375e+01
1.952881813049316406e+01
1.883762359619140625e+01
1.870549583435058594e+01
1.746072387695312500e+01
1.436682510375976562e+01
1.578694152832031250e+01
1.482029724121093750e+01
1.579961204528808594e+01
1.411276149749755859e+01
1.391991329193115234e+01
1.252251815795898438e+01
1.474183273315429688e+01
1.317824268341064453e+01
1.433958625793457031e+01
1.647709274291992188e+01
1.432286262512207031e+01
1.276141834259033203e+01
1.421541500091552734e+01
1.363145637512207031e+01
1.255960750579833984e+01
1.352008533477783203e+01
1.451682281494140625e+01
1.328680133819580078e+01
1.520316219329833984e+01
1.282600975036621094e+01
1.309113311767578125e+01
1.358376884460449219e+01
1.316935539245605469e+01
1.177025222778320312e+01
9.729822158813476562e+00
1.032280921936035156e+01
1.017482852935791016e+01
9.056985855102539062e+00
8.966145515441894531e+00
1.221158123016357422e+01
1.154471015930175781e+01
1.429975509643554688e+01
1.414877700805664062e+01
9.873517990112304688e+00
9.998224258422851562e+00
1.271280384063720703e+01
1.144090843200683594e+01
1.182103347778320312e+01
1.356401634216308594e+01
1.101057147979736328e+01
1.022926139831542969e+01
1.433455944061279297e+01
1.098691558837890625e+01
1.182073020935058594e+01
1.414248466491699219e+01
1.374892807006835938e+01
1.179302215576171875e+01
1.146322154998779297e+01
1.132261657714843750e+01
1.406325721740722656e+01
1.695006370544433594e+01
1.436188602447509766e+01
1.439364528656005859e+01
1.325322341918945312e+01
1.228291511535644531e+01
1.342952823638916016e+01
1.361502456665039062e+01
1.181696891784667969e+01
1.156721878051757812e+01
1.210767936706542969e+01
1.104750347137451172e+01
1.197826671600341797e+01
9.358268737792968750e+00
9.278551101684570312e+00
9.198956489562988281e+00
1.028703403472900391e+01
1.162149810791015625e+01
1.331118583679199219e+01
1.187650966644287109e+01
1.017207527160644531e+01
8.758818626403808594e+00
1.010393905639648438e+01
1.008621978759765625e+01
9.931440353393554688e+00
9.947093963623046875e+00
9.837633132934570312e+00
8.980203628540039062e+00
9.316789627075195312e+00
9.919660568237304688e+00
9.962699890136718750e+00
8.759260177612304688e+00
9.007073402404785156e+00
1.283534812927246094e+01
1.160237312316894531e+01
1.038126659393310547e+01
1.071122932434082031e+01
1.066491889953613281e+01
9.208744049072265625e+00
7.264241695404052734e+00
9.630569458007812500e+00
9.959884643554687500e+00
1.018482971191406250e+01
9.058924674987792969e+00
7.836682796478271484e+00
8.184562683105468750e+00
9.086506843566894531e+00
8.628311157226562500e+00
8.085119247436523438e+00
8.581760406494140625e+00
8.550825119018554688e+00
8.951624870300292969e+00
8.323960304260253906e+00
8.528331756591796875e+00
7.891867637634277344e+00
7.403812885284423828e+00
7.751884937286376953e+00
8.413899421691894531e+00
7.639922618865966797e+00
9.661582946777343750e+00
7.490243434906005859e+00
7.465116024017333984e+00
8.611577987670898438e+00
7.149986267089843750e+00
1.322814750671386719e+01
7.786548137664794922e+00
7.776987075805664062e+00
6.959942817687988281e+00
9.393524169921875000e+00
8.996870040893554688e+00
8.964429855346679688e+00
8.085247039794921875e+00
7.904298305511474609e+00
8.127422332763671875e+00
7.107799053192138672e+00
7.199729442596435547e+00
7.272481918334960938e+00
7.318918704986572266e+00
7.810730457305908203e+00
7.599458217620849609e+00
7.013578891754150391e+00
6.333713054656982422e+00
6.908183574676513672e+00
6.568400859832763672e+00
6.091253280639648438e+00
6.812627315521240234e+00
7.490316867828369141e+00
7.473137378692626953e+00
7.469746112823486328e+00
7.644966602325439453e+00
7.146872997283935547e+00
6.876479625701904297e+00
8.068817138671875000e+00
7.452910423278808594e+00
8.428668975830078125e+00
7.480873584747314453e+00
7.761526107788085938e+00
7.818660736083984375e+00
7.446575641632080078e+00
6.661570072174072266e+00
7.457936763763427734e+00
7.330683231353759766e+00
7.697379589080810547e+00
8.266946792602539062e+00
7.431126117706298828e+00
7.133215427398681641e+00
7.214425563812255859e+00
6.733431339263916016e+00
7.149937152862548828e+00
7.713160514831542969e+00
6.775484085083007812e+00
6.969783306121826172e+00
4.993225097656250000e+00
5.953662395477294922e+00
5.256392955780029297e+00
6.090408802032470703e+00
4.730821132659912109e+00
5.498574733734130859e+00
4.294974803924560547e+00
4.677104949951171875e+00
5.032856941223144531e+00
4.002387523651123047e+00
4.028230190277099609e+00
3.958811044692993164e+00
4.043462276458740234e+00
3.970890998840332031e+00
4.946174144744873047e+00
3.854886531829833984e+00
4.190834999084472656e+00
3.212113380432128906e+00
3.854372978210449219e+00
2.909241437911987305e+00
3.408705949783325195e+00
3.253033638000488281e+00
3.250406026840209961e+00
2.744173288345336914e+00
2.452853679656982422e+00
3.099287509918212891e+00
1.935374379158020020e+00
2.525984764099121094e+00
2.250009059906005859e+00
1.812441468238830566e+00
2.658142328262329102e+00
1.748239040374755859e+00
2.241908073425292969e+00
2.254487276077270508e+00
2.134897947311401367e+00
2.070089340209960938e+00
2.656246185302734375e+00
1.966975688934326172e+00
1.915532112121582031e+00
1.591814160346984863e+00
1.986133933067321777e+00
1.734470963478088379e+00
3.102629899978637695e+00
2.124413967132568359e+00
2.894213676452636719e+00
2.622203588485717773e+00
2.926741838455200195e+00
2.471914529800415039e+00
2.611966133117675781e+00
2.798456668853759766e+00
3.582739830017089844e+00
2.181516885757446289e+00
3.125879764556884766e+00
3.414752960205078125e+00
2.318212509155273438e+00
2.515630006790161133e+00
2.775070428848266602e+00
2.838494062423706055e+00
3.207962751388549805e+00
2.179877758026123047e+00
3.506518602371215820e+00
2.636171340942382812e+00
4.525413513183593750e+00
2.993274688720703125e+00
3.567086458206176758e+00
4.609786033630371094e+00
3.773677349090576172e+00
3.013377189636230469e+00
4.541604042053222656e+00
4.844882488250732422e+00
3.912035703659057617e+00
3.865499973297119141e+00
4.240139484405517578e+00
4.833390712738037109e+00
4.639982700347900391e+00
4.290224552154541016e+00
4.753177165985107422e+00
5.469638347625732422e+00
5.162573337554931641e+00
4.709870815277099609e+00
4.567858219146728516e+00
5.303739070892333984e+00
5.389328479766845703e+00
6.083138942718505859e+00
5.727760314941406250e+00
6.657889842987060547e+00
5.989975452423095703e+00
5.585213661193847656e+00
5.832786083221435547e+00
5.727097034454345703e+00
6.306367397308349609e+00
5.476274013519287109e+00
5.594625949859619141e+00
6.693192005157470703e+00
6.929679870605468750e+00
6.263558864593505859e+00
6.750914096832275391e+00
6.912737369537353516e+00
6.464309215545654297e+00
6.058316707611083984e+00
6.003568172454833984e+00
6.256916522979736328e+00
6.723193168640136719e+00
6.841711521148681641e+00
7.275771141052246094e+00
7.065032482147216797e+00
6.714201927185058594e+00
6.561799526214599609e+00
6.336601257324218750e+00
5.754152297973632812e+00
6.327246189117431641e+00
7.280875682830810547e+00
7.040442466735839844e+00
7.663179397583007812e+00
1.076235771179199219e+01
6.242026805877685547e+00
8.454324722290039062e+00
9.673809051513671875e+00
9.749957084655761719e+00
1.004731941223144531e+01
1.103688812255859375e+01
8.703939437866210938e+00
8.525133132934570312e+00
9.042015075683593750e+00
9.015953063964843750e+00
1.029530143737792969e+01
8.353213310241699219e+00
8.297193527221679688e+00
8.488256454467773438e+00
7.898255348205566406e+00
8.320981979370117188e+00
7.123611927032470703e+00
7.772920131683349609e+00
9.155914306640625000e+00
8.671778678894042969e+00
7.728117465972900391e+00
1.186293220520019531e+01
1.034992504119873047e+01
8.681749343872070312e+00
8.170422554016113281e+00
9.436035156250000000e+00
8.402705192565917969e+00
8.013602256774902344e+00
7.118549823760986328e+00
9.051799774169921875e+00
8.742585182189941406e+00
8.634767532348632812e+00
9.168682098388671875e+00
7.502618312835693359e+00
8.576484680175781250e+00
7.692052841186523438e+00
1.080046844482421875e+01
1.065839481353759766e+01
1.113044929504394531e+01
9.358737945556640625e+00
6.710830211639404297e+00
1.250175857543945312e+01
1.208747291564941406e+01
8.505009651184082031e+00
1.119735336303710938e+01
8.835140228271484375e+00
1.022186279296875000e+01
7.385646820068359375e+00
1.264370632171630859e+01
9.140813827514648438e+00
7.917477130889892578e+00
8.649691581726074219e+00
7.376874923706054688e+00
9.791184425354003906e+00
8.926835060119628906e+00
7.933452129364013672e+00
8.763451576232910156e+00
8.927308082580566406e+00
8.720102310180664062e+00
9.356645584106445312e+00
8.561119079589843750e+00
8.915190696716308594e+00
9.943188667297363281e+00
9.608530044555664062e+00
9.886886596679687500e+00
9.213684082031250000e+00
9.910400390625000000e+00
8.865007400512695312e+00
9.467346191406250000e+00
1.029022789001464844e+01
1.076648807525634766e+01
9.328329086303710938e+00
9.950760841369628906e+00
9.781984329223632812e+00
9.782391548156738281e+00
8.815511703491210938e+00
9.253889083862304688e+00
1.103675651550292969e+01
1.166410064697265625e+01
1.206717395782470703e+01
9.513063430786132812e+00
9.207988739013671875e+00
9.528098106384277344e+00
1.012541961669921875e+01
7.419613361358642578e+00
6.540091037750244141e+00
1.025141906738281250e+01
8.629380226135253906e+00
8.344003677368164062e+00
7.445853710174560547e+00
1.094899940490722656e+01
8.152694702148437500e+00
1.167382717132568359e+01
1.177028274536132812e+01
9.553581237792968750e+00
1.044097042083740234e+01
8.913518905639648438e+00
8.085549354553222656e+00
1.006685161590576172e+01
8.349096298217773438e+00
1.013876247406005859e+01
1.053008460998535156e+01
8.852110862731933594e+00
8.325327873229980469e+00
1.023828125000000000e+01
1.135640144348144531e+01
9.475759506225585938e+00
8.215918540954589844e+00
9.433504104614257812e+00
7.959888935089111328e+00
8.290559768676757812e+00
8.524174690246582031e+00
8.236398696899414062e+00
7.182599544525146484e+00
7.488061904907226562e+00
8.622587203979492188e+00
8.800148010253906250e+00
8.195288658142089844e+00
8.268895149230957031e+00
6.977851390838623047e+00
6.772468090057373047e+00
6.122070312500000000e+00
5.922804832458496094e+00
8.349700927734375000e+00
7.702208518981933594e+00
7.329514980316162109e+00
8.812598228454589844e+00
9.909210205078125000e+00
1.252845573425292969e+01
1.297889900207519531e+01
1.502631092071533203e+01
1.247641086578369141e+01
1.248885726928710938e+01
1.092835712432861328e+01
1.009714317321777344e+01
1.034268951416015625e+01
1.045351886749267578e+01
1.007848834991455078e+01
1.036981678009033203e+01
1.050287246704101562e+01
1.117203140258789062e+01
1.127452278137207031e+01
1.061304950714111328e+01
1.052806854248046875e+01
1.162579250335693359e+01
1.098893356323242188e+01
1.081802272796630859e+01
1.002735710144042969e+01
1.020569992065429688e+01
1.044624137878417969e+01
1.023444175720214844e+01
1.018588066101074219e+01
1.049052143096923828e+01
1.036658000946044922e+01
9.939512252807617188e+00
1.173206615447998047e+01
9.248018264770507812e+00
1.071145534515380859e+01
8.278641700744628906e+00
1.005364418029785156e+01
1.025284194946289062e+01
1.048223876953125000e+01
7.970677375793457031e+00
9.411350250244140625e+00
9.714106559753417969e+00
7.965349674224853516e+00
1.095236778259277344e+01
9.982421875000000000e+00
1.246064853668212891e+01
9.868982315063476562e+00
1.251286602020263672e+01
1.311696243286132812e+01
1.226051139831542969e+01
1.243980216979980469e+01
1.223548221588134766e+01
1.045345878601074219e+01
1.016757392883300781e+01
1.039459037780761719e+01
1.053709602355957031e+01
9.156896591186523438e+00
8.277351379394531250e+00
9.753701210021972656e+00
8.944433212280273438e+00
7.588076114654541016e+00
1.026067256927490234e+01
9.779869079589843750e+00
8.595248222351074219e+00
1.093977928161621094e+01
1.219648456573486328e+01
1.264469146728515625e+01
1.280422973632812500e+01
1.042021179199218750e+01
1.235256576538085938e+01
1.266898155212402344e+01
1.102497673034667969e+01
1.053851032257080078e+01
1.163121604919433594e+01
1.083921432495117188e+01
1.021847915649414062e+01
9.504638671875000000e+00
9.327512741088867188e+00
1.143028450012207031e+01
1.351610279083251953e+01
1.304342842102050781e+01
1.219356346130371094e+01
1.068001365661621094e+01
9.075853347778320312e+00
8.353414535522460938e+00
9.223854064941406250e+00
9.687662124633789062e+00
1.182286930084228516e+01
1.103087615966796875e+01
9.272952079772949219e+00
8.901978492736816406e+00
9.745408058166503906e+00
7.804414272308349609e+00
8.687474250793457031e+00
1.020583152770996094e+01
9.957498550415039062e+00
1.033895683288574219e+01
1.062309646606445312e+01
1.056119537353515625e+01
8.650431632995605469e+00
9.126776695251464844e+00
9.023883819580078125e+00
9.636299133300781250e+00
1.002162551879882812e+01
1.019979095458984375e+01
1.068636608123779297e+01
9.814661026000976562e+00
8.984371185302734375e+00
8.659595489501953125e+00
1.146077919006347656e+01
1.053420352935791016e+01
1.127738475799560547e+01
1.009768104553222656e+01
1.050002574920654297e+01
1.176071548461914062e+01
1.170171642303466797e+01
1.005245113372802734e+01
9.365581512451171875e+00
1.041585254669189453e+01
8.401353836059570312e+00
1.072123718261718750e+01
1.043690490722656250e+01
1.022917747497558594e+01
1.091227340698242188e+01
1.041173934936523438e+01
9.973029136657714844e+00
1.064704322814941406e+01
1.033543109893798828e+01
1.115365314483642578e+01
1.080687427520751953e+01
1.097375679016113281e+01
1.036054611206054688e+01
9.795125961303710938e+00
1.131654071807861328e+01
9.409843444824218750e+00
9.515628814697265625e+00
1.024629974365234375e+01
8.537693023681640625e+00
9.530191421508789062e+00
8.610667228698730469e+00
9.266384124755859375e+00
1.065135192871093750e+01
9.134162902832031250e+00
1.027107048034667969e+01
1.040102195739746094e+01
8.936653137207031250e+00
1.043230628967285156e+01
1.017511081695556641e+01
1.010656547546386719e+01
1.091084003448486328e+01
8.742666244506835938e+00
1.017151165008544922e+01
9.538730621337890625e+00
7.834340572357177734e+00
7.826227188110351562e+00
8.431738853454589844e+00
8.611907958984375000e+00
8.736063957214355469e+00
6.556075572967529297e+00
7.510031223297119141e+00
8.379999160766601562e+00
6.707704067230224609e+00
7.164877414703369141e+00
6.542200565338134766e+00
7.041915416717529297e+00
7.563450336456298828e+00
7.462658405303955078e+00
8.770013809204101562e+00
8.977258682250976562e+00
9.613573074340820312e+00
7.063660144805908203e+00
7.731685161590576172e+00
7.838759899139404297e+00
8.818045616149902344e+00
7.557125568389892578e+00
8.317193984985351562e+00
9.584994316101074219e+00
1.240375995635986328e+01
6.081657886505126953e+00
6.099549770355224609e+00
6.281095027923583984e+00
7.293542385101318359e+00
8.784168243408203125e+00
9.368862152099609375e+00
7.862655639648437500e+00
4.539560794830322266e+00
8.676692008972167969e+00
1.330704116821289062e+01
1.869024467468261719e+01
8.395683288574218750e+00
5.180900096893310547e+00
5.653271675109863281e+00
6.857811450958251953e+00
8.849200248718261719e+00
7.563737392425537109e+00
9.719324111938476562e+00
8.218029022216796875e+00
8.259170532226562500e+00
5.612830638885498047e+00
5.630973339080810547e+00
7.838057041168212891e+00
5.620468616485595703e+00
6.726919651031494141e+00
6.858472347259521484e+00
6.426423549652099609e+00
5.181619644165039062e+00
6.355879783630371094e+00
4.334547042846679688e+00
5.330825328826904297e+00
4.884658813476562500e+00
5.503566265106201172e+00
4.680221080780029297e+00
5.669396877288818359e+00
6.335389137268066406e+00
6.249547958374023438e+00
5.290961265563964844e+00
6.628178119659423828e+00
7.224519252777099609e+00
7.493726253509521484e+00
7.205662727355957031e+00
6.924445629119873047e+00
7.120949268341064453e+00
7.550642967224121094e+00
6.993304729461669922e+00
6.884763717651367188e+00
8.357406616210937500e+00
6.736804008483886719e+00
6.845036029815673828e+00
6.405965328216552734e+00
6.171664714813232422e+00
7.169289112091064453e+00
6.795403957366943359e+00
6.214265346527099609e+00
7.020129680633544922e+00
6.864362239837646484e+00
6.718344688415527344e+00
6.556630611419677734e+00
6.595941066741943359e+00
7.107562541961669922e+00
7.168136596679687500e+00
6.703758716583251953e+00
6.903466701507568359e+00
8.126439094543457031e+00
9.192757606506347656e+00
8.641099929809570312e+00
1.058397865295410156e+01
1.055443191528320312e+01
8.552503585815429688e+00
8.989566802978515625e+00
9.071345329284667969e+00
1.487397575378417969e+01
9.378553390502929688e+00
1.170161628723144531e+01
1.012644195556640625e+01
1.252900218963623047e+01
9.708037376403808594e+00
1.193517112731933594e+01
1.181261062622070312e+01
1.105170249938964844e+01
1.071730518341064453e+01
1.092893695831298828e+01
1.172093296051025391e+01
1.005264186859130859e+01
1.112654113769531250e+01
1.098944473266601562e+01
1.095445823669433594e+01
9.955747604370117188e+00
1.004495143890380859e+01
9.298483848571777344e+00
9.758110046386718750e+00
9.885042190551757812e+00
8.992115020751953125e+00
1.062839126586914062e+01
1.058358383178710938e+01
1.125759696960449219e+01
9.726428985595703125e+00
8.849743843078613281e+00
9.527540206909179688e+00
8.527511596679687500e+00
8.719799041748046875e+00
9.542573928833007812e+00
1.124916839599609375e+01
1.066297149658203125e+01
1.376129150390625000e+01
1.395046901702880859e+01
1.152666473388671875e+01
1.230249786376953125e+01
1.060196399688720703e+01
1.172200393676757812e+01
1.090202903747558594e+01
1.062975120544433594e+01
1.173589801788330078e+01
1.037000656127929688e+01
1.275345802307128906e+01
1.623531532287597656e+01
9.730347633361816406e+00
1.224207878112792969e+01
1.142079353332519531e+01
1.019883537292480469e+01
1.155037212371826172e+01
1.024215507507324219e+01
1.037716674804687500e+01
1.082650947570800781e+01
1.019051742553710938e+01
1.117043876647949219e+01
1.084486961364746094e+01
1.055485153198242188e+01
9.786060333251953125e+00
9.602041244506835938e+00
1.052881526947021484e+01
1.069477844238281250e+01
1.055537796020507812e+01
9.597111701965332031e+00
1.166940116882324219e+01
1.167648220062255859e+01
1.053359031677246094e+01
1.322433280944824219e+01
1.210448932647705078e+01
1.310412216186523438e+01
1.294193267822265625e+01
1.473135089874267578e+01
1.202998542785644531e+01
1.436134147644042969e+01
1.465785408020019531e+01
1.295564270019531250e+01
1.261153793334960938e+01
1.238627147674560547e+01
1.127840518951416016e+01
1.073920345306396484e+01
1.155118370056152344e+01
1.238597488403320312e+01
1.054199981689453125e+01
1.116317844390869141e+01
1.166659736633300781e+01
1.164735984802246094e+01
1.363312149047851562e+01
1.434966659545898438e+01
1.408448696136474609e+01
1.307391929626464844e+01
1.429930305480957031e+01
1.628841018676757812e+01
1.444171714782714844e+01
1.234402275085449219e+01
1.342480659484863281e+01
1.153637886047363281e+01
1.169741916656494141e+01
1.292108535766601562e+01
1.244802284240722656e+01
1.080827999114990234e+01
1.208656501770019531e+01
1.165129089355468750e+01
1.402969932556152344e+01
1.250525665283203125e+01
1.280957317352294922e+01
1.294396686553955078e+01
1.137646484375000000e+01
1.181985855102539062e+01
1.277476501464843750e+01
1.452255249023437500e+01
1.413552856445312500e+01
1.321778106689453125e+01
1.315845108032226562e+01
1.383329200744628906e+01
1.356419372558593750e+01
1.275710678100585938e+01
1.033806610107421875e+01
1.354465675354003906e+01
1.118632698059082031e+01
1.205858421325683594e+01
1.031597709655761719e+01
1.262265682220458984e+01
1.162056064605712891e+01
1.299370956420898438e+01
1.446107482910156250e+01
1.543051528930664062e+01
1.321533584594726562e+01
1.403297615051269531e+01
1.627001190185546875e+01
1.013308525085449219e+01
1.742749786376953125e+01
1.758193588256835938e+01
1.344585609436035156e+01
1.455378055572509766e+01
1.583576774597167969e+01
1.354140949249267578e+01
1.334816360473632812e+01
1.346052169799804688e+01
1.570842552185058594e+01
1.508205223083496094e+01
1.514745616912841797e+01
1.618488693237304688e+01
1.833600616455078125e+01
1.431162452697753906e+01
1.358432388305664062e+01
1.217918014526367188e+01
1.575038146972656250e+01
1.416374588012695312e+01
1.556289482116699219e+01
1.349804782867431641e+01
1.245325469970703125e+01
1.199580192565917969e+01
1.038067340850830078e+01
1.017270946502685547e+01
8.552648544311523438e+00
1.012759017944335938e+01
8.154903411865234375e+00
1.160652256011962891e+01
9.935115814208984375e+00
1.059552478790283203e+01
1.140293502807617188e+01
1.179358005523681641e+01
1.178179740905761719e+01
1.165195655822753906e+01
1.208326911926269531e+01
1.080007266998291016e+01
9.787892341613769531e+00
1.114240455627441406e+01
1.235749053955078125e+01
1.122978019714355469e+01
1.122190856933593750e+01
1.241711139678955078e+01
8.345781326293945312e+00
8.692532539367675781e+00
1.044421863555908203e+01
8.164765357971191406e+00
6.946921825408935547e+00
7.610755443572998047e+00
8.520998001098632812e+00
1.200595188140869141e+01
1.204489898681640625e+01
1.322540855407714844e+01
1.219586086273193359e+01
1.277531242370605469e+01
1.090863800048828125e+01
1.085833168029785156e+01
1.138339233398437500e+01
1.098839950561523438e+01
1.239030838012695312e+01
9.847912788391113281e+00
9.263457298278808594e+00
9.937702178955078125e+00
9.690450668334960938e+00
1.155148029327392578e+01
1.173859596252441406e+01
7.467194080352783203e+00
1.001354026794433594e+01
7.671983242034912109e+00
7.740309238433837891e+00
9.663997650146484375e+00
9.444467544555664062e+00
8.546402931213378906e+00
9.607540130615234375e+00
1.002805328369140625e+01
1.024957370758056641e+01
8.086196899414062500e+00
8.631454467773437500e+00
9.498016357421875000e+00
9.417589187622070312e+00
8.030178070068359375e+00
8.491354942321777344e+00
7.682276248931884766e+00
9.637948989868164062e+00
8.456940650939941406e+00
5.582741737365722656e+00
8.270056724548339844e+00
6.046617984771728516e+00
5.665110111236572266e+00
6.782233715057373047e+00
7.234333992004394531e+00
8.189086914062500000e+00
7.659928798675537109e+00
7.164339542388916016e+00
6.976116657257080078e+00
7.124996662139892578e+00
8.045702934265136719e+00
8.726217269897460938e+00
7.644346714019775391e+00
8.930849075317382812e+00
8.104083061218261719e+00
8.486271858215332031e+00
6.816401004791259766e+00
6.892043590545654297e+00
7.985251903533935547e+00
7.166960716247558594e+00
7.329030513763427734e+00
6.784801006317138672e+00
5.654287815093994141e+00
5.785674571990966797e+00
5.335370540618896484e+00
5.067687034606933594e+00
4.390217781066894531e+00
4.933613300323486328e+00
4.974483013153076172e+00
4.359961032867431641e+00
4.805407524108886719e+00
4.798449039459228516e+00
4.705700397491455078e+00
4.670811176300048828e+00
4.995363712310791016e+00
5.153536319732666016e+00
5.134336948394775391e+00
4.971396923065185547e+00
5.388804912567138672e+00
4.450531482696533203e+00
4.695914745330810547e+00
4.178821086883544922e+00
4.327517032623291016e+00
3.995679378509521484e+00
3.936047792434692383e+00
3.614358901977539062e+00
3.847443103790283203e+00
4.099460124969482422e+00
3.693757057189941406e+00
3.710419178009033203e+00
3.347466707229614258e+00
3.343111038208007812e+00
2.803346633911132812e+00
2.554361343383789062e+00
2.201363086700439453e+00
2.576911687850952148e+00
2.435485601425170898e+00
2.215258121490478516e+00
1.324758648872375488e+00
1.570686459541320801e+00
1.510890960693359375e+00
1.678035140037536621e+00
1.908028006553649902e+00
1.923775911331176758e+00
1.138354301452636719e+00
1.560912847518920898e+00
1.264701962471008301e+00
1.378752470016479492e+00
2.082654953002929688e+00
1.268445014953613281e+00
1.270919680595397949e+00
1.682520866394042969e+00
1.329262495040893555e+00
1.547624707221984863e+00
1.413900375366210938e+00
1.388765096664428711e+00
1.420055270195007324e+00
1.410076975822448730e+00
1.135490417480468750e+00
1.512086987495422363e+00
1.278377294540405273e+00
1.284550070762634277e+00
1.262894630432128906e+00
1.350560426712036133e+00
1.340063333511352539e+00
1.465439796447753906e+00
1.390952587127685547e+00
1.168233394622802734e+00
1.205536961555480957e+00
1.296534061431884766e+00
1.195938229560852051e+00
1.394916415214538574e+00
1.006896376609802246e+00
1.233277440071105957e+00
9.418151974678039551e-01
1.250239729881286621e+00
1.122893571853637695e+00
1.206829786300659180e+00
9.840118288993835449e-01
1.165579915046691895e+00
1.125136613845825195e+00
1.052721023559570312e+00
1.132970452308654785e+00
9.044896960258483887e-01
9.054704308509826660e-01
1.313895463943481445e+00
6.232714653015136719e-01
9.325082302093505859e-01
9.470082521438598633e-01
8.163170218467712402e-01
9.607161283493041992e-01
6.180201172828674316e-01
6.594337224960327148e-01
6.304139494895935059e-01
8.059673905372619629e-01
8.119572997093200684e-01
8.795034885406494141e-01
7.389282584190368652e-01
5.427790880203247070e-01
8.669497370719909668e-01
5.575691461563110352e-01
7.954041957855224609e-01
6.104664802551269531e-01
8.200775980949401855e-01
8.160213232040405273e-01
7.617717385292053223e-01
8.647493720054626465e-01
4.982937872409820557e-01
9.562954306602478027e-01
8.174567222595214844e-01
9.802768826484680176e-01
6.803866624832153320e-01
9.125239253044128418e-01
6.238374114036560059e-01
1.021643996238708496e+00
8.863343596458435059e-01
6.444746851921081543e-01
7.057548761367797852e-01
7.962711453437805176e-01
8.625367879867553711e-01
7.006775736808776855e-01
5.490353703498840332e-01
7.216407656669616699e-01
5.172386765480041504e-01
4.267130196094512939e-01
8.209350705146789551e-01
4.401369690895080566e-01
5.576795935630798340e-01
2.388242185115814209e-01
3.274738192558288574e-01
2.472353279590606689e-01
7.931610345840454102e-01
3.291651904582977295e-01
5.621764063835144043e-01
2.791934907436370850e-01
3.299932479858398438e-01
2.612415254116058350e-01
1.252463757991790771e-01
3.094938099384307861e-01
2.032266557216644287e-01
2.016261219978332520e-01
2.344049215316772461e-01
2.059665322303771973e-01
2.396907806396484375e-01
3.880356550216674805e-01
3.300839662551879883e-01
1.254277825355529785e-01
2.072732448577880859e-01
1.915901899337768555e-01
2.319342494010925293e-01
3.820934593677520752e-01
2.913431823253631592e-01
1.604797244071960449e-01
2.521169185638427734e-01
-1.811862364411354065e-02
3.783778846263885498e-01
1.965831816196441650e-01
1.630832254886627197e-01
2.040055692195892334e-01
9.588497877120971680e-02
4.953492283821105957e-01
1.584908962249755859e-01
2.580476105213165283e-01
2.315326631069183350e-01
1.391309797763824463e-01
1.947841644287109375e-01
2.132867574691772461e-01
2.898126244544982910e-01
1.897141039371490479e-01
2.188006937503814697e-01
2.595514357089996338e-01
2.311013638973236084e-01
2.346139252185821533e-01
1.984361112117767334e-01
2.407998740673065186e-01
2.156481742858886719e-01
2.485015988349914551e-01
2.092553079128265381e-01
2.958303391933441162e-01
2.369846403598785400e-01
3.284314572811126709e-01
3.405842781066894531e-01
2.186209112405776978e-01
2.009007930755615234e-01
3.528457880020141602e-01
2.288919389247894287e-01
1.913023293018341064e-01
3.364325463771820068e-01
8.466735482215881348e-02
2.622121870517730713e-01
2.956849634647369385e-01
3.215843066573143005e-02
1.124231666326522827e-01
-1.109239831566810608e-02
2.237471640110015869e-01
2.185344249010086060e-01
3.468999266624450684e-01
3.316716551780700684e-01
3.601577281951904297e-01
6.978248059749603271e-02
5.310137197375297546e-02
1.657456904649734497e-01
3.942947089672088623e-01
4.211822450160980225e-01
6.644228100776672363e-01
2.426858693361282349e-01
5.796827003359794617e-02
2.261078804731369019e-01
2.826808765530586243e-02
3.871262669563293457e-01
-1.904281079769134521e-01
-1.276322007179260254e-01
2.434980496764183044e-02
-1.993194222450256348e-01
1.766737997531890869e-01
5.424173474311828613e-01
4.900031909346580505e-02
3.480055928230285645e-01
2.506776452064514160e-01
1.097974479198455811e-01
3.151017427444458008e-01
3.726513683795928955e-01
2.666547298431396484e-01
3.082683682441711426e-01
5.020322203636169434e-01
5.461357831954956055e-01
1.790765672922134399e-01
8.570130467414855957e-01
5.307812690734863281e-01
4.472791850566864014e-01
9.138849377632141113e-01
7.740918993949890137e-01
3.081775307655334473e-01
5.011166930198669434e-01
1.537946224212646484e+00
8.652758598327636719e-01
1.495670795440673828e+00
1.599116683006286621e+00
1.129864692687988281e+00
1.963091254234313965e+00
1.142680168151855469e+00
1.500758171081542969e+00
1.826646327972412109e+00
1.138429284095764160e+00
1.452520608901977539e+00
8.731740117073059082e-01
1.421183347702026367e+00
1.701649188995361328e+00
7.274879813194274902e-01
1.094241976737976074e+00
1.281377077102661133e+00
2.204660415649414062e+00
1.441759943962097168e+00
3.055783033370971680e+00
2.553799629211425781e+00
2.956054925918579102e+00
2.672228336334228516e+00
3.027876138687133789e+00
2.508021354675292969e+00
2.960699319839477539e+00
2.320406198501586914e+00
2.724618911743164062e+00
3.153395652770996094e+00
2.849852085113525391e+00
2.285767793655395508e+00
2.326712846755981445e+00
2.733873844146728516e+00
3.535701751708984375e+00
3.012341022491455078e+00
3.480209589004516602e+00
2.963652372360229492e+00
3.585564136505126953e+00
4.037957668304443359e+00
3.696941852569580078e+00
3.919788360595703125e+00
4.307259559631347656e+00
4.244618415832519531e+00
4.631210327148437500e+00
3.927250385284423828e+00
4.546881675720214844e+00
4.846415042877197266e+00
5.406563282012939453e+00
5.849964141845703125e+00
6.243500709533691406e+00
6.646424293518066406e+00
6.393488407135009766e+00
7.187924861907958984e+00
7.828930854797363281e+00
6.908653736114501953e+00
6.715661525726318359e+00
6.184064865112304688e+00
5.983944416046142578e+00
5.377687454223632812e+00
5.905213356018066406e+00
5.745654582977294922e+00
6.126095771789550781e+00
5.637547969818115234e+00
6.390849590301513672e+00
6.527929306030273438e+00
6.699948787689208984e+00
6.891280174255371094e+00
7.339768886566162109e+00
7.747113227844238281e+00
7.103511333465576172e+00
7.925576686859130859e+00
8.056455612182617188e+00
7.285849094390869141e+00
8.411714553833007812e+00
8.356319427490234375e+00
7.489493846893310547e+00
8.554557800292968750e+00
7.340072154998779297e+00
7.169940471649169922e+00
7.574590206146240234e+00
6.707170009613037109e+00
6.670499324798583984e+00
6.852049827575683594e+00
6.499765872955322266e+00
6.032166957855224609e+00
5.572056293487548828e+00
6.108003139495849609e+00
6.612594604492187500e+00
6.759782314300537109e+00
6.218506336212158203e+00
5.999585628509521484e+00
6.766237258911132812e+00
5.834658145904541016e+00
6.082303524017333984e+00
6.716611385345458984e+00
6.084772586822509766e+00
7.385569095611572266e+00
6.093883037567138672e+00
6.808351039886474609e+00
6.948312282562255859e+00
7.010522842407226562e+00
6.817937850952148438e+00
6.581977844238281250e+00
7.616036415100097656e+00
6.765689373016357422e+00
6.173752307891845703e+00
7.157126903533935547e+00
7.440062046051025391e+00
7.105101585388183594e+00
7.155045986175537109e+00
7.263096809387207031e+00
7.144263267517089844e+00
7.539116382598876953e+00
8.226738929748535156e+00
6.519380569458007812e+00
6.761600017547607422e+00
6.840598583221435547e+00
6.598945140838623047e+00
6.033608913421630859e+00
8.402285575866699219e+00
7.420748233795166016e+00
8.489558219909667969e+00
7.987133026123046875e+00
8.070686340332031250e+00
1.224784469604492188e+01
8.350186347961425781e+00
1.076660060882568359e+01
9.814395904541015625e+00
1.097311401367187500e+01
1.065020942687988281e+01
1.118889045715332031e+01
9.233344078063964844e+00
9.179576873779296875e+00
1.032809543609619141e+01
1.222755813598632812e+01
1.109593009948730469e+01
1.187540149688720703e+01
1.005586338043212891e+01
1.215509700775146484e+01
1.349059104919433594e+01
1.353209686279296875e+01
1.388979244232177734e+01
1.424199485778808594e+01
1.201642417907714844e+01
1.186906814575195312e+01
1.265151977539062500e+01
1.134624958038330078e+01
1.181764698028564453e+01
1.258539485931396484e+01
1.003998851776123047e+01
8.599009513854980469e+00
9.506694793701171875e+00
1.009681701660156250e+01
9.914506912231445312e+00
1.021551036834716797e+01
1.095632362365722656e+01
1.149888420104980469e+01
1.020817375183105469e+01
1.102204322814941406e+01
1.016037368774414062e+01
1.052577304840087891e+01
9.659399032592773438e+00
7.131206989288330078e+00
9.873589515686035156e+00
9.968695640563964844e+00
1.148515510559082031e+01
1.103986549377441406e+01
1.240040493011474609e+01
1.172206974029541016e+01
1.051329708099365234e+01
1.054751682281494141e+01
1.140741252899169922e+01
1.104378890991210938e+01
1.279875946044921875e+01
1.338865947723388672e+01
1.254356002807617188e+01
1.247448730468750000e+01
1.372346496582031250e+01
1.294642448425292969e+01
1.282950210571289062e+01
1.364445400238037109e+01
1.338522911071777344e+01
1.246197032928466797e+01
1.230937767028808594e+01
1.165241432189941406e+01
1.349385166168212891e+01
1.134420967102050781e+01
1.083138656616210938e+01
1.267806339263916016e+01
1.104934501647949219e+01
1.194048500061035156e+01
1.164296340942382812e+01
1.338156032562255859e+01
1.304896450042724609e+01
1.156092453002929688e+01
1.248228645324707031e+01
1.210111427307128906e+01
1.268744945526123047e+01
1.323822212219238281e+01
1.528177452087402344e+01
1.283811378479003906e+01
1.349858474731445312e+01
1.220485115051269531e+01
1.287197303771972656e+01
1.039942932128906250e+01
1.080911827087402344e+01
1.332034969329833984e+01
1.121047210693359375e+01
1.174778652191162109e+01
1.283171749114990234e+01
1.138329696655273438e+01
1.183927440643310547e+01
1.232750034332275391e+01
1.148834323883056641e+01
1.158559799194335938e+01
1.092571830749511719e+01
1.181176853179931641e+01
1.109365844726562500e+01
1.158103084564208984e+01
1.101717758178710938e+01
1.144278335571289062e+01
1.217355728149414062e+01
1.131981849670410156e+01
1.182740688323974609e+01
1.073462104797363281e+01
1.133932304382324219e+01
1.089432621002197266e+01
1.072315597534179688e+01
1.074285793304443359e+01
1.016309356689453125e+01
1.055514526367187500e+01
1.181978702545166016e+01
1.104005432128906250e+01
1.196268844604492188e+01
9.641774177551269531e+00
1.271517753601074219e+01
1.337724494934082031e+01
1.170957374572753906e+01
1.097475147247314453e+01
1.148123550415039062e+01
9.943779945373535156e+00
9.878245353698730469e+00
1.086127662658691406e+01
1.059263229370117188e+01
9.883852005004882812e+00
9.086400032043457031e+00
9.754049301147460938e+00
9.869104385375976562e+00
9.343237876892089844e+00
1.058180618286132812e+01
1.031873798370361328e+01
1.058581066131591797e+01
1.164354419708251953e+01
1.014294528961181641e+01
9.807941436767578125e+00
1.049666404724121094e+01
8.385897636413574219e+00
9.171406745910644531e+00
1.074802207946777344e+01
9.719038009643554688e+00
1.095363140106201172e+01
1.154941463470458984e+01
1.079966640472412109e+01
1.176955986022949219e+01
1.125116157531738281e+01
9.480203628540039062e+00
9.923906326293945312e+00
9.160917282104492188e+00
9.387596130371093750e+00
7.388278484344482422e+00
8.739826202392578125e+00
8.057070732116699219e+00
7.850481033325195312e+00
8.213081359863281250e+00
9.501724243164062500e+00
8.922956466674804688e+00
1.276311492919921875e+01
1.211821556091308594e+01
1.428701591491699219e+01
1.248533058166503906e+01
1.336465835571289062e+01
1.024788665771484375e+01
9.189403533935546875e+00
1.134707069396972656e+01
1.112355804443359375e+01
1.204744338989257812e+01
1.281816864013671875e+01
1.232607269287109375e+01
1.141289710998535156e+01
1.141242504119873047e+01
1.159885978698730469e+01
1.090759754180908203e+01
1.130143547058105469e+01
1.002210140228271484e+01
9.615810394287109375e+00
1.131264209747314453e+01
9.979092597961425781e+00
9.651065826416015625e+00
9.438711166381835938e+00
1.051316261291503906e+01
1.087469387054443359e+01
1.179547023773193359e+01
1.393972778320312500e+01
1.113064861297607422e+01
1.087045860290527344e+01
1.349700164794921875e+01
1.164524269104003906e+01
9.791091918945312500e+00
8.209377288818359375e+00
1.030062294006347656e+01
9.371566772460937500e+00
8.257392883300781250e+00
8.633338928222656250e+00
9.948700904846191406e+00
1.089816284179687500e+01
1.166641807556152344e+01
9.991992950439453125e+00
1.480668830871582031e+01
1.233915615081787109e+01
1.219174194335937500e+01
1.125148773193359375e+01
1.240225028991699219e+01
1.181646633148193359e+01
1.238086414337158203e+01
8.938669204711914062e+00
1.023748016357421875e+01
9.141833305358886719e+00
9.658779144287109375e+00
9.359582901000976562e+00
8.935989379882812500e+00
1.061160755157470703e+01
1.118239402770996094e+01
1.022079181671142578e+01
8.662275314331054688e+00
9.844542503356933594e+00
8.840651512145996094e+00
8.507037162780761719e+00
9.482639312744140625e+00
1.033614253997802734e+01
9.388129234313964844e+00
1.004117202758789062e+01
1.005676937103271484e+01
1.000609493255615234e+01
1.000438880920410156e+01
9.350047111511230469e+00
9.280567169189453125e+00
8.644412994384765625e+00
9.571525573730468750e+00
9.692601203918457031e+00
9.928121566772460938e+00
9.176662445068359375e+00
9.929782867431640625e+00
8.432691574096679688e+00
8.781101226806640625e+00
8.719783782958984375e+00
8.085752487182617188e+00
7.879349708557128906e+00
7.743424892425537109e+00
8.021039009094238281e+00
9.086256027221679688e+00
9.018143653869628906e+00
8.037534713745117188e+00
9.214483261108398438e+00
7.458162307739257812e+00
8.469272613525390625e+00
8.864418983459472656e+00
8.654534339904785156e+00
7.650891780853271484e+00
8.582136154174804688e+00
8.230658531188964844e+00
9.305730819702148438e+00
9.037698745727539062e+00
9.095401763916015625e+00
9.286046981811523438e+00
9.967821121215820312e+00
9.863182067871093750e+00
9.876960754394531250e+00
9.985734939575195312e+00
9.153389930725097656e+00
8.177888870239257812e+00
8.206859588623046875e+00
8.579367637634277344e+00
8.670044898986816406e+00
7.625290393829345703e+00
7.796304225921630859e+00
8.483804702758789062e+00
7.099528789520263672e+00
7.786976337432861328e+00
6.926080226898193359e+00
6.711216449737548828e+00
6.871510982513427734e+00
6.878829956054687500e+00
7.370424270629882812e+00
6.963431835174560547e+00
7.272449493408203125e+00
7.866517543792724609e+00
7.389994144439697266e+00
7.408178329467773438e+00
7.342494964599609375e+00
7.509989261627197266e+00
7.301298141479492188e+00
6.688145637512207031e+00
7.173124313354492188e+00
6.509173870086669922e+00
6.523120403289794922e+00
6.331740856170654297e+00
5.976630687713623047e+00
6.356762886047363281e+00
6.244915485382080078e+00
6.314225673675537109e+00
5.875930309295654297e+00
6.778177261352539062e+00
6.951087951660156250e+00
7.729990482330322266e+00
6.392501354217529297e+00
6.447744369506835938e+00
6.814653873443603516e+00
6.229139804840087891e+00
6.151101112365722656e+00
6.466762065887451172e+00
6.086016654968261719e+00
6.369552135467529297e+00
6.491085529327392578e+00
6.856777191162109375e+00
6.472618579864501953e+00
6.217140674591064453e+00
6.224605083465576172e+00
6.004744052886962891e+00
6.645085811614990234e+00
6.329373836517333984e+00
7.033354282379150391e+00
6.171150684356689453e+00
6.437646389007568359e+00
6.172699451446533203e+00
6.051515102386474609e+00
6.455403804779052734e+00
6.182343959808349609e+00
4.577617168426513672e+00
5.290192127227783203e+00
4.734204769134521484e+00
4.979092597961425781e+00
4.944202899932861328e+00
4.140659809112548828e+00
4.313897609710693359e+00
3.783853530883789062e+00
3.697041749954223633e+00
4.085796356201171875e+00
4.312099933624267578e+00
4.151994705200195312e+00
4.083193778991699219e+00
3.990515708923339844e+00
4.405577182769775391e+00
4.393822193145751953e+00
4.444767475128173828e+00
4.754000186920166016e+00
4.654207706451416016e+00
4.347598552703857422e+00
4.546710014343261719e+00
4.286032199859619141e+00
4.334516525268554688e+00
5.139375209808349609e+00
5.007942676544189453e+00
5.544666290283203125e+00
5.569758892059326172e+00
5.703182697296142578e+00
5.339683055877685547e+00
4.882835388183593750e+00
4.765163898468017578e+00
4.732407569885253906e+00
5.328556537628173828e+00
6.167794704437255859e+00
5.239678859710693359e+00
5.297732830047607422e+00
5.501213550567626953e+00
4.396052360534667969e+00
4.235142230987548828e+00
3.854804754257202148e+00
4.558653354644775391e+00
4.294003009796142578e+00
4.722587585449218750e+00
4.090186595916748047e+00
3.805202245712280273e+00
3.924781799316406250e+00
3.114032745361328125e+00
3.805928707122802734e+00
3.647796392440795898e+00
4.267720222473144531e+00
5.549898147583007812e+00
6.760300159454345703e+00
5.110713005065917969e+00
4.068756580352783203e+00
3.219821929931640625e+00
9.834851622581481934e-01
2.798816204071044922e+00
1.347119569778442383e+00
1.311119079589843750e+00
1.801460742950439453e+00
2.594698429107666016e+00
2.615871906280517578e+00
3.033661365509033203e+00
1.898860096931457520e+00
2.785139083862304688e+00
1.381899714469909668e+00
3.345801591873168945e+00
1.472284197807312012e+00
2.746031522750854492e+00
3.084380149841308594e+00
2.276725053787231445e+00
2.279578208923339844e+00
2.101642847061157227e+00
1.921090602874755859e+00
2.659411430358886719e+00
2.638941287994384766e+00
1.813402175903320312e+00
2.107545852661132812e+00
2.555894136428833008e+00
2.930843830108642578e+00
1.460349798202514648e+00
3.001320123672485352e+00
3.126061916351318359e+00
3.067074060440063477e+00
1.677865505218505859e+00
2.161017179489135742e+00
1.771567940711975098e+00
2.013617038726806641e+00
1.219808340072631836e+00
2.004420280456542969e+00
1.413281202316284180e+00
2.300080537796020508e+00
1.391212701797485352e+00
7.699944376945495605e-01
1.878470301628112793e+00
2.072179555892944336e+00
1.902485370635986328e+00
1.155872941017150879e+00
3.252608537673950195e+00
2.002106904983520508e+00
1.428031206130981445e+00
1.865894675254821777e+00
2.738056421279907227e+00
2.610627174377441406e+00
1.322830200195312500e+00
4.664590358734130859e+00
1.696585416793823242e+00
3.358940362930297852e+00
2.945987224578857422e+00
1.376601934432983398e+00
3.233941078186035156e+00
3.922572612762451172e+00
2.173188447952270508e+00
2.117740631103515625e+00
2.079515933990478516e+00
3.098026514053344727e+00
2.817503929138183594e+00
3.009807348251342773e+00
4.339689731597900391e+00
3.921430826187133789e+00
3.610725879669189453e+00
5.464150428771972656e+00
3.229962825775146484e+00
3.534867286682128906e+00
4.859195232391357422e+00
4.382445335388183594e+00
4.537852287292480469e+00
4.475537776947021484e+00
4.090463161468505859e+00
4.777284145355224609e+00
4.562391757965087891e+00
4.161802768707275391e+00
5.973611354827880859e+00
4.888433933258056641e+00
5.711361408233642578e+00
4.674504280090332031e+00
3.531359195709228516e+00
4.605682849884033203e+00
4.740478038787841797e+00
4.455006122589111328e+00
4.020519733428955078e+00
5.299551486968994141e+00
4.346214771270751953e+00
5.360043048858642578e+00
2.864164113998413086e+00
2.937598466873168945e+00
2.674403905868530273e+00
2.824140787124633789e+00
2.088592290878295898e+00
2.123469591140747070e+00
3.430887222290039062e+00
2.509950399398803711e+00
2.057263612747192383e+00
1.058795452117919922e+00
1.402533411979675293e+00
1.432910680770874023e+00
1.335405588150024414e+00
1.044121146202087402e+00
5.767247676849365234e-01
1.414845228195190430e+00
2.514048218727111816e-01
9.026254415512084961e-01
4.452250897884368896e-01
1.266539931297302246e+00
4.261775612831115723e-01
7.619566321372985840e-01
4.213031381368637085e-03
7.081203460693359375e-01
5.752989649772644043e-01
9.846071004867553711e-01
2.593507289886474609e+00
1.421619534492492676e+00
9.608061909675598145e-01
3.687397956848144531e+00
4.454937279224395752e-01
1.050272941589355469e+00
6.163585782051086426e-01
9.788216948509216309e-01
1.657398462295532227e+00
-2.091970741748809814e-01
3.898766517639160156e+00
5.263599872589111328e+00
2.375551700592041016e+00
5.801690578460693359e+00
3.039593219757080078e+00
2.809838771820068359e+00
3.199462413787841797e+00
4.847460269927978516e+00
3.299007892608642578e+00
4.876234531402587891e+00
4.141311168670654297e+00
4.019693374633789062e+00
4.711435794830322266e+00
2.858785629272460938e+00
2.727374076843261719e+00
2.850829601287841797e+00
3.442801237106323242e+00
3.434773921966552734e+00
3.803447723388671875e+00
3.602874279022216797e+00
4.117283344268798828e+00
4.041752338409423828e+00
4.825194358825683594e+00
4.668900966644287109e+00
5.228848457336425781e+00
5.045355319976806641e+00
5.395043373107910156e+00
4.864174842834472656e+00
4.583864688873291016e+00
4.322787761688232422e+00
5.066662788391113281e+00
4.702833652496337891e+00
5.123932361602783203e+00
5.254850387573242188e+00
5.052773475646972656e+00
5.356911182403564453e+00
5.202635288238525391e+00
5.674606800079345703e+00
5.475611209869384766e+00
5.400413990020751953e+00
4.745337963104248047e+00
5.309172153472900391e+00
5.641683101654052734e+00
4.835557460784912109e+00
5.166510105133056641e+00
5.415342330932617188e+00
6.483742237091064453e+00
6.697032451629638672e+00
5.247070312500000000e+00
8.274866104125976562e+00
1.153902435302734375e+01
1.027373790740966797e+01
8.370597839355468750e+00
5.333348274230957031e+00
6.560648441314697266e+00
6.322883129119873047e+00
6.064050197601318359e+00
6.758697032928466797e+00
8.529561042785644531e+00
1.174531745910644531e+01
1.497104644775390625e+01
1.520334243774414062e+01
1.438445568084716797e+01
1.760814476013183594e+01
1.515302944183349609e+01
1.248097229003906250e+01
1.209084892272949219e+01
1.772620964050292969e+01
1.702356338500976562e+01
1.717132949829101562e+01
1.577327537536621094e+01
1.682625007629394531e+01
1.695722389221191406e+01
1.356438732147216797e+01
1.069912719726562500e+01
6.931746482849121094e+00
7.483772277832031250e+00
9.934579849243164062e+00
8.833505630493164062e+00
8.375114440917968750e+00
8.054969787597656250e+00
7.779376506805419922e+00
5.155324459075927734e+00
4.857181072235107422e+00
7.289788246154785156e+00
5.854363918304443359e+00
3.519997119903564453e+00
4.147830963134765625e+00
2.605529308319091797e+00
2.938563108444213867e+00
3.800743579864501953e+00
4.769814491271972656e+00
3.987179279327392578e+00
4.738598346710205078e+00
3.961710453033447266e+00
8.497803688049316406e+00
8.391720771789550781e+00
7.546410083770751953e+00
8.469369888305664062e+00
9.982485771179199219e+00
1.044152069091796875e+01
9.088263511657714844e+00
9.002040863037109375e+00
7.350364208221435547e+00
4.088165760040283203e+00
6.124494552612304688e+00
5.220749378204345703e+00
5.690281391143798828e+00
5.596868038177490234e+00
6.267745494842529297e+00
5.775516986846923828e+00
7.251625061035156250e+00
8.231033325195312500e+00
7.648159980773925781e+00
7.434112071990966797e+00
5.309482097625732422e+00
6.168156147003173828e+00
5.947708606719970703e+00
5.790910720825195312e+00
5.432412624359130859e+00
5.622292041778564453e+00
6.591891765594482422e+00
5.199490547180175781e+00
5.215270519256591797e+00
5.560952663421630859e+00
6.146344661712646484e+00
6.299523353576660156e+00
6.647180080413818359e+00
6.366543769836425781e+00
5.829293727874755859e+00
6.129156589508056641e+00
7.945569992065429688e+00
6.507829189300537109e+00
6.208812713623046875e+00
6.186411380767822266e+00
5.792281627655029297e+00
5.749276638031005859e+00
5.699125766754150391e+00
6.732204914093017578e+00
8.768901824951171875e+00
7.037558078765869141e+00
7.623292446136474609e+00
7.547913074493408203e+00
6.710689067840576172e+00
7.073666095733642578e+00
6.823600292205810547e+00
7.495893955230712891e+00
6.803554058074951172e+00
6.859384536743164062e+00
7.661993980407714844e+00
6.949933528900146484e+00
7.662818908691406250e+00
7.991986751556396484e+00
8.568843841552734375e+00
7.840134620666503906e+00
9.620187759399414062e+00
8.511288642883300781e+00
7.631566524505615234e+00
7.562877655029296875e+00
6.936702251434326172e+00
7.136914730072021484e+00
7.554240226745605469e+00
7.370064258575439453e+00
7.558153629302978516e+00
6.639724254608154297e+00
9.296349525451660156e+00
6.485146045684814453e+00
6.996608257293701172e+00
9.340681076049804688e+00
9.210080146789550781e+00
1.041828632354736328e+01
8.796501159667968750e+00
8.944862365722656250e+00
6.025743007659912109e+00
8.157922744750976562e+00
7.283578395843505859e+00
8.252448081970214844e+00
8.141157150268554688e+00
6.692084789276123047e+00
7.681782722473144531e+00
6.828636646270751953e+00
9.227218627929687500e+00
9.997859954833984375e+00
9.078508377075195312e+00
1.043855667114257812e+01
1.103196144104003906e+01
8.303591728210449219e+00
8.508769035339355469e+00
9.413229942321777344e+00
1.052660179138183594e+01
9.266509056091308594e+00
9.201063156127929688e+00
7.980748653411865234e+00
8.535816192626953125e+00
8.059294700622558594e+00
8.859333038330078125e+00
1.045619010925292969e+01
1.128939247131347656e+01
1.070557403564453125e+01
9.273966789245605469e+00
1.104013061523437500e+01
1.302045726776123047e+01
1.118817520141601562e+01
1.148344612121582031e+01
1.017872333526611328e+01
8.435083389282226562e+00
9.529371261596679688e+00
7.574848651885986328e+00
1.024239349365234375e+01
9.171082496643066406e+00
1.175854015350341797e+01
1.069471549987792969e+01
1.184830093383789062e+01
9.114744186401367188e+00
1.044074821472167969e+01
1.121103286743164062e+01
1.017447471618652344e+01
1.015809631347656250e+01
9.123254776000976562e+00
8.420504570007324219e+00
8.559477806091308594e+00
8.498294830322265625e+00
8.433341979980468750e+00
8.621549606323242188e+00
8.439859390258789062e+00
8.805216789245605469e+00
9.289515495300292969e+00
1.113043403625488281e+01
8.630281448364257812e+00
9.814386367797851562e+00
1.093695068359375000e+01
7.995708942413330078e+00
8.498637199401855469e+00
9.376462936401367188e+00
9.373222351074218750e+00
1.068814277648925781e+01
1.104508113861083984e+01
1.053464603424072266e+01
1.136839103698730469e+01
9.860187530517578125e+00
1.018001842498779297e+01
1.103077507019042969e+01
9.723845481872558594e+00
9.422123908996582031e+00
1.049882221221923828e+01
1.142869377136230469e+01
1.054525184631347656e+01
8.891431808471679688e+00
8.345471382141113281e+00
7.926450729370117188e+00
8.917198181152343750e+00
1.015347099304199219e+01
8.823974609375000000e+00
9.546518325805664062e+00
1.096982669830322266e+01
1.030203437805175781e+01
1.029588127136230469e+01
1.042477607727050781e+01
1.152995681762695312e+01
1.063347434997558594e+01
1.114472198486328125e+01
9.053346633911132812e+00
1.066481685638427734e+01
1.055908584594726562e+01
1.036344242095947266e+01
8.892315864562988281e+00
1.599258041381835938e+01
1.227635002136230469e+01
1.169694519042968750e+01
1.215809249877929688e+01
1.254336929321289062e+01
1.227128887176513672e+01
1.340404033660888672e+01
1.264104080200195312e+01
1.344716835021972656e+01
1.082340335845947266e+01
1.096282196044921875e+01
1.022306060791015625e+01
1.220608425140380859e+01
1.321420860290527344e+01
1.229170513153076172e+01
1.183112144470214844e+01
1.346793365478515625e+01
1.266290569305419922e+01
1.202386856079101562e+01
1.103438568115234375e+01
1.176667594909667969e+01
1.137738227844238281e+01
1.058988285064697266e+01
1.145530414581298828e+01
1.108466053009033203e+01
1.144228649139404297e+01
1.253374004364013672e+01
1.314939975738525391e+01
1.725015258789062500e+01
1.492879867553710938e+01
1.229599475860595703e+01
1.420994949340820312e+01
1.281146621704101562e+01
1.214934444427490234e+01
1.291385078430175781e+01
1.550206565856933594e+01
1.653702545166015625e+01
1.503772163391113281e+01
1.389085960388183594e+01
1.152331066131591797e+01
9.061729431152343750e+00
1.223817443847656250e+01
9.435476303100585938e+00
8.988564491271972656e+00
1.085311889648437500e+01
1.150019645690917969e+01
1.259449577331542969e+01
1.008295631408691406e+01
1.093312644958496094e+01
9.923594474792480469e+00
9.260245323181152344e+00
8.131432533264160156e+00
9.540262222290039062e+00
1.020454978942871094e+01
8.294000625610351562e+00
8.718233108520507812e+00
9.952720642089843750e+00
8.901439666748046875e+00
8.403241157531738281e+00
9.094699859619140625e+00
9.231144905090332031e+00
1.002837181091308594e+01
8.540041923522949219e+00
8.910226821899414062e+00
7.593184947967529297e+00
7.056941509246826172e+00
7.290143966674804688e+00
5.810032844543457031e+00
5.808913230895996094e+00
6.172057628631591797e+00
5.799896717071533203e+00
6.959596633911132812e+00
6.686195373535156250e+00
6.915592670440673828e+00
8.137798309326171875e+00
8.366484642028808594e+00
7.616406440734863281e+00
9.055421829223632812e+00
7.374247074127197266e+00
7.857857227325439453e+00
8.386121749877929688e+00
9.949009895324707031e+00
9.169602394104003906e+00
8.047258377075195312e+00
9.538353919982910156e+00
9.735826492309570312e+00
1.043069839477539062e+01
1.020851993560791016e+01
1.019487762451171875e+01
1.036760044097900391e+01
9.532840728759765625e+00
1.095215988159179688e+01
1.015592765808105469e+01
1.042684936523437500e+01
1.049899291992187500e+01
8.784650802612304688e+00
9.303022384643554688e+00
9.444684028625488281e+00
1.064049434661865234e+01
9.724342346191406250e+00
1.071875762939453125e+01
1.261834716796875000e+01
1.305378723144531250e+01
9.942549705505371094e+00
9.952049255371093750e+00
9.362745285034179688e+00
1.038520431518554688e+01
1.191741561889648438e+01
1.108604526519775391e+01
1.102054595947265625e+01
1.312304115295410156e+01
1.126274585723876953e+01
1.151115226745605469e+01
1.340827560424804688e+01
1.085292625427246094e+01
1.145798683166503906e+01
1.362640953063964844e+01
1.215565109252929688e+01
1.245691680908203125e+01
1.384889316558837891e+01
1.856457901000976562e+01
1.846012115478515625e+01
1.930295562744140625e+01
1.530122375488281250e+01
1.239464664459228516e+01
1.448891830444335938e+01
1.086539268493652344e+01
9.350782394409179688e+00
9.837558746337890625e+00
9.739911079406738281e+00
9.270612716674804688e+00
1.151470184326171875e+01
1.185412406921386719e+01
1.543817996978759766e+01
1.474130725860595703e+01
1.859790039062500000e+01
2.082116317749023438e+01
1.572762012481689453e+01
1.448670768737792969e+01
1.189251422882080078e+01
9.226648330688476562e+00
1.269524383544921875e+01
1.376258087158203125e+01
1.442276096343994141e+01
9.799745559692382812e+00
1.204940891265869141e+01
1.324523162841796875e+01
1.403907871246337891e+01
1.225451660156250000e+01
1.042652988433837891e+01
1.150776100158691406e+01
1.140505027770996094e+01
1.532233619689941406e+01
1.242937088012695312e+01
1.584640693664550781e+01
1.493358802795410156e+01
1.499553203582763672e+01
1.479071617126464844e+01
1.460628128051757812e+01
1.498231792449951172e+01
1.584230422973632812e+01
1.513800525665283203e+01
1.676135826110839844e+01
1.595703315734863281e+01
1.642893981933593750e+01
1.557531166076660156e+01
1.121164608001708984e+01
1.149521160125732422e+01
1.110530090332031250e+01
1.057757186889648438e+01
1.276993179321289062e+01
1.156934261322021484e+01
1.169942092895507812e+01
1.189530563354492188e+01
1.110795688629150391e+01
1.177339553833007812e+01
1.631078338623046875e+01
1.665775680541992188e+01
1.499485874176025391e+01
1.451457881927490234e+01
1.248756790161132812e+01
1.086708354949951172e+01
1.270575714111328125e+01
1.252729988098144531e+01
1.079999351501464844e+01
1.044315338134765625e+01
1.113396263122558594e+01
1.123459148406982422e+01
1.012895584106445312e+01
1.261247634887695312e+01
1.227099037170410156e+01
1.225541305541992188e+01
1.112046527862548828e+01
1.317897987365722656e+01
1.377919387817382812e+01
8.218608856201171875e+00
9.186323165893554688e+00
9.272324562072753906e+00
9.642073631286621094e+00
1.104652976989746094e+01
1.273205184936523438e+01
1.229896545410156250e+01
1.349269676208496094e+01
1.240373229980468750e+01
1.295546913146972656e+01
1.373435783386230469e+01
1.281420612335205078e+01
1.164722251892089844e+01
9.542063713073730469e+00
8.749390602111816406e+00
8.867933273315429688e+00
8.517141342163085938e+00
1.029941749572753906e+01
1.049068164825439453e+01
1.081361198425292969e+01
1.141809463500976562e+01
1.102163219451904297e+01
1.218421554565429688e+01
1.186898326873779297e+01
1.330156135559082031e+01
1.566301727294921875e+01
1.649414253234863281e+01
1.313678264617919922e+01
1.532119941711425781e+01
1.448336791992187500e+01
1.596708202362060547e+01
1.706184768676757812e+01
1.625391006469726562e+01
1.584694862365722656e+01
1.721953582763671875e+01
1.587902832031250000e+01
1.684708404541015625e+01
1.469883346557617188e+01
1.671895027160644531e+01
1.545110702514648438e+01
1.290011978149414062e+01
9.799393653869628906e+00
1.284655570983886719e+01
8.787906646728515625e+00
9.598674774169921875e+00
1.138984680175781250e+01
8.435528755187988281e+00
9.343048095703125000e+00
1.034976863861083984e+01
8.964209556579589844e+00
9.602766036987304688e+00
9.903215408325195312e+00
9.721397399902343750e+00
8.686328887939453125e+00
8.782910346984863281e+00
8.634853363037109375e+00
8.336160659790039062e+00
8.369361877441406250e+00
7.720941066741943359e+00
7.987584114074707031e+00
7.810604095458984375e+00
8.792010307312011719e+00
7.095592498779296875e+00
8.000574111938476562e+00
9.004615783691406250e+00
9.094104766845703125e+00
8.380506515502929688e+00
8.574558258056640625e+00
7.766491413116455078e+00
7.459597110748291016e+00
7.917858600616455078e+00
7.515174388885498047e+00
7.483607769012451172e+00
7.413439273834228516e+00
7.469121456146240234e+00
7.797267436981201172e+00
7.341990947723388672e+00
7.446050167083740234e+00
6.690709590911865234e+00
6.905832767486572266e+00
6.692179203033447266e+00
5.985806465148925781e+00
6.154901027679443359e+00
5.603428840637207031e+00
6.208937168121337891e+00
5.705954074859619141e+00
5.802289485931396484e+00
5.348172664642333984e+00
5.198786735534667969e+00
5.699424743652343750e+00
5.850701332092285156e+00
7.167349338531494141e+00
6.473321437835693359e+00
8.085886955261230469e+00
5.716817378997802734e+00
5.650475025177001953e+00
6.182534694671630859e+00
5.269033432006835938e+00
5.258368968963623047e+00
6.196425914764404297e+00
9.323116302490234375e+00
9.019281387329101562e+00
8.137547492980957031e+00
9.572013854980468750e+00
8.687499046325683594e+00
5.772967338562011719e+00
6.256808757781982422e+00
7.039175987243652344e+00
7.134028911590576172e+00
6.866254329681396484e+00
7.092279911041259766e+00
6.575281620025634766e+00
7.401669979095458984e+00
5.926204204559326172e+00
6.431635856628417969e+00
5.156749248504638672e+00
5.917939186096191406e+00
6.132579326629638672e+00
6.116467952728271484e+00
5.194665431976318359e+00
5.475750923156738281e+00
5.099359035491943359e+00
5.398563385009765625e+00
5.668087482452392578e+00
5.769541263580322266e+00
6.307313442230224609e+00
5.618225574493408203e+00
5.383538722991943359e+00
5.108561992645263672e+00
6.597388267517089844e+00
6.458873748779296875e+00
6.142002105712890625e+00
8.953722953796386719e+00
6.522078514099121094e+00
9.647568702697753906e+00
5.708331584930419922e+00
5.538388729095458984e+00
6.058887958526611328e+00
5.480374813079833984e+00
6.442404270172119141e+00
5.806104183197021484e+00
7.248020172119140625e+00
7.024491786956787109e+00
6.225554943084716797e+00
7.051979541778564453e+00
6.943218708038330078e+00
7.267729282379150391e+00
8.452167510986328125e+00
7.496637344360351562e+00
6.814432144165039062e+00
6.616515636444091797e+00
6.236364364624023438e+00
6.290274143218994141e+00
5.669694900512695312e+00
6.450969219207763672e+00
6.981079578399658203e+00
6.541632652282714844e+00
7.729004383087158203e+00
6.467354774475097656e+00
6.977931976318359375e+00
6.239662170410156250e+00
6.203693866729736328e+00
6.224055767059326172e+00
6.451263904571533203e+00
6.923798084259033203e+00
7.589778423309326172e+00
7.302270412445068359e+00
7.109857082366943359e+00
7.920061588287353516e+00
6.869702339172363281e+00
6.255093097686767578e+00
5.725223064422607422e+00
7.104504585266113281e+00
6.284804344177246094e+00
7.115458488464355469e+00
7.311298847198486328e+00
6.853185653686523438e+00
7.098428249359130859e+00
6.291607379913330078e+00
4.867488384246826172e+00
5.056438446044921875e+00
4.670488357543945312e+00
4.429774761199951172e+00
6.485168933868408203e+00
5.550884723663330078e+00
7.374291896820068359e+00
6.523872375488281250e+00
6.839816570281982422e+00
6.636098861694335938e+00
6.618151187896728516e+00
7.093988895416259766e+00
6.369152545928955078e+00
5.941029548645019531e+00
6.149159908294677734e+00
5.286846637725830078e+00
5.576039791107177734e+00
6.237965583801269531e+00
6.124243736267089844e+00
5.688970565795898438e+00
4.604082584381103516e+00
6.105383396148681641e+00
4.151092529296875000e+00
6.038719177246093750e+00
6.257533550262451172e+00
3.904245853424072266e+00
4.697761535644531250e+00
4.544875621795654297e+00
5.232657432556152344e+00
4.286205768585205078e+00
6.007386684417724609e+00
8.891307830810546875e+00
7.429171562194824219e+00
6.842045307159423828e+00
5.291049003601074219e+00
5.507138252258300781e+00
6.441801548004150391e+00
7.355628967285156250e+00
1.196563625335693359e+01
1.430370521545410156e+01
1.486445236206054688e+01
6.247768878936767578e+00
8.317923545837402344e+00
5.792443275451660156e+00
5.836760997772216797e+00
5.540036678314208984e+00
5.214592456817626953e+00
2.594043254852294922e+00
2.675590038299560547e+00
2.863583087921142578e+00
3.934263229370117188e+00
3.349774837493896484e+00
4.815788745880126953e+00
2.890612363815307617e+00
2.691303968429565430e+00
3.787781000137329102e+00
2.485100746154785156e+00
3.188997030258178711e+00
3.400403738021850586e+00
2.321189880371093750e+00
2.422462463378906250e+00
2.207819223403930664e+00
2.345236778259277344e+00
1.158871293067932129e+00
1.618494391441345215e+00
2.296802759170532227e+00
7.929436564445495605e-01
1.482400417327880859e+00
4.486643970012664795e-01
-1.230028271675109863e+00
-3.420650064945220947e-01
1.138170957565307617e+00
3.622236728668212891e+00
3.954030990600585938e+00
2.012743055820465088e-01
2.976426184177398682e-01
4.955326318740844727e-01
1.156320095062255859e+00
1.281148433685302734e+00
7.306922078132629395e-01
1.303865194320678711e+00
9.655364155769348145e-01
1.570654749870300293e+00
7.383511960506439209e-02
5.113406777381896973e-01
-4.100241959095001221e-01
-5.836281180381774902e-01
9.794446945190429688e+00
9.343186020851135254e-01
8.087000250816345215e-01
-2.184486389160156250e-01
3.198566913604736328e+00
2.142676115036010742e+00
4.697723388671875000e-01
5.330477356910705566e-01
-2.822378873825073242e+00
-2.791353225708007812e+00
-2.892803430557250977e+00
-3.447914600372314453e+00
-4.156672954559326172e+00
-5.766224861145019531e+00
-1.417110681533813477e+00
-3.880837678909301758e+00
-2.257849693298339844e+00
-9.256021380424499512e-01
-2.117955207824707031e+00
-1.621454358100891113e+00
-6.190872788429260254e-01
3.294149041175842285e-01
-5.441539287567138672e-01
2.165050506591796875e-01
9.785237908363342285e-01
9.944457411766052246e-01
1.142492651939392090e+00
1.489093303680419922e+00
1.248993635177612305e+00
1.249651193618774414e+00
1.763461709022521973e+00
3.402038097381591797e+00
8.514116406440734863e-01
7.679998874664306641e-01
1.313181161880493164e+00
3.398195028305053711e+00
3.975510120391845703e+00
3.302809953689575195e+00
1.710424542427062988e+00
3.541332244873046875e+00
5.955662250518798828e+00
3.475348234176635742e+00
5.627800464630126953e+00
4.646348476409912109e+00
3.633900642395019531e+00
6.567959308624267578e+00
8.408349990844726562e+00
6.989688873291015625e+00
5.384345531463623047e+00
6.730726242065429688e+00
7.200321197509765625e+00
6.706871032714843750e+00
6.808459281921386719e+00
8.775052070617675781e+00
9.355275154113769531e+00
1.007937431335449219e+01
9.086280822753906250e+00
9.304335594177246094e+00
1.074145698547363281e+01
1.133498287200927734e+01
1.242166519165039062e+01
1.146323490142822266e+01
6.977919101715087891e+00
1.212825870513916016e+01
4.386647701263427734e+00
6.387887001037597656e+00
7.289446830749511719e+00
7.643230915069580078e+00
1.395680665969848633e+00
2.969984292984008789e+00
2.041423320770263672e+00
1.873874187469482422e+00
8.960273861885070801e-01
3.653274536132812500e+00
3.996902704238891602e+00
2.276782751083374023e+00
3.735573291778564453e+00
4.017877578735351562e+00
2.461275815963745117e+00
1.396489024162292480e+00
1.495310664176940918e+00
1.101493120193481445e+00
9.608461260795593262e-01
8.770324587821960449e-01
1.346714973449707031e+00
3.348814010620117188e+00
2.177074670791625977e+00
1.671622753143310547e+00
1.224359154701232910e+00
8.537874817848205566e-01
1.101992130279541016e+00
1.229155540466308594e+00
2.065223217010498047e+00
1.125381827354431152e+00
1.510878324508666992e+00
1.159063935279846191e+00
7.122943997383117676e-01
1.143720149993896484e+00
1.758962750434875488e+00
2.782360076904296875e+00
3.396832942962646484e+00
3.616863727569580078e+00
3.212539196014404297e+00
3.330873966217041016e+00
2.737534523010253906e+00
1.736158609390258789e+00
6.502364277839660645e-01
1.247599959373474121e+00
7.568155229091644287e-02
8.657906651496887207e-01
7.241420447826385498e-02
5.283181667327880859e-01
2.675170898437500000e-01
6.287671923637390137e-01
2.024729728698730469e+00
2.730117797851562500e+00
2.489032745361328125e+00
1.852226972579956055e+00
8.274521231651306152e-01
1.649694561958312988e+00
7.535293102264404297e-01
6.166020035743713379e-01
9.058158397674560547e-01
2.482995092868804932e-01
1.297297701239585876e-02
7.615986466407775879e-01
2.617412805557250977e-01
4.828946590423583984e-01
2.647016644477844238e-01
2.609666585922241211e-01
3.027513027191162109e-01
4.395663440227508545e-01
1.436514556407928467e-01
2.363071739673614502e-01
5.308092236518859863e-01
4.897435605525970459e-01
3.452679216861724854e-01
3.739118278026580811e-01
1.072590827941894531e+00
4.481647014617919922e-01
4.398028850555419922e-01
5.279934406280517578e-01
9.230629801750183105e-01
8.967375755310058594e-01
7.758647203445434570e-01
4.472773373126983643e-01
1.153239309787750244e-01
1.256619453430175781e+00
1.050640940666198730e+00
2.333051204681396484e+00
2.341353416442871094e+00
2.618587970733642578e+00
2.486598491668701172e+00
3.352914810180664062e+00
4.802678585052490234e+00
8.198852539062500000e+00
9.199073791503906250e+00
9.718883514404296875e+00
8.410424232482910156e+00
6.627429485321044922e+00
8.481838226318359375e+00
3.128367662429809570e+00
2.678158283233642578e+00
5.539163589477539062e+00
3.421211719512939453e+00
7.993980884552001953e+00
1.295764160156250000e+01
1.563196468353271484e+01
1.288736534118652344e+01
1.641023635864257812e+01
6.869146347045898438e+00
1.829848885536193848e+00
5.608708381652832031e+00
5.233884334564208984e+00
1.524323463439941406e+01
2.164253425598144531e+01
1.647400665283203125e+01
1.971488571166992188e+01
2.029709243774414062e+01
1.135147476196289062e+01
1.380405044555664062e+01
1.712279510498046875e+01
1.279020309448242188e+01
1.921337127685546875e+01
8.578129768371582031e+00
1.716801261901855469e+01
1.489584541320800781e+01
1.235681915283203125e+01
1.354622459411621094e+01
1.247287178039550781e+01
1.147735118865966797e+01
1.196161270141601562e+01
1.044390201568603516e+01
1.201140022277832031e+01
1.237996673583984375e+01
1.208563518524169922e+01
1.398645591735839844e+01
1.420073604583740234e+01
1.475222587585449219e+01
1.660288238525390625e+01
1.672221183776855469e+01
1.590798664093017578e+01
1.637882995605468750e+01
1.850201416015625000e+01
1.982205772399902344e+01
1.933373641967773438e+01
1.811711502075195312e+01
1.590240287780761719e+01
1.815310478210449219e+01
2.073630714416503906e+01
1.653311347961425781e+01
1.525637054443359375e+01
1.217568778991699219e+01
1.181725215911865234e+01
1.423121356964111328e+01
1.767529487609863281e+01
2.129037857055664062e+01
1.809152603149414062e+01
1.747534370422363281e+01
1.573711395263671875e+01
6.047833442687988281e+00
7.826669692993164062e+00
8.952857971191406250e+00
7.120898723602294922e+00
9.339826583862304688e+00
1.482460021972656250e+01
1.786333847045898438e+01
1.917995452880859375e+01
1.451245307922363281e+01
1.607764053344726562e+01
1.986888122558593750e+01
1.781250381469726562e+01
2.336162567138671875e+01
1.534999656677246094e+01
1.412412071228027344e+01
1.272466850280761719e+01
1.186065387725830078e+01
1.058646297454833984e+01
9.311955451965332031e+00
9.648318290710449219e+00
5.605306625366210938e+00
2.770336627960205078e+00
2.001777172088623047e+00
7.449933528900146484e+00
8.914621353149414062e+00
1.277435302734375000e+01
1.839433288574218750e+01
2.348150634765625000e+01
2.448093605041503906e+01
2.128640365600585938e+01
1.303799247741699219e+01
1.179334831237792969e+01
8.340912818908691406e+00
9.218364715576171875e+00
1.562420845031738281e+01
1.334413814544677734e+01
1.591343784332275391e+01
2.277728652954101562e+01
2.248360252380371094e+01
1.918765258789062500e+01
1.676385879516601562e+01
1.357266998291015625e+01
1.376329803466796875e+01
1.413700389862060547e+01
1.422713184356689453e+01
1.220694065093994141e+01
1.036281299591064453e+01
8.180770874023437500e+00
8.873309135437011719e+00
5.924418926239013672e+00
7.402083873748779297e+00
5.630246162414550781e+00
5.983035087585449219e+00
7.662531375885009766e+00
5.519649028778076172e+00
5.992565631866455078e+00
6.568710803985595703e+00
7.737293720245361328e+00
8.312037467956542969e+00
8.055887222290039062e+00
8.794048309326171875e+00
8.523588180541992188e+00
7.232419490814208984e+00
1.356608867645263672e+01
1.193512821197509766e+01
1.177697467803955078e+01
1.026322937011718750e+01
1.199566555023193359e+01
1.059153938293457031e+01
1.046674060821533203e+01
1.265904045104980469e+01
1.375753402709960938e+01
1.176780700683593750e+01
9.745996475219726562e+00
1.142182159423828125e+01
1.091429519653320312e+01
1.142040252685546875e+01
1.153316497802734375e+01
9.702331542968750000e+00
1.050761508941650391e+01
1.055654716491699219e+01
1.314421844482421875e+01
1.425111007690429688e+01
1.511522865295410156e+01
1.341590499877929688e+01
1.195681381225585938e+01
1.150430583953857422e+01
1.212407684326171875e+01
1.250784015655517578e+01
1.215155124664306641e+01
1.286486148834228516e+01
1.262633705139160156e+01
1.040394878387451172e+01
1.184282493591308594e+01
1.046772956848144531e+01
9.288681030273437500e+00
8.749963760375976562e+00
9.495250701904296875e+00
9.161369323730468750e+00
7.800078868865966797e+00
8.532660484313964844e+00
7.530414581298828125e+00
6.332752704620361328e+00
7.631955623626708984e+00
9.651342391967773438e+00
9.948849678039550781e+00
1.159805488586425781e+01
1.164742279052734375e+01
1.215240287780761719e+01
1.301762676239013672e+01
1.322099685668945312e+01
1.203136825561523438e+01
1.170398616790771484e+01
1.212770462036132812e+01
1.187495517730712891e+01
8.275272369384765625e+00
1.003150081634521484e+01
1.118463993072509766e+01
9.812235832214355469e+00
1.041371250152587891e+01
1.076009750366210938e+01
1.075044059753417969e+01
9.821398735046386719e+00
9.638303756713867188e+00
1.073504257202148438e+01
1.013289546966552734e+01
1.059238052368164062e+01
1.006496143341064453e+01
9.977865219116210938e+00
1.006018257141113281e+01
1.061656951904296875e+01
1.086435890197753906e+01
1.026006889343261719e+01
1.103426074981689453e+01
9.660360336303710938e+00
1.168852043151855469e+01
9.476555824279785156e+00
9.369333267211914062e+00
9.992328643798828125e+00
1.006085300445556641e+01
1.019419097900390625e+01
8.401517868041992188e+00
9.300765037536621094e+00
7.694221019744873047e+00
9.245864868164062500e+00
1.072478103637695312e+01
7.954327106475830078e+00
1.009493064880371094e+01
1.040641021728515625e+01
1.099849128723144531e+01
1.055050659179687500e+01
1.082976818084716797e+01
9.969678878784179688e+00
8.878510475158691406e+00
1.009889698028564453e+01
8.669006347656250000e+00
8.643836975097656250e+00
9.288369178771972656e+00
6.797100543975830078e+00
8.284402847290039062e+00
7.758871078491210938e+00
7.247084617614746094e+00
7.856436252593994141e+00
8.640130043029785156e+00
8.920010566711425781e+00
9.953658103942871094e+00
1.008898925781250000e+01
1.069643211364746094e+01
1.088128280639648438e+01
1.060404777526855469e+01
9.039395332336425781e+00
8.057188034057617188e+00
8.082514762878417969e+00
8.598099708557128906e+00
9.499040603637695312e+00
9.063428878784179688e+00
8.309509277343750000e+00
8.961558341979980469e+00
8.673933982849121094e+00
9.573686599731445312e+00
8.642152786254882812e+00
7.792900085449218750e+00
8.303976058959960938e+00
7.961219787597656250e+00
8.117988586425781250e+00
8.002248764038085938e+00
7.618712902069091797e+00
7.564676761627197266e+00
8.830484390258789062e+00
7.617132186889648438e+00
7.400595188140869141e+00
8.431406021118164062e+00
7.012181282043457031e+00
6.660492420196533203e+00
7.641802310943603516e+00
7.634027004241943359e+00
5.951896190643310547e+00
5.987039089202880859e+00
6.131886005401611328e+00
5.939619541168212891e+00
5.443208217620849609e+00
5.766988277435302734e+00
6.762092113494873047e+00
6.696301460266113281e+00
7.084852218627929688e+00
8.041368484497070312e+00
8.336662292480468750e+00
7.623926639556884766e+00
7.645664215087890625e+00
8.769941329956054688e+00
9.475519180297851562e+00
9.960178375244140625e+00
9.822458267211914062e+00
9.494962692260742188e+00
1.013185501098632812e+01
8.928099632263183594e+00
7.507735729217529297e+00
8.118497848510742188e+00
6.394149780273437500e+00
6.700612068176269531e+00
6.552850246429443359e+00
6.022324085235595703e+00
7.715340137481689453e+00
7.218968868255615234e+00
9.367744445800781250e+00
7.983727931976318359e+00
6.287091732025146484e+00
8.289414405822753906e+00
1.040781784057617188e+01
8.647057533264160156e+00
7.051874160766601562e+00
6.806676387786865234e+00
1.128005695343017578e+01
1.024906158447265625e+01
8.027292251586914062e+00
7.970745563507080078e+00
9.350330352783203125e+00
8.973399162292480469e+00
9.020462036132812500e+00
7.524017810821533203e+00
7.326573848724365234e+00
8.665835380554199219e+00
6.901601791381835938e+00
5.548458576202392578e+00
6.696850299835205078e+00
6.359686374664306641e+00
6.577352046966552734e+00
6.563945293426513672e+00
5.836909770965576172e+00
6.799625873565673828e+00
7.684597015380859375e+00
6.637733936309814453e+00
6.889913082122802734e+00
6.939765453338623047e+00
6.616177558898925781e+00
6.006859779357910156e+00
7.017463684082031250e+00
7.720098018646240234e+00
7.530627727508544922e+00
8.043901443481445312e+00
7.690450191497802734e+00
7.507683753967285156e+00
6.939948081970214844e+00
6.485603332519531250e+00
6.859758377075195312e+00
8.012394905090332031e+00
7.356717586517333984e+00
7.062093257904052734e+00
6.578617095947265625e+00
7.488205432891845703e+00
8.601058959960937500e+00
7.288841724395751953e+00
7.302330970764160156e+00
7.232126712799072266e+00
7.879511356353759766e+00
8.088972091674804688e+00
8.630249977111816406e+00
7.670323848724365234e+00
8.745929718017578125e+00
1.047668457031250000e+01
7.118927478790283203e+00
7.603731632232666016e+00
8.568345069885253906e+00
8.476498603820800781e+00
6.549299240112304688e+00
6.859470367431640625e+00
7.141289710998535156e+00
7.092826366424560547e+00
7.317618370056152344e+00
6.616234302520751953e+00
6.431071281433105469e+00
7.537264347076416016e+00
7.438739776611328125e+00
6.463555335998535156e+00
7.365284442901611328e+00
8.236148834228515625e+00
1.050955295562744141e+01
7.272723674774169922e+00
1.035048675537109375e+01
9.237049102783203125e+00
1.216611862182617188e+01
1.029586124420166016e+01
1.371996021270751953e+01
1.338234710693359375e+01
1.418349933624267578e+01
1.225070667266845703e+01
1.112257099151611328e+01
1.044862842559814453e+01
1.069103527069091797e+01
8.268714904785156250e+00
8.059787750244140625e+00
9.529289245605468750e+00
9.387140274047851562e+00
9.178319931030273438e+00
9.311264991760253906e+00
8.844405174255371094e+00
1.044416999816894531e+01
1.059807777404785156e+01
1.099463462829589844e+01
1.211718082427978516e+01
1.262654972076416016e+01
1.184603500366210938e+01
1.147653770446777344e+01
1.615484237670898438e+01
1.987850952148437500e+01
1.485927200317382812e+01
1.602187919616699219e+01
1.487770366668701172e+01
1.057470130920410156e+01
1.041246604919433594e+01
1.010239601135253906e+01
1.588724899291992188e+01
1.880335235595703125e+01
1.677589035034179688e+01
1.430541515350341797e+01
1.303467559814453125e+01
1.177492904663085938e+01
1.107322692871093750e+01
1.290800476074218750e+01
1.368417358398437500e+01
1.385397815704345703e+01
1.218284225463867188e+01
1.213304710388183594e+01
1.144620990753173828e+01
1.348137760162353516e+01
1.079356956481933594e+01
1.026413726806640625e+01
1.045920181274414062e+01
9.596604347229003906e+00
5.038700580596923828e+00
4.013929367065429688e+00
3.820453166961669922e+00
4.165123939514160156e+00
4.908098220825195312e+00
3.563840150833129883e+00
5.208520889282226562e+00
4.322515010833740234e+00
5.022094249725341797e+00
5.761343002319335938e+00
1.340335130691528320e+00
4.769147396087646484e+00
4.629148006439208984e+00
6.447473049163818359e+00
8.133969306945800781e+00
1.002123737335205078e+01
1.257718181610107422e+01
1.484500503540039062e+01
1.560589408874511719e+01
1.465744304656982422e+01
1.421215438842773438e+01
1.711473655700683594e+01
1.558784484863281250e+01
1.475485038757324219e+01
1.359382534027099609e+01
1.397180938720703125e+01
1.309118843078613281e+01
1.334699058532714844e+01
1.319334506988525391e+01
1.474234867095947266e+01
1.545463657379150391e+01
9.540267944335937500e+00
1.222860145568847656e+01
1.670221710205078125e+01
1.682627105712890625e+01
1.570629882812500000e+01
1.574300575256347656e+01
1.533591461181640625e+01
1.356027889251708984e+01
1.797545242309570312e+01
1.808734893798828125e+01
1.611415100097656250e+01
1.541309547424316406e+01
1.172100448608398438e+01
9.993886947631835938e+00
9.550920486450195312e+00
1.280914306640625000e+01
1.501304340362548828e+01
1.547106838226318359e+01
1.391777229309082031e+01
1.288158798217773438e+01
9.955768585205078125e+00
1.186475753784179688e+01
1.113942337036132812e+01
8.224562644958496094e+00
1.056409263610839844e+01
1.249721908569335938e+01
1.097011756896972656e+01
1.074444484710693359e+01
9.036209106445312500e+00
1.066003131866455078e+01
8.653486251831054688e+00
1.207391357421875000e+01
1.106062126159667969e+01
9.213193893432617188e+00
1.076718521118164062e+01
1.050389289855957031e+01
8.949157714843750000e+00
9.889410018920898438e+00
1.014769935607910156e+01
1.141243076324462891e+01
1.292131042480468750e+01
9.039358139038085938e+00
1.111294174194335938e+01
1.098010730743408203e+01
1.112777328491210938e+01
1.021647930145263672e+01
1.182520675659179688e+01
9.470765113830566406e+00
9.599055290222167969e+00
9.279546737670898438e+00
9.494869232177734375e+00
7.802363872528076172e+00
8.664628028869628906e+00
6.706186771392822266e+00
1.041426086425781250e+01
7.801102638244628906e+00
8.514787673950195312e+00
9.874273300170898438e+00
1.018717765808105469e+01
9.595651626586914062e+00
9.366597175598144531e+00
1.019268321990966797e+01
8.423734664916992188e+00
8.999591827392578125e+00
8.582006454467773438e+00
8.781141281127929688e+00
1.150863838195800781e+01
8.476068496704101562e+00
1.060311794281005859e+01
8.313592910766601562e+00
7.398873805999755859e+00
8.095400810241699219e+00
7.433866977691650391e+00
7.234607696533203125e+00
7.916485309600830078e+00
6.287945270538330078e+00
6.786014556884765625e+00
8.190475463867187500e+00
7.182229042053222656e+00
7.837637424468994141e+00
7.545239448547363281e+00
5.691924571990966797e+00
6.667405605316162109e+00
7.199034214019775391e+00
7.187112808227539062e+00
6.065114498138427734e+00
5.319576740264892578e+00
6.800245761871337891e+00
7.031063556671142578e+00
7.255564212799072266e+00
6.058381080627441406e+00
6.641468524932861328e+00
5.842395305633544922e+00
5.974704742431640625e+00
6.345990180969238281e+00
6.510164737701416016e+00
4.788339138031005859e+00
6.066251754760742188e+00
4.286708354949951172e+00
4.911664962768554688e+00
3.851785659790039062e+00
4.748598098754882812e+00
4.478075027465820312e+00
4.906738758087158203e+00
5.370711803436279297e+00
4.816483497619628906e+00
4.228353023529052734e+00
4.761718750000000000e+00
5.366364002227783203e+00
4.140664577484130859e+00
4.404178142547607422e+00
3.934745788574218750e+00
3.522958278656005859e+00
4.211860656738281250e+00
3.877661943435668945e+00
3.864891290664672852e+00
3.654763221740722656e+00
3.103021383285522461e+00
6.595539093017578125e+00
3.223489284515380859e+00
4.666381359100341797e+00
3.439210653305053711e+00
2.339966535568237305e+00
4.089443683624267578e+00
4.052305698394775391e+00
3.211556434631347656e+00
1.693175435066223145e+00
3.119355916976928711e+00
2.437453985214233398e+00
2.163490295410156250e+00
3.706280946731567383e+00
6.502945423126220703e+00
2.995998382568359375e+00
3.189105987548828125e+00
5.504619121551513672e+00
3.365910530090332031e+00
2.669264793395996094e+00
3.102877616882324219e+00
4.484247207641601562e+00
2.515315532684326172e+00
3.154163122177124023e+00
4.355684280395507812e+00
1.584040641784667969e+01
7.601437091827392578e+00
3.335506439208984375e+00
8.202432632446289062e+00
5.384729862213134766e+00
7.796694278717041016e+00
6.816237926483154297e+00
6.706241130828857422e+00
1.627915573120117188e+01
1.005628204345703125e+01
1.536676979064941406e+01
1.541980171203613281e+01
1.269787025451660156e+01
1.401011276245117188e+01
1.254323196411132812e+01
1.551202297210693359e+01
1.447129058837890625e+01
1.529999923706054688e+01
1.248055076599121094e+01
1.387071228027343750e+01
1.539755249023437500e+01
1.401105117797851562e+01
1.148708629608154297e+01
1.112306022644042969e+01
1.125621414184570312e+01
1.206321907043457031e+01
8.273062705993652344e+00
5.804990291595458984e+00
7.445572376251220703e+00
7.706350326538085938e+00
6.831628799438476562e+00
6.111076831817626953e+00
8.230043411254882812e+00
8.845958709716796875e+00
7.152025699615478516e+00
9.808768272399902344e+00
9.408951759338378906e+00
9.208637237548828125e+00
9.373376846313476562e+00
1.068245506286621094e+01
9.680859565734863281e+00
9.283002853393554688e+00
9.480715751647949219e+00
8.412355422973632812e+00
8.260101318359375000e+00
7.766797542572021484e+00
7.882557392120361328e+00
6.930757045745849609e+00
6.184381008148193359e+00
7.532795429229736328e+00
6.899982929229736328e+00
7.069608211517333984e+00
6.557586193084716797e+00
5.557830333709716797e+00
6.313786983489990234e+00
5.797639369964599609e+00
5.219650745391845703e+00
5.616394519805908203e+00
4.426142215728759766e+00
4.685197830200195312e+00
5.174430370330810547e+00
4.308975219726562500e+00
3.641949176788330078e+00
4.195481777191162109e+00
3.982616424560546875e+00
4.108444690704345703e+00
3.557457447052001953e+00
4.094761371612548828e+00
4.016478538513183594e+00
3.359743833541870117e+00
3.979651212692260742e+00
2.627518653869628906e+00
3.000233173370361328e+00
3.602572917938232422e+00
2.788203954696655273e+00
3.013121604919433594e+00
2.797083377838134766e+00
2.855624675750732422e+00
3.117864131927490234e+00
3.462545871734619141e+00
3.743028879165649414e+00
3.046087741851806641e+00
3.791709899902343750e+00
4.125383377075195312e+00
5.026656150817871094e+00
7.121780395507812500e+00
7.896832466125488281e+00
9.137511253356933594e+00
8.506632804870605469e+00
9.471490859985351562e+00
9.054802894592285156e+00
1.388608932495117188e+01
1.916716003417968750e+01
1.885874176025390625e+01
1.544854545593261719e+01
1.414479541778564453e+01
1.280910873413085938e+01
1.128818130493164062e+01
1.120387935638427734e+01
1.062622261047363281e+01
6.552109718322753906e+00
7.604685306549072266e+00
1.370290088653564453e+01
1.664143371582031250e+01
1.627725219726562500e+01
1.536777687072753906e+01
1.036811828613281250e+01
1.400706768035888672e+01
1.576219749450683594e+01
1.566451358795166016e+01
1.439506626129150391e+01
1.360075950622558594e+01
1.461649036407470703e+01
1.065929508209228516e+01
7.872074604034423828e+00
1.154418849945068359e+01
1.002629375457763672e+01
1.303650379180908203e+01
1.424330329895019531e+01
1.235439395904541016e+01
1.229379463195800781e+01
1.050940418243408203e+01
1.057844638824462891e+01
1.310044384002685547e+01
1.194714927673339844e+01
1.162954235076904297e+01
1.391197967529296875e+01
1.294547271728515625e+01
1.198622322082519531e+01
1.328008270263671875e+01
1.283634567260742188e+01
1.360889053344726562e+01
1.494495964050292969e+01
1.159216690063476562e+01
9.893835067749023438e+00
9.564596176147460938e+00
1.117693996429443359e+01
1.566953945159912109e+01
1.640905761718750000e+01
1.505445575714111328e+01
1.626091194152832031e+01
1.732153701782226562e+01
1.615906333923339844e+01
1.694728469848632812e+01
1.261968326568603516e+01
1.101555919647216797e+01
1.267974281311035156e+01
1.340856838226318359e+01
1.274938011169433594e+01
1.410042667388916016e+01
1.194005870819091797e+01
1.164295291900634766e+01
1.072299480438232422e+01
1.098144912719726562e+01
9.281812667846679688e+00
9.757761001586914062e+00
9.808398246765136719e+00
1.123198318481445312e+01
9.572183609008789062e+00
1.002423191070556641e+01
1.012385559082031250e+01
8.984432220458984375e+00
9.555478096008300781e+00
7.883718013763427734e+00
8.386577606201171875e+00
7.608544826507568359e+00
7.234810352325439453e+00
7.095824718475341797e+00
6.745623111724853516e+00
6.789375782012939453e+00
7.298642158508300781e+00
7.377871990203857422e+00
8.702167510986328125e+00
7.249369621276855469e+00
7.402228832244873047e+00
7.161109447479248047e+00
7.477331161499023438e+00
7.053103923797607422e+00
6.615062236785888672e+00
5.894456386566162109e+00
7.108747959136962891e+00
6.459343433380126953e+00
7.873653888702392578e+00
8.337102890014648438e+00
8.558168411254882812e+00
9.819530487060546875e+00
8.649063110351562500e+00
8.576425552368164062e+00
8.636186599731445312e+00
8.206622123718261719e+00
7.535151958465576172e+00
6.660344123840332031e+00
6.361709117889404297e+00
7.178658962249755859e+00
6.560040950775146484e+00
6.170798301696777344e+00
6.552235126495361328e+00
6.180694103240966797e+00
6.454098224639892578e+00
6.356165409088134766e+00
5.520519256591796875e+00
5.188445568084716797e+00
6.296082973480224609e+00
5.826549053192138672e+00
5.714858531951904297e+00
5.793846607208251953e+00
7.994435787200927734e+00
7.307714939117431641e+00
6.771321773529052734e+00
7.702243328094482422e+00
6.697484493255615234e+00
5.581688404083251953e+00
6.931474208831787109e+00
5.636746406555175781e+00
6.619547367095947266e+00
5.509097576141357422e+00
6.177082538604736328e+00
8.451815605163574219e+00
8.367707252502441406e+00
8.066484451293945312e+00
8.318597793579101562e+00
6.477870941162109375e+00
7.409631729125976562e+00
8.642228126525878906e+00
9.465999603271484375e+00
1.084639549255371094e+01
8.454022407531738281e+00
6.754371166229248047e+00
8.128019332885742188e+00
6.720205307006835938e+00
7.299667835235595703e+00
7.525063991546630859e+00
7.428397178649902344e+00
8.070311546325683594e+00
7.559465885162353516e+00
7.774854183197021484e+00
8.010786056518554688e+00
7.203003406524658203e+00
9.063177108764648438e+00
4.477809906005859375e+00
8.347286224365234375e+00
6.623288631439208984e+00
5.334682941436767578e+00
9.848552703857421875e+00
9.301640510559082031e+00
1.005548858642578125e+01
6.247986316680908203e+00
1.059196472167968750e+01
1.063159275054931641e+01
8.636628150939941406e+00
6.932332515716552734e+00
6.218830585479736328e+00
6.402217388153076172e+00
7.637878894805908203e+00
9.053056716918945312e+00
8.632556915283203125e+00
9.675817489624023438e+00
9.408042907714843750e+00
9.889474868774414062e+00
6.132261753082275391e+00
1.073759651184082031e+01
8.961853027343750000e+00
1.092790317535400391e+01
7.540820598602294922e+00
1.036693572998046875e+01
8.756355285644531250e+00
1.146095275878906250e+01
9.175718307495117188e+00
9.081203460693359375e+00
1.035178089141845703e+01
8.988533973693847656e+00
9.241515159606933594e+00
8.661856651306152344e+00
7.022421360015869141e+00
5.250660419464111328e+00
7.372792243957519531e+00
9.078829765319824219e+00
8.107060432434082031e+00
7.814217090606689453e+00
8.071101188659667969e+00
8.350937843322753906e+00
8.557623863220214844e+00
7.139461994171142578e+00
9.638733863830566406e+00
6.313644886016845703e+00
9.960355758666992188e+00
8.715583801269531250e+00
6.533885002136230469e+00
8.121038436889648438e+00
7.375433444976806641e+00
6.433901309967041016e+00
9.718002319335937500e+00
8.597454071044921875e+00
8.398469924926757812e+00
7.391675472259521484e+00
7.264431953430175781e+00
6.183001041412353516e+00
6.436866283416748047e+00
8.685379981994628906e+00
9.006806373596191406e+00
8.785074234008789062e+00
9.083872795104980469e+00
7.772912025451660156e+00
9.201825141906738281e+00
7.053187847137451172e+00
7.539425849914550781e+00
7.902681827545166016e+00
8.615665435791015625e+00
8.395697593688964844e+00
9.372679710388183594e+00
9.722800254821777344e+00
9.924584388732910156e+00
1.027358055114746094e+01
9.754806518554687500e+00
7.657938957214355469e+00
9.660181045532226562e+00
8.071770668029785156e+00
7.234942436218261719e+00
8.149940490722656250e+00
7.538319110870361328e+00
8.191926002502441406e+00
8.675477981567382812e+00
6.025961875915527344e+00
8.116782188415527344e+00
4.448916912078857422e+00
7.567761421203613281e+00
7.131979465484619141e+00
8.940401077270507812e+00
6.372406482696533203e+00
8.867429733276367188e+00
7.546835422515869141e+00
9.340743064880371094e+00
7.812219142913818359e+00
7.597549915313720703e+00
6.661047458648681641e+00
7.187870502471923828e+00
6.730920314788818359e+00
6.538085937500000000e+00
7.280920982360839844e+00
7.077759742736816406e+00
5.688944339752197266e+00
6.193207740783691406e+00
6.578598022460937500e+00
5.844446659088134766e+00
5.562891006469726562e+00
5.904784679412841797e+00
6.424802303314208984e+00
6.239068508148193359e+00
5.460247993469238281e+00
6.150294780731201172e+00
3.203928947448730469e+00
6.817832469940185547e+00
5.676680088043212891e+00
5.625182151794433594e+00
6.007878780364990234e+00
7.285502910614013672e+00
6.510300159454345703e+00
5.449029445648193359e+00
7.401638507843017578e+00
6.596771240234375000e+00
6.711785316467285156e+00
7.367537975311279297e+00
6.479804515838623047e+00
7.383535861968994141e+00
8.883741378784179688e+00
8.403022766113281250e+00
7.039270877838134766e+00
8.210210800170898438e+00
9.688152313232421875e+00
9.051358222961425781e+00
7.620651245117187500e+00
1.013727378845214844e+01
8.125357627868652344e+00
9.851282119750976562e+00
9.133435249328613281e+00
1.076700401306152344e+01
1.059732818603515625e+01
1.263687324523925781e+01
1.144448471069335938e+01
9.793589591979980469e+00
1.017338275909423828e+01
8.528265953063964844e+00
7.753976345062255859e+00
7.753976345062255859e+00
